Archive member included because of file (symbol)

C:\Users\britton.chesley\e2_studio\workspace\BLDC_Motor_Control\synergy\ssp\src\framework\el\tx\cm4_gcc\libtx.a(txe_event_flags_create.o)
                              ./synergy/ssp/src/framework/sf_uart_comms/sf_uart_comms.o (_txe_event_flags_create)
C:\Users\britton.chesley\e2_studio\workspace\BLDC_Motor_Control\synergy\ssp\src\framework\el\tx\cm4_gcc\libtx.a(txe_event_flags_delete.o)
                              ./synergy/ssp/src/framework/sf_uart_comms/sf_uart_comms.o (_txe_event_flags_delete)
C:\Users\britton.chesley\e2_studio\workspace\BLDC_Motor_Control\synergy\ssp\src\framework\el\tx\cm4_gcc\libtx.a(txe_event_flags_get.o)
                              ./synergy/ssp/src/framework/sf_uart_comms/sf_uart_comms.o (_txe_event_flags_get)
C:\Users\britton.chesley\e2_studio\workspace\BLDC_Motor_Control\synergy\ssp\src\framework\el\tx\cm4_gcc\libtx.a(txe_event_flags_set.o)
                              ./synergy/ssp/src/framework/sf_uart_comms/sf_uart_comms.o (_txe_event_flags_set)
C:\Users\britton.chesley\e2_studio\workspace\BLDC_Motor_Control\synergy\ssp\src\framework\el\tx\cm4_gcc\libtx.a(txe_mutex_create.o)
                              ./synergy/ssp/src/framework/sf_uart_comms/sf_uart_comms.o (_txe_mutex_create)
C:\Users\britton.chesley\e2_studio\workspace\BLDC_Motor_Control\synergy\ssp\src\framework\el\tx\cm4_gcc\libtx.a(txe_mutex_delete.o)
                              ./synergy/ssp/src/framework/sf_uart_comms/sf_uart_comms.o (_txe_mutex_delete)
C:\Users\britton.chesley\e2_studio\workspace\BLDC_Motor_Control\synergy\ssp\src\framework\el\tx\cm4_gcc\libtx.a(txe_mutex_get.o)
                              ./synergy/ssp/src/framework/sf_uart_comms/sf_uart_comms.o (_txe_mutex_get)
C:\Users\britton.chesley\e2_studio\workspace\BLDC_Motor_Control\synergy\ssp\src\framework\el\tx\cm4_gcc\libtx.a(txe_mutex_put.o)
                              ./synergy/ssp/src/framework/sf_uart_comms/sf_uart_comms.o (_txe_mutex_put)
C:\Users\britton.chesley\e2_studio\workspace\BLDC_Motor_Control\synergy\ssp\src\framework\el\tx\cm4_gcc\libtx.a(txe_queue_create.o)
                              ./synergy/ssp/src/framework/sf_uart_comms/sf_uart_comms.o (_txe_queue_create)
C:\Users\britton.chesley\e2_studio\workspace\BLDC_Motor_Control\synergy\ssp\src\framework\el\tx\cm4_gcc\libtx.a(txe_queue_delete.o)
                              ./synergy/ssp/src/framework/sf_uart_comms/sf_uart_comms.o (_txe_queue_delete)
C:\Users\britton.chesley\e2_studio\workspace\BLDC_Motor_Control\synergy\ssp\src\framework\el\tx\cm4_gcc\libtx.a(txe_queue_receive.o)
                              ./synergy/ssp/src/framework/sf_uart_comms/sf_uart_comms.o (_txe_queue_receive)
C:\Users\britton.chesley\e2_studio\workspace\BLDC_Motor_Control\synergy\ssp\src\framework\el\tx\cm4_gcc\libtx.a(txe_queue_send.o)
                              ./synergy/ssp/src/framework/sf_uart_comms/sf_uart_comms.o (_txe_queue_send)
C:\Users\britton.chesley\e2_studio\workspace\BLDC_Motor_Control\synergy\ssp\src\framework\el\tx\cm4_gcc\libtx.a(txe_semaphore_create.o)
                              ./src/synergy_gen/main.o (_txe_semaphore_create)
C:\Users\britton.chesley\e2_studio\workspace\BLDC_Motor_Control\synergy\ssp\src\framework\el\tx\cm4_gcc\libtx.a(txe_semaphore_get.o)
                              ./src/synergy_gen/main.o (_txe_semaphore_get)
C:\Users\britton.chesley\e2_studio\workspace\BLDC_Motor_Control\synergy\ssp\src\framework\el\tx\cm4_gcc\libtx.a(txe_semaphore_put.o)
                              ./src/synergy_gen/main.o (_txe_semaphore_put)
C:\Users\britton.chesley\e2_studio\workspace\BLDC_Motor_Control\synergy\ssp\src\framework\el\tx\cm4_gcc\libtx.a(txe_thread_create.o)
                              ./src/synergy_gen/motion_thread.o (_txe_thread_create)
C:\Users\britton.chesley\e2_studio\workspace\BLDC_Motor_Control\synergy\ssp\src\framework\el\tx\cm4_gcc\libtx.a(tx_event_flags_create.o)
                              C:\Users\britton.chesley\e2_studio\workspace\BLDC_Motor_Control\synergy\ssp\src\framework\el\tx\cm4_gcc\libtx.a(txe_event_flags_create.o) (_tx_event_flags_create)
C:\Users\britton.chesley\e2_studio\workspace\BLDC_Motor_Control\synergy\ssp\src\framework\el\tx\cm4_gcc\libtx.a(tx_event_flags_delete.o)
                              C:\Users\britton.chesley\e2_studio\workspace\BLDC_Motor_Control\synergy\ssp\src\framework\el\tx\cm4_gcc\libtx.a(txe_event_flags_delete.o) (_tx_event_flags_delete)
C:\Users\britton.chesley\e2_studio\workspace\BLDC_Motor_Control\synergy\ssp\src\framework\el\tx\cm4_gcc\libtx.a(tx_event_flags_get.o)
                              C:\Users\britton.chesley\e2_studio\workspace\BLDC_Motor_Control\synergy\ssp\src\framework\el\tx\cm4_gcc\libtx.a(txe_event_flags_get.o) (_tx_event_flags_get)
C:\Users\britton.chesley\e2_studio\workspace\BLDC_Motor_Control\synergy\ssp\src\framework\el\tx\cm4_gcc\libtx.a(tx_event_flags_set.o)
[...]
Memory Configuration

Name             Origin             Length             Attributes
FLASH            0x00000000         0x00080000         xr
RAM              0x1ffe0000         0x00040000         xrw
DATA_FLASH       0x40100000         0x00002000         xr
QSPI_FLASH       0x60000000         0x04000000         xr
ID_CODES         0x0100a150         0x00000010         xr
*default*        0x00000000         0xffffffff

Linker script and memory map

LOAD c:/renesas/synergy/e2studio_v6.2.0_ssp_v1.4.0/toolchains/gcc_arm/4.9_2015q3/bin/../lib/gcc/arm-none-eabi/4.9.3/armv7e-m/fpu/crti.o
LOAD c:/renesas/synergy/e2studio_v6.2.0_ssp_v1.4.0/toolchains/gcc_arm/4.9_2015q3/bin/../lib/gcc/arm-none-eabi/4.9.3/armv7e-m/fpu/crtbegin.o
LOAD c:/renesas/synergy/e2studio_v6.2.0_ssp_v1.4.0/toolchains/gcc_arm/4.9_2015q3/bin/../lib/gcc/arm-none-eabi/4.9.3/../../../../arm-none-eabi/lib/armv7e-m/fpu/rdimon-crt0.o
START GROUP
LOAD ./synergy/ssp/src/framework/sf_uart_comms/sf_uart_comms.o
LOAD ./synergy/ssp/src/framework/sf_motion/sf_motion.o
LOAD ./synergy/ssp/src/framework/sf_motion/sf_motion_vpg.o
LOAD ./synergy/ssp/src/driver/r_sci_uart/r_sci_uart.o
LOAD ./synergy/ssp/src/driver/r_ioport/r_ioport.o
LOAD ./synergy/ssp/src/driver/r_fmi/r_fmi.o
LOAD ./synergy/ssp/src/driver/r_encoder_gpt/r_encoder_gpt.o
LOAD ./synergy/ssp/src/driver/r_elc/r_elc.o
LOAD ./synergy/ssp/src/driver/r_dtc/r_dtc.o
LOAD ./synergy/ssp/src/driver/r_cgc/hw/hw_cgc.o
LOAD ./synergy/ssp/src/driver/r_cgc/r_cgc.o
LOAD ./synergy/ssp/src/driver/changed_src_files/r_motor.o
LOAD ./synergy/ssp/src/driver/changed_src_files/r_motor_bldc.o
LOAD ./synergy/ssp/src/bsp/mcu/s5d3/bsp_cache.o
LOAD ./synergy/ssp/src/bsp/mcu/s5d3/bsp_clocks.o
LOAD ./synergy/ssp/src/bsp/mcu/s5d3/bsp_feature.o
LOAD ./synergy/ssp/src/bsp/mcu/s5d3/bsp_fmi_R7FS5D37A3A01CFP.o
LOAD ./synergy/ssp/src/bsp/mcu/s5d3/bsp_group_irq.o
LOAD ./synergy/ssp/src/bsp/mcu/s5d3/bsp_hw_locks.o
LOAD ./synergy/ssp/src/bsp/mcu/s5d3/bsp_module_stop.o
LOAD ./synergy/ssp/src/bsp/mcu/s5d3/bsp_rom_registers.o
LOAD ./synergy/ssp/src/bsp/mcu/all/bsp_common.o
LOAD ./synergy/ssp/src/bsp/mcu/all/bsp_common_leds.o
LOAD ./synergy/ssp/src/bsp/mcu/all/bsp_delay.o
LOAD ./synergy/ssp/src/bsp/mcu/all/bsp_irq.o
LOAD ./synergy/ssp/src/bsp/mcu/all/bsp_locking.o
LOAD ./synergy/ssp/src/bsp/mcu/all/bsp_register_protection.o
LOAD ./synergy/ssp/src/bsp/mcu/all/bsp_sbrk.o
LOAD ./synergy/ssp/src/bsp/cmsis/Device/RENESAS/S5D3/Source/startup_S5D3.o
LOAD ./synergy/ssp/src/bsp/cmsis/Device/RENESAS/S5D3/Source/system_S5D3.o
LOAD ./synergy/board/s5d3_tb/bsp_init.o
LOAD ./synergy/board/s5d3_tb/bsp_leds.o
LOAD ./src/synergy_gen/common_data.o
LOAD ./src/synergy_gen/hal_data.o
LOAD ./src/synergy_gen/main.o
LOAD ./src/synergy_gen/motion_thread.o
LOAD ./src/synergy_gen/pin_data.o
LOAD ./src/synergy_gen/pwm_ctrl_thread.o
LOAD ./src/synergy_gen/uart_thread.o
LOAD ./src/mc/changed_mc/m_commands.o
LOAD ./src/mc/changed_mc/m_interpreter.o
LOAD ./src/hal_entry.o
LOAD ./src/motion_thread_entry.o
LOAD ./src/pwm_ctrl_thread_entry.o
LOAD ./src/uart_thread_entry.o
LOAD C:\Users\britton.chesley\e2_studio\workspace\BLDC_Motor_Control\synergy\ssp\src\bsp\cmsis\DSP_Lib\cm4_gcc\libDSP_Lib.a
LOAD C:\Users\britton.chesley\e2_studio\workspace\BLDC_Motor_Control\synergy\ssp\src\framework\el\tx\cm4_gcc\libtx.a
END GROUP
START GROUP
LOAD c:/renesas/synergy/e2studio_v6.2.0_ssp_v1.4.0/toolchains/gcc_arm/4.9_2015q3/bin/../lib/gcc/arm-none-eabi/4.9.3/armv7e-m/fpu\libgcc.a
LOAD c:/renesas/synergy/e2studio_v6.2.0_ssp_v1.4.0/toolchains/gcc_arm/4.9_2015q3/bin/../lib/gcc/arm-none-eabi/4.9.3/../../../../arm-none-eabi/lib/armv7e-m/fpu\libg_nano.a
LOAD c:/renesas/synergy/e2studio_v6.2.0_ssp_v1.4.0/toolchains/gcc_arm/4.9_2015q3/bin/../lib/gcc/arm-none-eabi/4.9.3/../../../../arm-none-eabi/lib/armv7e-m/fpu\libc_nano.a
END GROUP
START GROUP
LOAD c:/renesas/synergy/e2studio_v6.2.0_ssp_v1.4.0/toolchains/gcc_arm/4.9_2015q3/bin/../lib/gcc/arm-none-eabi/4.9.3/armv7e-m/fpu\libgcc.a
LOAD c:/renesas/synergy/e2studio_v6.2.0_ssp_v1.4.0/toolchains/gcc_arm/4.9_2015q3/bin/../lib/gcc/arm-none-eabi/4.9.3/../../../../arm-none-eabi/lib/armv7e-m/fpu\libc_nano.a
LOAD c:/renesas/synergy/e2studio_v6.2.0_ssp_v1.4.0/toolchains/gcc_arm/4.9_2015q3/bin/../lib/gcc/arm-none-eabi/4.9.3/../../../../arm-none-eabi/lib/armv7e-m/fpu\librdimon_nano.a
END GROUP
START GROUP
LOAD c:/renesas/synergy/e2studio_v6.2.0_ssp_v1.4.0/toolchains/gcc_arm/4.9_2015q3/bin/../lib/gcc/arm-none-eabi/4.9.3/armv7e-m/fpu\libgcc.a
LOAD c:/renesas/synergy/e2studio_v6.2.0_ssp_v1.4.0/toolchains/gcc_arm/4.9_2015q3/bin/../lib/gcc/arm-none-eabi/4.9.3/../../../../arm-none-eabi/lib/armv7e-m/fpu\libc_nano.a
LOAD c:/renesas/synergy/e2studio_v6.2.0_ssp_v1.4.0/toolchains/gcc_arm/4.9_2015q3/bin/../lib/gcc/arm-none-eabi/4.9.3/../../../../arm-none-eabi/lib/armv7e-m/fpu\librdimon_nano.a
END GROUP
LOAD c:/renesas/synergy/e2studio_v6.2.0_ssp_v1.4.0/toolchains/gcc_arm/4.9_2015q3/bin/../lib/gcc/arm-none-eabi/4.9.3/armv7e-m/fpu/crtend.o
LOAD c:/renesas/synergy/e2studio_v6.2.0_ssp_v1.4.0/toolchains/gcc_arm/4.9_2015q3/bin/../lib/gcc/arm-none-eabi/4.9.3/armv7e-m/fpu/crtn.o
START GROUP
LOAD c:/renesas/synergy/e2studio_v6.2.0_ssp_v1.4.0/toolchains/gcc_arm/4.9_2015q3/bin/../lib/gcc/arm-none-eabi/4.9.3/armv7e-m/fpu\libgcc.a
LOAD c:/renesas/synergy/e2studio_v6.2.0_ssp_v1.4.0/toolchains/gcc_arm/4.9_2015q3/bin/../lib/gcc/arm-none-eabi/4.9.3/../../../../arm-none-eabi/lib/armv7e-m/fpu\libc.a
LOAD c:/renesas/synergy/e2studio_v6.2.0_ssp_v1.4.0/toolchains/gcc_arm/4.9_2015q3/bin/../lib/gcc/arm-none-eabi/4.9.3/../../../../arm-none-eabi/lib/armv7e-m/fpu\libm.a
LOAD c:/renesas/synergy/e2studio_v6.2.0_ssp_v1.4.0/toolchains/gcc_arm/4.9_2015q3/bin/../lib/gcc/arm-none-eabi/4.9.3/../../../../arm-none-eabi/lib/armv7e-m/fpu\libnosys.a
END GROUP

.text           0x00000000    0x132b8
                0x00000000                __ROM_Start = .
 *(.vectors)
 .vectors       0x00000000       0x40 ./synergy/ssp/src/bsp/cmsis/Device/RENESAS/S5D3/Source/startup_S5D3.o
                0x00000000                __Vectors
 *(SORT(.vector.*))
 .vector.ADC_0_SCAN_END
                0x00000040        0x4 ./synergy/ssp/src/driver/changed_src_files/r_motor_bldc.o
                0x00000040                g_vector_ADC_0_SCAN_END
 .vector.GPT_0_COUNTER_OVERFLOW
                0x00000044        0x4 ./src/synergy_gen/motion_thread.o
                0x00000044                g_vector_GPT_0_COUNTER_OVERFLOW
 .vector.GPT_4_COUNTER_OVERFLOW
                0x00000048        0x4 ./synergy/ssp/src/driver/changed_src_files/r_motor_bldc.o
                0x00000048                g_vector_GPT_4_COUNTER_OVERFLOW
 .vector.SCI_8_RXI
                0x0000004c        0x4 ./src/synergy_gen/uart_thread.o
                0x0000004c                g_vector_SCI_8_RXI
 .vector.SCI_8_TEI
                0x00000050        0x4 ./src/synergy_gen/uart_thread.o
                0x00000050                g_vector_SCI_8_TEI
 .vector.SCI_8_TXI
                0x00000054        0x4 ./src/synergy_gen/uart_thread.o
                0x00000054                g_vector_SCI_8_TXI
                0x00000058                __Vectors_End = .
                0x00000058                __end__ = .
                0x00000400                . = (__ROM_Start + 0x400)
 *fill*         0x00000058      0x3a8 ff
 *(.rom_registers*)
 .rom_registers
                0x00000400       0x3c ./synergy/ssp/src/bsp/mcu/s5d3/bsp_rom_registers.o
                0x00000500                . = (__ROM_Start + 0x500)
 *fill*         0x0000043c       0xc4 ff
                0x00000500                __Vector_Info_Start = .
 *(SORT(.vector_info.*))
 .vector_info.ADC_0_SCAN_END
                0x00000500        0x8 ./synergy/ssp/src/driver/changed_src_files/r_motor_bldc.o
                0x00000500                g_vector_info_ADC_0_SCAN_END
 .vector_info.GPT_0_COUNTER_OVERFLOW
                0x00000508        0x8 ./src/synergy_gen/motion_thread.o
                0x00000508                g_vector_info_GPT_0_COUNTER_OVERFLOW
 .vector_info.GPT_4_COUNTER_OVERFLOW
                0x00000510        0x8 ./synergy/ssp/src/driver/changed_src_files/r_motor_bldc.o
                0x00000510                g_vector_info_GPT_4_COUNTER_OVERFLOW
 .vector_info.SCI_8_RXI
                0x00000518        0x8 ./src/synergy_gen/uart_thread.o
                0x00000518                g_vector_info_SCI_8_RXI
 .vector_info.SCI_8_TEI
                0x00000520        0x8 ./src/synergy_gen/uart_thread.o
                0x00000520                g_vector_info_SCI_8_TEI
 .vector_info.SCI_8_TXI
                0x00000528        0x8 ./src/synergy_gen/uart_thread.o
                0x00000528                g_vector_info_SCI_8_TXI
                0x00000530                __Vector_Info_End = .
                0x00000530                __Lock_Lookup_Start = .
 *(SORT(.hw_lock_lookup.*))
 .hw_lock_lookup.ADC_0U_0U
                0x00000530        0x4 ./synergy/ssp/src/bsp/mcu/s5d3/bsp_hw_locks.o
                0x00000530                g_lock_lookup_ADC_0U_0U
 .hw_lock_lookup.ADC_0U_1U
                0x00000534        0x4 ./synergy/ssp/src/bsp/mcu/s5d3/bsp_hw_locks.o
                0x00000534                g_lock_lookup_ADC_0U_1U
 .hw_lock_lookup.AGT_0U_0U
                0x00000538        0x4 ./synergy/ssp/src/bsp/mcu/s5d3/bsp_hw_locks.o
                0x00000538                g_lock_lookup_AGT_0U_0U
 .hw_lock_lookup.AGT_0U_1U
                0x0000053c        0x4 ./synergy/ssp/src/bsp/mcu/s5d3/bsp_hw_locks.o
                0x0000053c                g_lock_lookup_AGT_0U_1U
 .hw_lock_lookup.BSC_0U_1U
                0x00000540        0x4 ./synergy/ssp/src/bsp/mcu/s5d3/bsp_hw_locks.o
                0x00000540                g_lock_lookup_BSC_0U_1U
 .hw_lock_lookup.CAC_0U_0U
                0x00000544        0x4 ./synergy/ssp/src/bsp/mcu/s5d3/bsp_hw_locks.o
                0x00000544                g_lock_lookup_CAC_0U_0U
 .hw_lock_lookup.CAN_0U_0U
                0x00000548        0x4 ./synergy/ssp/src/bsp/mcu/s5d3/bsp_hw_locks.o
                0x00000548                g_lock_lookup_CAN_0U_0U
 .hw_lock_lookup.CAN_0U_1U
                0x0000054c        0x4 ./synergy/ssp/src/bsp/mcu/s5d3/bsp_hw_locks.o
                0x0000054c                g_lock_lookup_CAN_0U_1U
 .hw_lock_lookup.COMP_HS_0U_0U
                0x00000550        0x4 ./synergy/ssp/src/bsp/mcu/s5d3/bsp_hw_locks.o
                0x00000550                g_lock_lookup_COMP_HS_0U_0U
 .hw_lock_lookup.COMP_HS_0U_1U
                0x00000554        0x4 ./synergy/ssp/src/bsp/mcu/s5d3/bsp_hw_locks.o
                0x00000554                g_lock_lookup_COMP_HS_0U_1U
 .hw_lock_lookup.COMP_HS_0U_2U
                0x00000558        0x4 ./synergy/ssp/src/bsp/mcu/s5d3/bsp_hw_locks.o
                0x00000558                g_lock_lookup_COMP_HS_0U_2U
 .hw_lock_lookup.COMP_HS_0U_3U
                0x0000055c        0x4 ./synergy/ssp/src/bsp/mcu/s5d3/bsp_hw_locks.o
                0x0000055c                g_lock_lookup_COMP_HS_0U_3U
 .hw_lock_lookup.COMP_HS_0U_4U
                0x00000560        0x4 ./synergy/ssp/src/bsp/mcu/s5d3/bsp_hw_locks.o
                0x00000560                g_lock_lookup_COMP_HS_0U_4U
 .hw_lock_lookup.COMP_HS_0U_5U
                0x00000564        0x4 ./synergy/ssp/src/bsp/mcu/s5d3/bsp_hw_locks.o
                0x00000564                g_lock_lookup_COMP_HS_0U_5U
 .hw_lock_lookup.CRC_0U_0U
                0x00000568        0x4 ./synergy/ssp/src/bsp/mcu/s5d3/bsp_hw_locks.o
                0x00000568                g_lock_lookup_CRC_0U_0U
 .hw_lock_lookup.CTSU_0U_0U
                0x0000056c        0x4 ./synergy/ssp/src/bsp/mcu/s5d3/bsp_hw_locks.o
                0x0000056c                g_lock_lookup_CTSU_0U_0U
 .hw_lock_lookup.DAC_0U_0U
                0x00000570        0x4 ./synergy/ssp/src/bsp/mcu/s5d3/bsp_hw_locks.o
                0x00000570                g_lock_lookup_DAC_0U_0U
 .hw_lock_lookup.DAC_0U_1U
                0x00000574        0x4 ./synergy/ssp/src/bsp/mcu/s5d3/bsp_hw_locks.o
                0x00000574                g_lock_lookup_DAC_0U_1U
 .hw_lock_lookup.DMAC_0U_0U
                0x00000578        0x4 ./synergy/ssp/src/bsp/mcu/s5d3/bsp_hw_locks.o
                0x00000578                g_lock_lookup_DMAC_0U_0U
 .hw_lock_lookup.DMAC_0U_1U
                0x0000057c        0x4 ./synergy/ssp/src/bsp/mcu/s5d3/bsp_hw_locks.o
                0x0000057c                g_lock_lookup_DMAC_0U_1U
 .hw_lock_lookup.DMAC_0U_2U
                0x00000580        0x4 ./synergy/ssp/src/bsp/mcu/s5d3/bsp_hw_locks.o
                0x00000580                g_lock_lookup_DMAC_0U_2U
 .hw_lock_lookup.DMAC_0U_3U
                0x00000584        0x4 ./synergy/ssp/src/bsp/mcu/s5d3/bsp_hw_locks.o
                0x00000584                g_lock_lookup_DMAC_0U_3U
 .hw_lock_lookup.DMAC_0U_4U
                0x00000588        0x4 ./synergy/ssp/src/bsp/mcu/s5d3/bsp_hw_locks.o
                0x00000588                g_lock_lookup_DMAC_0U_4U
 .hw_lock_lookup.DMAC_0U_5U
                0x0000058c        0x4 ./synergy/ssp/src/bsp/mcu/s5d3/bsp_hw_locks.o
                0x0000058c                g_lock_lookup_DMAC_0U_5U
 .hw_lock_lookup.DMAC_0U_6U
                0x00000590        0x4 ./synergy/ssp/src/bsp/mcu/s5d3/bsp_hw_locks.o
                0x00000590                g_lock_lookup_DMAC_0U_6U
 .hw_lock_lookup.DMAC_0U_7U
                0x00000594        0x4 ./synergy/ssp/src/bsp/mcu/s5d3/bsp_hw_locks.o
                0x00000594                g_lock_lookup_DMAC_0U_7U
 .hw_lock_lookup.DOC_0U_0U
                0x00000598        0x4 ./synergy/ssp/src/bsp/mcu/s5d3/bsp_hw_locks.o
                0x00000598                g_lock_lookup_DOC_0U_0U
 .hw_lock_lookup.DTC_0U_0U
                0x0000059c        0x4 ./synergy/ssp/src/bsp/mcu/s5d3/bsp_hw_locks.o
                0x0000059c                g_lock_lookup_DTC_0U_0U
 .hw_lock_lookup.ELC_0U_0U
                0x000005a0        0x4 ./synergy/ssp/src/bsp/mcu/s5d3/bsp_hw_locks.o
                0x000005a0                g_lock_lookup_ELC_0U_0U
 .hw_lock_lookup.FCU_0U_0U
                0x000005a4        0x4 ./synergy/ssp/src/bsp/mcu/s5d3/bsp_hw_locks.o
                0x000005a4                g_lock_lookup_FCU_0U_0U
 .hw_lock_lookup.GPT_0U_0U
                0x000005a8        0x4 ./synergy/ssp/src/bsp/mcu/s5d3/bsp_hw_locks.o
                0x000005a8                g_lock_lookup_GPT_0U_0U
 .hw_lock_lookup.GPT_0U_10U
                0x000005ac        0x4 ./synergy/ssp/src/bsp/mcu/s5d3/bsp_hw_locks.o
                0x000005ac                g_lock_lookup_GPT_0U_10U
 .hw_lock_lookup.GPT_0U_11U
                0x000005b0        0x4 ./synergy/ssp/src/bsp/mcu/s5d3/bsp_hw_locks.o
                0x000005b0                g_lock_lookup_GPT_0U_11U
 .hw_lock_lookup.GPT_0U_12U
                0x000005b4        0x4 ./synergy/ssp/src/bsp/mcu/s5d3/bsp_hw_locks.o
                0x000005b4                g_lock_lookup_GPT_0U_12U
 .hw_lock_lookup.GPT_0U_1U
                0x000005b8        0x4 ./synergy/ssp/src/bsp/mcu/s5d3/bsp_hw_locks.o
                0x000005b8                g_lock_lookup_GPT_0U_1U
 .hw_lock_lookup.GPT_0U_2U
                0x000005bc        0x4 ./synergy/ssp/src/bsp/mcu/s5d3/bsp_hw_locks.o
                0x000005bc                g_lock_lookup_GPT_0U_2U
 .hw_lock_lookup.GPT_0U_3U
                0x000005c0        0x4 ./synergy/ssp/src/bsp/mcu/s5d3/bsp_hw_locks.o
                0x000005c0                g_lock_lookup_GPT_0U_3U
 .hw_lock_lookup.GPT_0U_4U
                0x000005c4        0x4 ./synergy/ssp/src/bsp/mcu/s5d3/bsp_hw_locks.o
                0x000005c4                g_lock_lookup_GPT_0U_4U
 .hw_lock_lookup.GPT_0U_5U
                0x000005c8        0x4 ./synergy/ssp/src/bsp/mcu/s5d3/bsp_hw_locks.o
                0x000005c8                g_lock_lookup_GPT_0U_5U
 .hw_lock_lookup.GPT_0U_6U
                0x000005cc        0x4 ./synergy/ssp/src/bsp/mcu/s5d3/bsp_hw_locks.o
                0x000005cc                g_lock_lookup_GPT_0U_6U
 .hw_lock_lookup.GPT_0U_7U
                0x000005d0        0x4 ./synergy/ssp/src/bsp/mcu/s5d3/bsp_hw_locks.o
                0x000005d0                g_lock_lookup_GPT_0U_7U
 .hw_lock_lookup.GPT_0U_8U
                0x000005d4        0x4 ./synergy/ssp/src/bsp/mcu/s5d3/bsp_hw_locks.o
                0x000005d4                g_lock_lookup_GPT_0U_8U
 .hw_lock_lookup.GPT_0U_9U
                0x000005d8        0x4 ./synergy/ssp/src/bsp/mcu/s5d3/bsp_hw_locks.o
                0x000005d8                g_lock_lookup_GPT_0U_9U
 .hw_lock_lookup.ICU_0U_0U
                0x000005dc        0x4 ./synergy/ssp/src/bsp/mcu/s5d3/bsp_hw_locks.o
                0x000005dc                g_lock_lookup_ICU_0U_0U
 .hw_lock_lookup.ICU_0U_10U
                0x000005e0        0x4 ./synergy/ssp/src/bsp/mcu/s5d3/bsp_hw_locks.o
                0x000005e0                g_lock_lookup_ICU_0U_10U
 .hw_lock_lookup.ICU_0U_11U
                0x000005e4        0x4 ./synergy/ssp/src/bsp/mcu/s5d3/bsp_hw_locks.o
                0x000005e4                g_lock_lookup_ICU_0U_11U
 .hw_lock_lookup.ICU_0U_12U
                0x000005e8        0x4 ./synergy/ssp/src/bsp/mcu/s5d3/bsp_hw_locks.o
                0x000005e8                g_lock_lookup_ICU_0U_12U
 .hw_lock_lookup.ICU_0U_13U
                0x000005ec        0x4 ./synergy/ssp/src/bsp/mcu/s5d3/bsp_hw_locks.o
                0x000005ec                g_lock_lookup_ICU_0U_13U
 .hw_lock_lookup.ICU_0U_1U
                0x000005f0        0x4 ./synergy/ssp/src/bsp/mcu/s5d3/bsp_hw_locks.o
                0x000005f0                g_lock_lookup_ICU_0U_1U
 .hw_lock_lookup.ICU_0U_2U
                0x000005f4        0x4 ./synergy/ssp/src/bsp/mcu/s5d3/bsp_hw_locks.o
                0x000005f4                g_lock_lookup_ICU_0U_2U
 .hw_lock_lookup.ICU_0U_3U
                0x000005f8        0x4 ./synergy/ssp/src/bsp/mcu/s5d3/bsp_hw_locks.o
                0x000005f8                g_lock_lookup_ICU_0U_3U
 .hw_lock_lookup.ICU_0U_4U
                0x000005fc        0x4 ./synergy/ssp/src/bsp/mcu/s5d3/bsp_hw_locks.o
                0x000005fc                g_lock_lookup_ICU_0U_4U
 .hw_lock_lookup.ICU_0U_5U
                0x00000600        0x4 ./synergy/ssp/src/bsp/mcu/s5d3/bsp_hw_locks.o
                0x00000600                g_lock_lookup_ICU_0U_5U
 .hw_lock_lookup.ICU_0U_6U
                0x00000604        0x4 ./synergy/ssp/src/bsp/mcu/s5d3/bsp_hw_locks.o
                0x00000604                g_lock_lookup_ICU_0U_6U
 .hw_lock_lookup.ICU_0U_7U
                0x00000608        0x4 ./synergy/ssp/src/bsp/mcu/s5d3/bsp_hw_locks.o
                0x00000608                g_lock_lookup_ICU_0U_7U
 .hw_lock_lookup.ICU_0U_8U
                0x0000060c        0x4 ./synergy/ssp/src/bsp/mcu/s5d3/bsp_hw_locks.o
                0x0000060c                g_lock_lookup_ICU_0U_8U
 .hw_lock_lookup.ICU_0U_9U
                0x00000610        0x4 ./synergy/ssp/src/bsp/mcu/s5d3/bsp_hw_locks.o
                0x00000610                g_lock_lookup_ICU_0U_9U
 .hw_lock_lookup.IIC_0U_0U
                0x00000614        0x4 ./synergy/ssp/src/bsp/mcu/s5d3/bsp_hw_locks.o
                0x00000614                g_lock_lookup_IIC_0U_0U
 .hw_lock_lookup.IIC_0U_1U
                0x00000618        0x4 ./synergy/ssp/src/bsp/mcu/s5d3/bsp_hw_locks.o
                0x00000618                g_lock_lookup_IIC_0U_1U
 .hw_lock_lookup.IRDA_0U_0U
                0x0000061c        0x4 ./synergy/ssp/src/bsp/mcu/s5d3/bsp_hw_locks.o
                0x0000061c                g_lock_lookup_IRDA_0U_0U
 .hw_lock_lookup.IWDT_0U_0U
                0x00000620        0x4 ./synergy/ssp/src/bsp/mcu/s5d3/bsp_hw_locks.o
                0x00000620                g_lock_lookup_IWDT_0U_0U
 .hw_lock_lookup.KEY_0U_0U
                0x00000624        0x4 ./synergy/ssp/src/bsp/mcu/s5d3/bsp_hw_locks.o
                0x00000624                g_lock_lookup_KEY_0U_0U
 .hw_lock_lookup.LPM_1U_0U
                0x00000628        0x4 ./synergy/ssp/src/bsp/mcu/s5d3/bsp_hw_locks.o
                0x00000628                g_lock_lookup_LPM_1U_0U
 .hw_lock_lookup.LVD_0U_0U
                0x0000062c        0x4 ./synergy/ssp/src/bsp/mcu/s5d3/bsp_hw_locks.o
                0x0000062c                g_lock_lookup_LVD_0U_0U
 .hw_lock_lookup.LVD_0U_1U
                0x00000630        0x4 ./synergy/ssp/src/bsp/mcu/s5d3/bsp_hw_locks.o
                0x00000630                g_lock_lookup_LVD_0U_1U
 .hw_lock_lookup.MMF_0U_0U
                0x00000634        0x4 ./synergy/ssp/src/bsp/mcu/s5d3/bsp_hw_locks.o
                0x00000634                g_lock_lookup_MMF_0U_0U
 .hw_lock_lookup.MPU_0U_0U
                0x00000638        0x4 ./synergy/ssp/src/bsp/mcu/s5d3/bsp_hw_locks.o
                0x00000638                g_lock_lookup_MPU_0U_0U
 .hw_lock_lookup.OPS_0U_0U
                0x0000063c        0x4 ./synergy/ssp/src/bsp/mcu/s5d3/bsp_hw_locks.o
                0x0000063c                g_lock_lookup_OPS_0U_0U
 .hw_lock_lookup.POEG_0U_0U
                0x00000640        0x4 ./synergy/ssp/src/bsp/mcu/s5d3/bsp_hw_locks.o
                0x00000640                g_lock_lookup_POEG_0U_0U
 .hw_lock_lookup.POEG_0U_1U
                0x00000644        0x4 ./synergy/ssp/src/bsp/mcu/s5d3/bsp_hw_locks.o
                0x00000644                g_lock_lookup_POEG_0U_1U
 .hw_lock_lookup.POEG_0U_2U
                0x00000648        0x4 ./synergy/ssp/src/bsp/mcu/s5d3/bsp_hw_locks.o
                0x00000648                g_lock_lookup_POEG_0U_2U
 .hw_lock_lookup.POEG_0U_3U
                0x0000064c        0x4 ./synergy/ssp/src/bsp/mcu/s5d3/bsp_hw_locks.o
                0x0000064c                g_lock_lookup_POEG_0U_3U
 .hw_lock_lookup.QSPI_0U_0U
                0x00000650        0x4 ./synergy/ssp/src/bsp/mcu/s5d3/bsp_hw_locks.o
                0x00000650                g_lock_lookup_QSPI_0U_0U
 .hw_lock_lookup.RTC_0U_0U
                0x00000654        0x4 ./synergy/ssp/src/bsp/mcu/s5d3/bsp_hw_locks.o
                0x00000654                g_lock_lookup_RTC_0U_0U
 .hw_lock_lookup.SCE_0U_0U
                0x00000658        0x4 ./synergy/ssp/src/bsp/mcu/s5d3/bsp_hw_locks.o
                0x00000658                g_lock_lookup_SCE_0U_0U
 .hw_lock_lookup.SCI_0U_0U
                0x0000065c        0x4 ./synergy/ssp/src/bsp/mcu/s5d3/bsp_hw_locks.o
                0x0000065c                g_lock_lookup_SCI_0U_0U
 .hw_lock_lookup.SCI_0U_1U
                0x00000660        0x4 ./synergy/ssp/src/bsp/mcu/s5d3/bsp_hw_locks.o
                0x00000660                g_lock_lookup_SCI_0U_1U
 .hw_lock_lookup.SCI_0U_2U
                0x00000664        0x4 ./synergy/ssp/src/bsp/mcu/s5d3/bsp_hw_locks.o
                0x00000664                g_lock_lookup_SCI_0U_2U
 .hw_lock_lookup.SCI_0U_3U
                0x00000668        0x4 ./synergy/ssp/src/bsp/mcu/s5d3/bsp_hw_locks.o
                0x00000668                g_lock_lookup_SCI_0U_3U
 .hw_lock_lookup.SCI_0U_4U
                0x0000066c        0x4 ./synergy/ssp/src/bsp/mcu/s5d3/bsp_hw_locks.o
                0x0000066c                g_lock_lookup_SCI_0U_4U
 .hw_lock_lookup.SCI_0U_8U
                0x00000670        0x4 ./synergy/ssp/src/bsp/mcu/s5d3/bsp_hw_locks.o
                0x00000670                g_lock_lookup_SCI_0U_8U
 .hw_lock_lookup.SCI_0U_9U
                0x00000674        0x4 ./synergy/ssp/src/bsp/mcu/s5d3/bsp_hw_locks.o
                0x00000674                g_lock_lookup_SCI_0U_9U
 .hw_lock_lookup.SDHIMMC_0U_0U
                0x00000678        0x4 ./synergy/ssp/src/bsp/mcu/s5d3/bsp_hw_locks.o
                0x00000678                g_lock_lookup_SDHIMMC_0U_0U
 .hw_lock_lookup.SDHIMMC_0U_1U
                0x0000067c        0x4 ./synergy/ssp/src/bsp/mcu/s5d3/bsp_hw_locks.o
                0x0000067c                g_lock_lookup_SDHIMMC_0U_1U
 .hw_lock_lookup.SPI_0U_0U
                0x00000680        0x4 ./synergy/ssp/src/bsp/mcu/s5d3/bsp_hw_locks.o
                0x00000680                g_lock_lookup_SPI_0U_0U
 .hw_lock_lookup.SPI_0U_1U
                0x00000684        0x4 ./synergy/ssp/src/bsp/mcu/s5d3/bsp_hw_locks.o
                0x00000684                g_lock_lookup_SPI_0U_1U
 .hw_lock_lookup.SRC_0U_0U
                0x00000688        0x4 ./synergy/ssp/src/bsp/mcu/s5d3/bsp_hw_locks.o
                0x00000688                g_lock_lookup_SRC_0U_0U
 .hw_lock_lookup.SSI_0U_0U
                0x0000068c        0x4 ./synergy/ssp/src/bsp/mcu/s5d3/bsp_hw_locks.o
                0x0000068c                g_lock_lookup_SSI_0U_0U
 .hw_lock_lookup.TSN_0U_0U
                0x00000690        0x4 ./synergy/ssp/src/bsp/mcu/s5d3/bsp_hw_locks.o
                0x00000690                g_lock_lookup_TSN_0U_0U
 .hw_lock_lookup.USB_0U_0U
                0x00000694        0x4 ./synergy/ssp/src/bsp/mcu/s5d3/bsp_hw_locks.o
                0x00000694                g_lock_lookup_USB_0U_0U
 .hw_lock_lookup.WDT_0U_0U
                0x00000698        0x4 ./synergy/ssp/src/bsp/mcu/s5d3/bsp_hw_locks.o
                0x00000698                g_lock_lookup_WDT_0U_0U
                0x0000069c                __Lock_Lookup_End = .
 *(.text*)
 .text          0x0000069c       0x5c c:/renesas/synergy/e2studio_v6.2.0_ssp_v1.4.0/toolchains/gcc_arm/4.9_2015q3/bin/../lib/gcc/arm-none-eabi/4.9.3/armv7e-m/fpu/crtbegin.o
 .text.SF_UART_COMMS_Open
                0x000006f8       0x90 ./synergy/ssp/src/framework/sf_uart_comms/sf_uart_comms.o
                0x000006f8                SF_UART_COMMS_Open
 .text.SF_UART_COMMS_Close
                0x00000788       0x5c ./synergy/ssp/src/framework/sf_uart_comms/sf_uart_comms.o
                0x00000788                SF_UART_COMMS_Close
 .text.SF_UART_COMMS_Read
                0x000007e4       0x88 ./synergy/ssp/src/framework/sf_uart_comms/sf_uart_comms.o
                0x000007e4                SF_UART_COMMS_Read
 .text.SF_UART_COMMS_Write
                0x0000086c       0xf4 ./synergy/ssp/src/framework/sf_uart_comms/sf_uart_comms.o
                0x0000086c                SF_UART_COMMS_Write
 .text.SF_UART_COMMS_Lock
                0x00000960       0x84 ./synergy/ssp/src/framework/sf_uart_comms/sf_uart_comms.o
                0x00000960                SF_UART_COMMS_Lock
 .text.SF_UART_COMMS_Unlock
                0x000009e4       0x70 ./synergy/ssp/src/framework/sf_uart_comms/sf_uart_comms.o
                0x000009e4                SF_UART_COMMS_Unlock
 .text.SF_UART_COMMS_VersionGet
                0x00000a54       0x24 ./synergy/ssp/src/framework/sf_uart_comms/sf_uart_comms.o
                0x00000a54                SF_UART_COMMS_VersionGet
 .text.sf_uart_comms_receive_chars
                0x00000a78       0x78 ./synergy/ssp/src/framework/sf_uart_comms/sf_uart_comms.o
 .text.sf_uart_comms_check_events
                0x00000af0       0xb4 ./synergy/ssp/src/framework/sf_uart_comms/sf_uart_comms.o
 .text.sf_uart_comms_check_events_sub
                0x00000ba4       0x68 ./synergy/ssp/src/framework/sf_uart_comms/sf_uart_comms.o
 .text.sf_uart_comms_tx_resource_setup
                0x00000c0c       0xb8 ./synergy/ssp/src/framework/sf_uart_comms/sf_uart_comms.o
 .text.sf_uart_comms_tx_resource_release
                0x00000cc4       0x84 ./synergy/ssp/src/framework/sf_uart_comms/sf_uart_comms.o
 .text.sf_uart_comms_callback
                0x00000d48       0x68 ./synergy/ssp/src/framework/sf_uart_comms/sf_uart_comms.o
 .text.SF_MOTION_Open
                0x00000db0      0x22c ./synergy/ssp/src/framework/sf_motion/sf_motion.o
                0x00000db0                SF_MOTION_Open
 .text.SF_MOTION_Close
                0x00000fdc       0x3c ./synergy/ssp/src/framework/sf_motion/sf_motion.o
                0x00000fdc                SF_MOTION_Close
 .text.SF_MOTION_VersionGet
                0x00001018       0x2c ./synergy/ssp/src/framework/sf_motion/sf_motion.o
                0x00001018                SF_MOTION_VersionGet
 .text.SF_MOTION_Start
                0x00001044       0x24 ./synergy/ssp/src/framework/sf_motion/sf_motion.o
                0x00001044                SF_MOTION_Start
 .text.SF_MOTION_Capture
                0x00001068       0x50 ./synergy/ssp/src/framework/sf_motion/sf_motion.o
                0x00001068                SF_MOTION_Capture
 .text.SF_MOTION_Align
                0x000010b8       0x5c ./synergy/ssp/src/framework/sf_motion/sf_motion.o
                0x000010b8                SF_MOTION_Align
 .text.SF_MOTION_Stop
                0x00001114       0x2c ./synergy/ssp/src/framework/sf_motion/sf_motion.o
                0x00001114                SF_MOTION_Stop
 .text.sf_amp_fault
                0x00001140       0x3c ./synergy/ssp/src/framework/sf_motion/sf_motion.o
 .text.SF_MOTION_Power
                0x0000117c       0xd0 ./synergy/ssp/src/framework/sf_motion/sf_motion.o
                0x0000117c                SF_MOTION_Power
 .text.servo_on
                0x0000124c       0xa0 ./synergy/ssp/src/framework/sf_motion/sf_motion.o
 .text.servo_off
                0x000012ec       0x84 ./synergy/ssp/src/framework/sf_motion/sf_motion.o
 .text.SF_MOTION_Servo
                0x00001370       0x68 ./synergy/ssp/src/framework/sf_motion/sf_motion.o
                0x00001370                SF_MOTION_Servo
 .text.sf_vpg   0x000013d8       0xb4 ./synergy/ssp/src/framework/sf_motion/sf_motion.o
 .text.pid_calc
                0x0000148c      0x148 ./synergy/ssp/src/framework/sf_motion/sf_motion.o
 .text.sf_pos_loop
                0x000015d4      0x13c ./synergy/ssp/src/framework/sf_motion/sf_motion.o
 .text.sf_halls
                0x00001710       0xd8 ./synergy/ssp/src/framework/sf_motion/sf_motion.o
 .text.sf_interlocks
                0x000017e8       0x7c ./synergy/ssp/src/framework/sf_motion/sf_motion.o
 .text.sf_phasing
                0x00001864      0x294 ./synergy/ssp/src/framework/sf_motion/sf_motion.o
 .text.recorder
                0x00001af8      0x2d4 ./synergy/ssp/src/framework/sf_motion/sf_motion.o
 .text.SF_MOTION_Control
                0x00001dcc       0xf4 ./synergy/ssp/src/framework/sf_motion/sf_motion.o
                0x00001dcc                SF_MOTION_Control
 .text.update_ctrl
                0x00001ec0      0x238 ./synergy/ssp/src/framework/sf_motion/sf_motion.o
 .text.decode_ptr
                0x000020f8      0x118 ./synergy/ssp/src/framework/sf_motion/sf_motion.o
 .text.SF_MOTION_Logging
                0x00002210       0x4c ./synergy/ssp/src/framework/sf_motion/sf_motion.o
                0x00002210                SF_MOTION_Logging
 .text.vpg_trap_start
                0x0000225c       0xe4 ./synergy/ssp/src/framework/sf_motion/sf_motion_vpg.o
                0x0000225c                vpg_trap_start
 .text.vpg_trap_next
                0x00002340      0x21c ./synergy/ssp/src/framework/sf_motion/sf_motion_vpg.o
                0x00002340                vpg_trap_next
 .text.__NVIC_EnableIRQ
                0x0000255c       0x38 ./synergy/ssp/src/driver/r_sci_uart/r_sci_uart.o
 .text.__NVIC_DisableIRQ
                0x00002594       0x44 ./synergy/ssp/src/driver/r_sci_uart/r_sci_uart.o
 .text.__NVIC_ClearPendingIRQ
                0x000025d8       0x3c ./synergy/ssp/src/driver/r_sci_uart/r_sci_uart.o
 .text.__NVIC_SetPriority
                0x00002614       0x54 ./synergy/ssp/src/driver/r_sci_uart/r_sci_uart.o
 .text.R_SSP_CurrentIrqGet
                0x00002668       0x34 ./synergy/ssp/src/driver/r_sci_uart/r_sci_uart.o
 .text.R_SSP_VectorInfoGet
                0x0000269c       0x2c ./synergy/ssp/src/driver/r_sci_uart/r_sci_uart.o
 .text.HW_SCI_FifoEnable
                0x000026c8       0x1c ./synergy/ssp/src/driver/r_sci_uart/r_sci_uart.o
 .text.HW_SCI_ReceiveFifoReset
                0x000026e4       0x1c ./synergy/ssp/src/driver/r_sci_uart/r_sci_uart.o
 .text.HW_SCI_RXIeventSelect
                0x00002700       0x1c ./synergy/ssp/src/driver/r_sci_uart/r_sci_uart.o
 .text.HW_SCI_RxTriggerNumberSet
                0x0000271c       0x38 ./synergy/ssp/src/driver/r_sci_uart/r_sci_uart.o
 .text.HW_SCI_RTSTriggerNumberSet
                0x00002754       0x34 ./synergy/ssp/src/driver/r_sci_uart/r_sci_uart.o
 .text.HW_SCI_TransmitFifoReset
                0x00002788       0x30 ./synergy/ssp/src/driver/r_sci_uart/r_sci_uart.o
 .text.HW_SCI_TxTriggerNumberSet
                0x000027b8       0x38 ./synergy/ssp/src/driver/r_sci_uart/r_sci_uart.o
 .text.HW_SCI_ParitySet
                0x000027f0       0x2c ./synergy/ssp/src/driver/r_sci_uart/r_sci_uart.o
 .text.HW_SCI_DataBits7bitsSelect
                0x0000281c       0x28 ./synergy/ssp/src/driver/r_sci_uart/r_sci_uart.o
 .text.HW_SCI_DataBits9bitsSelect
                0x00002844       0x28 ./synergy/ssp/src/driver/r_sci_uart/r_sci_uart.o
 .text.HW_SCI_StopBitsSelect
                0x0000286c       0x34 ./synergy/ssp/src/driver/r_sci_uart/r_sci_uart.o
 .text.HW_SCI_Write9bits
                0x000028a0       0x30 ./synergy/ssp/src/driver/r_sci_uart/r_sci_uart.o
 .text.HW_SCI_Read9bits
                0x000028d0       0x1c ./synergy/ssp/src/driver/r_sci_uart/r_sci_uart.o
 .text.HW_SCI_WriteAddrGet
                0x000028ec       0x28 ./synergy/ssp/src/driver/r_sci_uart/r_sci_uart.o
 .text.HW_SCI_Non_FIFO_WriteAddrGet
                0x00002914       0x28 ./synergy/ssp/src/driver/r_sci_uart/r_sci_uart.o
 .text.HW_SCI_WriteFIFO
                0x0000293c       0x30 ./synergy/ssp/src/driver/r_sci_uart/r_sci_uart.o
 .text.HW_SCI_ReadAddrGet
                0x0000296c       0x28 ./synergy/ssp/src/driver/r_sci_uart/r_sci_uart.o
 .text.HW_SCI_Non_FIFO_ReadAddrGet
                0x00002994       0x28 ./synergy/ssp/src/driver/r_sci_uart/r_sci_uart.o
 .text.HW_SCI_ReadFIFO
                0x000029bc       0x20 ./synergy/ssp/src/driver/r_sci_uart/r_sci_uart.o
 .text.HW_SCI_TDFEClear
                0x000029dc       0x1c ./synergy/ssp/src/driver/r_sci_uart/r_sci_uart.o
 .text.HW_SCI_RDFClear
                0x000029f8       0x28 ./synergy/ssp/src/driver/r_sci_uart/r_sci_uart.o
 .text.HW_SCI_FIFO_WriteCount
                0x00002a20       0x24 ./synergy/ssp/src/driver/r_sci_uart/r_sci_uart.o
 .text.HW_SCI_FIFO_ReadCount
                0x00002a44       0x20 ./synergy/ssp/src/driver/r_sci_uart/r_sci_uart.o
 .text.HW_SCI_CtsInEnable
                0x00002a64       0x1c ./synergy/ssp/src/driver/r_sci_uart/r_sci_uart.o
 .text.HW_SCI_StartBitSet
                0x00002a80       0x30 ./synergy/ssp/src/driver/r_sci_uart/r_sci_uart.o
 .text.HW_SCI_TransmitterLevelSet
                0x00002ab0       0x28 ./synergy/ssp/src/driver/r_sci_uart/r_sci_uart.o
 .text.HW_SCI_RxIrqEnable
                0x00002ad8       0x40 ./synergy/ssp/src/driver/r_sci_uart/r_sci_uart.o
 .text.HW_SCI_TeIrqEnable
                0x00002b18       0x5c ./synergy/ssp/src/driver/r_sci_uart/r_sci_uart.o
 .text.HW_SCI_UartTransmitterEnable
                0x00002b74       0x24 ./synergy/ssp/src/driver/r_sci_uart/r_sci_uart.o
 .text.HW_SCI_UartTransmitIrqDisable
                0x00002b98       0x24 ./synergy/ssp/src/driver/r_sci_uart/r_sci_uart.o
 .text.HW_SCI_UartReceiverEnable
                0x00002bbc       0x24 ./synergy/ssp/src/driver/r_sci_uart/r_sci_uart.o
 .text.HW_SCI_UartTransmitterReceiverDisable
                0x00002be0       0x24 ./synergy/ssp/src/driver/r_sci_uart/r_sci_uart.o
 .text.HW_SCI_ReceiverEnable
                0x00002c04       0x24 ./synergy/ssp/src/driver/r_sci_uart/r_sci_uart.o
 .text.HW_SCI_TransmitterEnable
                0x00002c28       0x24 ./synergy/ssp/src/driver/r_sci_uart/r_sci_uart.o
 .text.HW_SCI_Write
                0x00002c4c       0x2c ./synergy/ssp/src/driver/r_sci_uart/r_sci_uart.o
 .text.HW_SCI_Read
                0x00002c78       0x1c ./synergy/ssp/src/driver/r_sci_uart/r_sci_uart.o
 .text.HW_SCI_RegisterReset
                0x00002c94       0x8c ./synergy/ssp/src/driver/r_sci_uart/r_sci_uart.o
 .text.HW_SCI_BaudRateGenInternalClkSelect
                0x00002d20       0x1c ./synergy/ssp/src/driver/r_sci_uart/r_sci_uart.o
 .text.HW_SCI_BaudRateGenExternalClkSelect
                0x00002d3c       0x20 ./synergy/ssp/src/driver/r_sci_uart/r_sci_uart.o
 .text.HW_SCI_IsBaudRateInternalClkSelected
                0x00002d5c       0x28 ./synergy/ssp/src/driver/r_sci_uart/r_sci_uart.o
 .text.HW_SCI_BaudRateGenExternalClkDivideBy8
                0x00002d84       0x1c ./synergy/ssp/src/driver/r_sci_uart/r_sci_uart.o
 .text.HW_SCI_UartBitRateSet
                0x00002da0       0x9c ./synergy/ssp/src/driver/r_sci_uart/r_sci_uart.o
 .text.HW_SCI_BitRateDefaultSet
                0x00002e3c       0x38 ./synergy/ssp/src/driver/r_sci_uart/r_sci_uart.o
 .text.HW_SCI_BaudClkOutputEnable
                0x00002e74       0x54 ./synergy/ssp/src/driver/r_sci_uart/r_sci_uart.o
 .text.HW_SCI_BaudClkOutputDisable
                0x00002ec8       0x38 ./synergy/ssp/src/driver/r_sci_uart/r_sci_uart.o
 .text.HW_SCI_NoiseFilterSet
                0x00002f00       0x40 ./synergy/ssp/src/driver/r_sci_uart/r_sci_uart.o
 .text.HW_SCI_BitRateModulationEnable
                0x00002f40       0x34 ./synergy/ssp/src/driver/r_sci_uart/r_sci_uart.o
 .text.HW_SCI_UartBitRateModulationSet
                0x00002f74       0x1c ./synergy/ssp/src/driver/r_sci_uart/r_sci_uart.o
 .text.R_SCI_UartOpen
                0x00002f90      0x208 ./synergy/ssp/src/driver/r_sci_uart/r_sci_uart.o
                0x00002f90                R_SCI_UartOpen
 .text.R_SCI_UartClose
                0x00003198       0xc0 ./synergy/ssp/src/driver/r_sci_uart/r_sci_uart.o
                0x00003198                R_SCI_UartClose
 .text.R_SCI_UartRead
                0x00003258       0xb8 ./synergy/ssp/src/driver/r_sci_uart/r_sci_uart.o
                0x00003258                R_SCI_UartRead
 .text.R_SCI_UartWrite
                0x00003310      0x148 ./synergy/ssp/src/driver/r_sci_uart/r_sci_uart.o
                0x00003310                R_SCI_UartWrite
 .text.R_SCI_UartBaudSet
                0x00003458       0xc0 ./synergy/ssp/src/driver/r_sci_uart/r_sci_uart.o
                0x00003458                R_SCI_UartBaudSet
 .text.R_SCI_UartInfoGet
                0x00003518       0xd8 ./synergy/ssp/src/driver/r_sci_uart/r_sci_uart.o
                0x00003518                R_SCI_UartInfoGet
 .text.R_SCI_UartVersionGet
                0x000035f0       0x38 ./synergy/ssp/src/driver/r_sci_uart/r_sci_uart.o
                0x000035f0                R_SCI_UartVersionGet
 .text.R_SCI_UartAbort
                0x00003628       0x78 ./synergy/ssp/src/driver/r_sci_uart/r_sci_uart.o
                0x00003628                R_SCI_UartAbort
 .text.r_sci_uart_open_param_check
                0x000036a0       0x40 ./synergy/ssp/src/driver/r_sci_uart/r_sci_uart.o
 .text.r_sci_read_write_param_check
                0x000036e0       0x74 ./synergy/ssp/src/driver/r_sci_uart/r_sci_uart.o
 .text.r_sci_uart_transfer_configure
                0x00003754       0xd0 ./synergy/ssp/src/driver/r_sci_uart/r_sci_uart.o
 .text.r_sci_uart_transfer_open
                0x00003824      0x1b4 ./synergy/ssp/src/driver/r_sci_uart/r_sci_uart.o
 .text.r_sci_uart_config_set
                0x000039d8       0x94 ./synergy/ssp/src/driver/r_sci_uart/r_sci_uart.o
 .text.r_sci_uart_fifo_cfg
                0x00003a6c       0x94 ./synergy/ssp/src/driver/r_sci_uart/r_sci_uart.o
 .text.r_sci_irq_cfg
                0x00003b00       0x80 ./synergy/ssp/src/driver/r_sci_uart/r_sci_uart.o
 .text.r_sci_irqs_cfg
                0x00003b80       0x8c ./synergy/ssp/src/driver/r_sci_uart/r_sci_uart.o
 .text.r_sci_uart_transfer_close
                0x00003c0c       0x58 ./synergy/ssp/src/driver/r_sci_uart/r_sci_uart.o
 .text.r_sci_uart_brr_mddr_calculate
                0x00003c64      0x14c ./synergy/ssp/src/driver/r_sci_uart/r_sci_uart.o
 .text.r_sci_uart_baud_calculate
                0x00003db0       0x90 ./synergy/ssp/src/driver/r_sci_uart/r_sci_uart.o
 .text.r_sci_uart_baud_set
                0x00003e40       0x7c ./synergy/ssp/src/driver/r_sci_uart/r_sci_uart.o
 .text.r_sci_uart_write_no_transfer
                0x00003ebc       0xa4 ./synergy/ssp/src/driver/r_sci_uart/r_sci_uart.o
                0x00003ebc                r_sci_uart_write_no_transfer
 .text.r_sci_uart_read_data
                0x00003f60       0x5c ./synergy/ssp/src/driver/r_sci_uart/r_sci_uart.o
                0x00003f60                r_sci_uart_read_data
 .text.r_sci_uart_rxi_read_no_transfer
                0x00003fbc       0x8c ./synergy/ssp/src/driver/r_sci_uart/r_sci_uart.o
                0x00003fbc                r_sci_uart_rxi_read_no_transfer
 .text.r_sci_uart_abort_tx
                0x00004048       0xa4 ./synergy/ssp/src/driver/r_sci_uart/r_sci_uart.o
 .text.r_sci_uart_abort_rx
                0x000040ec       0x4c ./synergy/ssp/src/driver/r_sci_uart/r_sci_uart.o
 .text.sci_uart_txi_isr
                0x00004138       0xd0 ./synergy/ssp/src/driver/r_sci_uart/r_sci_uart.o
                0x00004138                sci_uart_txi_isr
 .text.sci_uart_rxi_isr
                0x00004208       0x80 ./synergy/ssp/src/driver/r_sci_uart/r_sci_uart.o
                0x00004208                sci_uart_rxi_isr
 .text.sci_uart_tei_isr
                0x00004288       0x80 ./synergy/ssp/src/driver/r_sci_uart/r_sci_uart.o
                0x00004288                sci_uart_tei_isr
 .text.ioport_port_address_get
                0x00004308       0x28 ./synergy/ssp/src/driver/r_ioport/r_ioport.o
 .text.ioport_pfs_address_get
                0x00004330       0x30 ./synergy/ssp/src/driver/r_ioport/r_ioport.o
 .text.HW_IOPORT_EthernetModeCfg
                0x00004360       0x64 ./synergy/ssp/src/driver/r_ioport/r_ioport.o
 .text.HW_IOPORT_PinWrite
                0x000043c4       0x5c ./synergy/ssp/src/driver/r_ioport/r_ioport.o
 .text.HW_IOPORT_PortWriteWithPCNTR3
                0x00004420       0x40 ./synergy/ssp/src/driver/r_ioport/r_ioport.o
 .text.HW_IOPORT_PortEventInputDataRead
                0x00004460       0x3c ./synergy/ssp/src/driver/r_ioport/r_ioport.o
 .text.HW_IOPORT_PortEventOutputDataWrite
                0x0000449c       0x44 ./synergy/ssp/src/driver/r_ioport/r_ioport.o
 .text.HW_IOPORT_PinEventOutputDataWrite
                0x000044e0       0x88 ./synergy/ssp/src/driver/r_ioport/r_ioport.o
 .text.HW_IOPORT_PinRead
                0x00004568       0x30 ./synergy/ssp/src/driver/r_ioport/r_ioport.o
 .text.HW_IOPORT_PortRead
                0x00004598       0x38 ./synergy/ssp/src/driver/r_ioport/r_ioport.o
 .text.HW_IOPORT_PortDirectionRead
                0x000045d0       0x34 ./synergy/ssp/src/driver/r_ioport/r_ioport.o
 .text.HW_IOPORT_PinDirectionSet
                0x00004604       0x5c ./synergy/ssp/src/driver/r_ioport/r_ioport.o
 .text.HW_IOPORT_PortDirectionSet
                0x00004660       0x40 ./synergy/ssp/src/driver/r_ioport/r_ioport.o
 .text.HW_IOPORT_PFSAccessEnable
                0x000046a0       0x5c ./synergy/ssp/src/driver/r_ioport/r_ioport.o
 .text.HW_IOPORT_PFSAccessDisable
                0x000046fc       0x68 ./synergy/ssp/src/driver/r_ioport/r_ioport.o
 .text.HW_IOPORT_PFSRead
                0x00004764       0x24 ./synergy/ssp/src/driver/r_ioport/r_ioport.o
 .text.HW_IOPORT_PFSWrite
                0x00004788       0x64 ./synergy/ssp/src/driver/r_ioport/r_ioport.o
 .text.R_IOPORT_Init
                0x000047ec       0xd0 ./synergy/ssp/src/driver/r_ioport/r_ioport.o
                0x000047ec                R_IOPORT_Init
 .text.R_IOPORT_PinsCfg
                0x000048bc       0x78 ./synergy/ssp/src/driver/r_ioport/r_ioport.o
                0x000048bc                R_IOPORT_PinsCfg
 .text.R_IOPORT_PinCfg
                0x00004934       0x68 ./synergy/ssp/src/driver/r_ioport/r_ioport.o
                0x00004934                R_IOPORT_PinCfg
 .text.R_IOPORT_PinRead
                0x0000499c       0x54 ./synergy/ssp/src/driver/r_ioport/r_ioport.o
                0x0000499c                R_IOPORT_PinRead
 .text.R_IOPORT_PortRead
                0x000049f0       0x54 ./synergy/ssp/src/driver/r_ioport/r_ioport.o
                0x000049f0                R_IOPORT_PortRead
 .text.R_IOPORT_PortWrite
                0x00004a44       0x68 ./synergy/ssp/src/driver/r_ioport/r_ioport.o
                0x00004a44                R_IOPORT_PortWrite
 .text.R_IOPORT_PinWrite
                0x00004aac       0x54 ./synergy/ssp/src/driver/r_ioport/r_ioport.o
                0x00004aac                R_IOPORT_PinWrite
 .text.R_IOPORT_PortDirectionSet
                0x00004b00       0x94 ./synergy/ssp/src/driver/r_ioport/r_ioport.o
                0x00004b00                R_IOPORT_PortDirectionSet
 .text.R_IOPORT_PinDirectionSet
                0x00004b94       0x5c ./synergy/ssp/src/driver/r_ioport/r_ioport.o
                0x00004b94                R_IOPORT_PinDirectionSet
 .text.R_IOPORT_PortEventInputRead
                0x00004bf0       0x54 ./synergy/ssp/src/driver/r_ioport/r_ioport.o
                0x00004bf0                R_IOPORT_PortEventInputRead
 .text.R_IOPORT_PinEventInputRead
                0x00004c44       0x88 ./synergy/ssp/src/driver/r_ioport/r_ioport.o
                0x00004c44                R_IOPORT_PinEventInputRead
 .text.R_IOPORT_PortEventOutputWrite
                0x00004ccc       0x68 ./synergy/ssp/src/driver/r_ioport/r_ioport.o
                0x00004ccc                R_IOPORT_PortEventOutputWrite
 .text.R_IOPORT_PinEventOutputWrite
                0x00004d34       0x94 ./synergy/ssp/src/driver/r_ioport/r_ioport.o
                0x00004d34                R_IOPORT_PinEventOutputWrite
 .text.R_IOPORT_VersionGet
                0x00004dc8       0x38 ./synergy/ssp/src/driver/r_ioport/r_ioport.o
                0x00004dc8                R_IOPORT_VersionGet
 .text.R_IOPORT_EthernetModeCfg
                0x00004e00       0x64 ./synergy/ssp/src/driver/r_ioport/r_ioport.o
                0x00004e00                R_IOPORT_EthernetModeCfg
 .text.r_ioport_pin_exists
                0x00004e64       0x5c ./synergy/ssp/src/driver/r_ioport/r_ioport.o
 .text.r_ioport_port_exists
                0x00004ec0       0x34 ./synergy/ssp/src/driver/r_ioport/r_ioport.o
 .text.bsp_vbatt_init
                0x00004ef4       0xd4 ./synergy/ssp/src/driver/r_ioport/r_ioport.o
 .text.HW_FMI_RecordLocate
                0x00004fc8       0x28 ./synergy/ssp/src/driver/r_fmi/r_fmi.o
 .text.HW_FMI_IPLocate
                0x00004ff0      0x114 ./synergy/ssp/src/driver/r_fmi/r_fmi.o
 .text.HW_FMI_EventGet
                0x00005104       0xd4 ./synergy/ssp/src/driver/r_fmi/r_fmi.o
 .text.R_FMI_Init
                0x000051d8       0x80 ./synergy/ssp/src/driver/r_fmi/r_fmi.o
 .text.R_FMI_ProductInfoGet
                0x00005258       0x48 ./synergy/ssp/src/driver/r_fmi/r_fmi.o
 .text.R_FMI_UniqueIdGet
                0x000052a0       0x70 ./synergy/ssp/src/driver/r_fmi/r_fmi.o
 .text.R_FMI_FeatureGet
                0x00005310       0x98 ./synergy/ssp/src/driver/r_fmi/r_fmi.o
 .text.R_FMI_EventInfoGet
                0x000053a8       0x48 ./synergy/ssp/src/driver/r_fmi/r_fmi.o
 .text.R_FMI_VersionGet
                0x000053f0       0x2c ./synergy/ssp/src/driver/r_fmi/r_fmi.o
 .text.fmi_part_number_validate
                0x0000541c       0xd4 ./synergy/ssp/src/driver/r_fmi/r_fmi.o
 .text.fmi_on_chip_table_validate
                0x000054f0       0x44 ./synergy/ssp/src/driver/r_fmi/r_fmi.o
 .text.fmi_table_validate
                0x00005534       0x54 ./synergy/ssp/src/driver/r_fmi/r_fmi.o
 .text.fmi_size_lookup
                0x00005588       0xb8 ./synergy/ssp/src/driver/r_fmi/r_fmi.o
 .text.fmi_unit_locate
                0x00005640       0x84 ./synergy/ssp/src/driver/r_fmi/r_fmi.o
 .text.fmi_multichannel_feature_info_get
                0x000056c4      0x114 ./synergy/ssp/src/driver/r_fmi/r_fmi.o
 .text.fmi_feature_info_get
                0x000057d8      0x170 ./synergy/ssp/src/driver/r_fmi/r_fmi.o
 .text.HW_GPT_CounterStartStop
                0x00005948       0x30 ./synergy/ssp/src/driver/r_encoder_gpt/r_encoder_gpt.o
 .text.HW_ENC_RegisterInit
                0x00005978       0xbc ./synergy/ssp/src/driver/r_encoder_gpt/r_encoder_gpt.o
 .text.gpt_common_open
                0x00005a34       0x64 ./synergy/ssp/src/driver/r_encoder_gpt/r_encoder_gpt.o
 .text.R_ENCODER_Open
                0x00005a98       0xd8 ./synergy/ssp/src/driver/r_encoder_gpt/r_encoder_gpt.o
                0x00005a98                R_ENCODER_Open
 .text.R_ENCODER_PosGet
                0x00005b70       0x84 ./synergy/ssp/src/driver/r_encoder_gpt/r_encoder_gpt.o
                0x00005b70                R_ENCODER_PosGet
 .text.R_ENCODER_PosCapSet
                0x00005bf4       0x54 ./synergy/ssp/src/driver/r_encoder_gpt/r_encoder_gpt.o
                0x00005bf4                R_ENCODER_PosCapSet
 .text.R_ENCODER_PosSet
                0x00005c48       0x3c ./synergy/ssp/src/driver/r_encoder_gpt/r_encoder_gpt.o
                0x00005c48                R_ENCODER_PosSet
 .text.R_ENCODER_InfoGet
                0x00005c84       0x40 ./synergy/ssp/src/driver/r_encoder_gpt/r_encoder_gpt.o
                0x00005c84                R_ENCODER_InfoGet
 .text.R_ENCODER_Close
                0x00005cc4       0x20 ./synergy/ssp/src/driver/r_encoder_gpt/r_encoder_gpt.o
                0x00005cc4                R_ENCODER_Close
 .text.R_ENCODER_VersionGet
                0x00005ce4       0x28 ./synergy/ssp/src/driver/r_encoder_gpt/r_encoder_gpt.o
                0x00005ce4                R_ENCODER_VersionGet
 .text.HW_ELC_SoftwareEvent0Generate
                0x00005d0c       0x24 ./synergy/ssp/src/driver/r_elc/r_elc.o
 .text.HW_ELC_SoftwareEvent1Generate
                0x00005d30       0x24 ./synergy/ssp/src/driver/r_elc/r_elc.o
 .text.HW_ELC_Enable
                0x00005d54       0x1c ./synergy/ssp/src/driver/r_elc/r_elc.o
 .text.HW_ELC_Disable
                0x00005d70       0x1c ./synergy/ssp/src/driver/r_elc/r_elc.o
 .text.HW_ELC_LinkSet
                0x00005d8c       0x24 ./synergy/ssp/src/driver/r_elc/r_elc.o
 .text.HW_ELC_LinkBreak
                0x00005db0       0x20 ./synergy/ssp/src/driver/r_elc/r_elc.o
 .text.R_ELC_Init
                0x00005dd0       0xc0 ./synergy/ssp/src/driver/r_elc/r_elc.o
                0x00005dd0                R_ELC_Init
 .text.R_ELC_SoftwareEventGenerate
                0x00005e90       0x40 ./synergy/ssp/src/driver/r_elc/r_elc.o
                0x00005e90                R_ELC_SoftwareEventGenerate
 .text.R_ELC_LinkSet
                0x00005ed0       0x30 ./synergy/ssp/src/driver/r_elc/r_elc.o
                0x00005ed0                R_ELC_LinkSet
 .text.R_ELC_LinkBreak
                0x00005f00       0x28 ./synergy/ssp/src/driver/r_elc/r_elc.o
                0x00005f00                R_ELC_LinkBreak
 .text.R_ELC_Enable
                0x00005f28       0x18 ./synergy/ssp/src/driver/r_elc/r_elc.o
                0x00005f28                R_ELC_Enable
 .text.R_ELC_Disable
                0x00005f40       0x18 ./synergy/ssp/src/driver/r_elc/r_elc.o
                0x00005f40                R_ELC_Disable
 .text.R_ELC_VersionGet
                0x00005f58       0x2c ./synergy/ssp/src/driver/r_elc/r_elc.o
                0x00005f58                R_ELC_VersionGet
 .text.HW_DTC_VectorTableAddressSet
                0x00005f84       0x1c ./synergy/ssp/src/driver/r_dtc/r_dtc.o
 .text.HW_DTC_ReadSkipEnableSet
                0x00005fa0       0x34 ./synergy/ssp/src/driver/r_dtc/r_dtc.o
 .text.HW_DTC_StartStop
                0x00005fd4       0x34 ./synergy/ssp/src/driver/r_dtc/r_dtc.o
 .text.HW_ICU_DTCEnable
                0x00006008       0x40 ./synergy/ssp/src/driver/r_dtc/r_dtc.o
 .text.HW_ICU_DTCDisable
                0x00006048       0x2c ./synergy/ssp/src/driver/r_dtc/r_dtc.o
 .text.HW_DTC_StatusGet
                0x00006074       0x1c ./synergy/ssp/src/driver/r_dtc/r_dtc.o
 .text.HW_DTC_ICUEventGet
                0x00006090       0x2c ./synergy/ssp/src/driver/r_dtc/r_dtc.o
 .text.R_DTC_Open
                0x000060bc       0xd8 ./synergy/ssp/src/driver/r_dtc/r_dtc.o
                0x000060bc                R_DTC_Open
 .text.R_DTC_Reset
                0x00006194       0xfc ./synergy/ssp/src/driver/r_dtc/r_dtc.o
                0x00006194                R_DTC_Reset
 .text.R_DTC_Start
                0x00006290       0x20 ./synergy/ssp/src/driver/r_dtc/r_dtc.o
                0x00006290                R_DTC_Start
 .text.R_DTC_Stop
                0x000062b0       0x18 ./synergy/ssp/src/driver/r_dtc/r_dtc.o
                0x000062b0                R_DTC_Stop
 .text.R_DTC_Enable
                0x000062c8       0x94 ./synergy/ssp/src/driver/r_dtc/r_dtc.o
                0x000062c8                R_DTC_Enable
 .text.R_DTC_Disable
                0x0000635c       0x48 ./synergy/ssp/src/driver/r_dtc/r_dtc.o
                0x0000635c                R_DTC_Disable
 .text.R_DTC_InfoGet
                0x000063a4       0xf0 ./synergy/ssp/src/driver/r_dtc/r_dtc.o
                0x000063a4                R_DTC_InfoGet
 .text.R_DTC_Close
                0x00006494       0x74 ./synergy/ssp/src/driver/r_dtc/r_dtc.o
                0x00006494                R_DTC_Close
 .text.R_DTC_VersionGet
                0x00006508       0x2c ./synergy/ssp/src/driver/r_dtc/r_dtc.o
                0x00006508                R_DTC_VersionGet
 .text.R_DTC_BlockReset
                0x00006534      0x104 ./synergy/ssp/src/driver/r_dtc/r_dtc.o
                0x00006534                R_DTC_BlockReset
 .text.dtc_irq_lookup
                0x00006638       0x50 ./synergy/ssp/src/driver/r_dtc/r_dtc.o
 .text.r_dtc_initialize_repeat_block_mode
                0x00006688       0x58 ./synergy/ssp/src/driver/r_dtc/r_dtc.o
 .text.r_dtc_state_initialize
                0x000066e0      0x124 ./synergy/ssp/src/driver/r_dtc/r_dtc.o
 .text.r_dtc_parameter_check
                0x00006804       0x4c ./synergy/ssp/src/driver/r_dtc/r_dtc.o
 .text.r_dtc_reset_parameter_check
                0x00006850       0x8c ./synergy/ssp/src/driver/r_dtc/r_dtc.o
 .text.r_dtc_block_reset_parameter_check
                0x000068dc       0x70 ./synergy/ssp/src/driver/r_dtc/r_dtc.o
 .text.r_dtc_enable_alignment_check
                0x0000694c       0x74 ./synergy/ssp/src/driver/r_dtc/r_dtc.o
 .text.__NVIC_SetPriority
                0x000069c0       0x54 ./synergy/ssp/src/driver/r_cgc/hw/hw_cgc.o
 .text.__NVIC_GetPriority
                0x00006a14       0x50 ./synergy/ssp/src/driver/r_cgc/hw/hw_cgc.o
 .text.SysTick_Config
                0x00006a64       0x44 ./synergy/ssp/src/driver/r_cgc/hw/hw_cgc.o
 .text.HW_CGC_Init
                0x00006aa8       0x48 ./synergy/ssp/src/driver/r_cgc/hw/hw_cgc.o
                0x00006aa8                HW_CGC_Init
 .text.HW_CGC_InitPLLFreq
                0x00006af0       0xb8 ./synergy/ssp/src/driver/r_cgc/hw/hw_cgc.o
                0x00006af0                HW_CGC_InitPLLFreq
 .text.HW_CGC_HardwareLock
                0x00006ba8        0xc ./synergy/ssp/src/driver/r_cgc/hw/hw_cgc.o
                0x00006ba8                HW_CGC_HardwareLock
 .text.HW_CGC_HardwareUnLock
                0x00006bb4        0xc ./synergy/ssp/src/driver/r_cgc/hw/hw_cgc.o
                0x00006bb4                HW_CGC_HardwareUnLock
 .text.HW_CGC_LPMHardwareLock
                0x00006bc0        0xc ./synergy/ssp/src/driver/r_cgc/hw/hw_cgc.o
                0x00006bc0                HW_CGC_LPMHardwareLock
 .text.HW_CGC_LPMHardwareUnLock
                0x00006bcc        0xc ./synergy/ssp/src/driver/r_cgc/hw/hw_cgc.o
                0x00006bcc                HW_CGC_LPMHardwareUnLock
 .text.HW_CGC_MainClockDriveSet
                0x00006bd8       0x64 ./synergy/ssp/src/driver/r_cgc/hw/hw_cgc.o
                0x00006bd8                HW_CGC_MainClockDriveSet
 .text.HW_CGC_SubClockDriveSet
                0x00006c3c       0x64 ./synergy/ssp/src/driver/r_cgc/hw/hw_cgc.o
                0x00006c3c                HW_CGC_SubClockDriveSet
 .text.HW_CGC_ClockStart
                0x00006ca0       0xa0 ./synergy/ssp/src/driver/r_cgc/hw/hw_cgc.o
                0x00006ca0                HW_CGC_ClockStart
 .text.HW_CGC_ClockStop
                0x00006d40       0xa0 ./synergy/ssp/src/driver/r_cgc/hw/hw_cgc.o
                0x00006d40                HW_CGC_ClockStop
 .text.HW_CGC_ClockCheck
                0x00006de0       0x74 ./synergy/ssp/src/driver/r_cgc/hw/hw_cgc.o
                0x00006de0                HW_CGC_ClockCheck
 .text.HW_CGC_ClockRunStateGet
                0x00006e54       0xc4 ./synergy/ssp/src/driver/r_cgc/hw/hw_cgc.o
                0x00006e54                HW_CGC_ClockRunStateGet
 .text.HW_CGC_DelayCycles
                0x00006f18       0x54 ./synergy/ssp/src/driver/r_cgc/hw/hw_cgc.o
                0x00006f18                HW_CGC_DelayCycles
 .text.HW_CGC_MainOscSourceSet
                0x00006f6c       0x3c ./synergy/ssp/src/driver/r_cgc/hw/hw_cgc.o
                0x00006f6c                HW_CGC_MainOscSourceSet
 .text.HW_CGC_ClockWaitSet
                0x00006fa8       0x40 ./synergy/ssp/src/driver/r_cgc/hw/hw_cgc.o
                0x00006fa8                HW_CGC_ClockWaitSet
 .text.HW_CGC_ClockSourceValidCheck
                0x00006fe8       0x44 ./synergy/ssp/src/driver/r_cgc/hw/hw_cgc.o
                0x00006fe8                HW_CGC_ClockSourceValidCheck
 .text.HW_CGC_ClockSourceGet
                0x0000702c       0x20 ./synergy/ssp/src/driver/r_cgc/hw/hw_cgc.o
                0x0000702c                HW_CGC_ClockSourceGet
 .text.HW_CGC_ClockSourceSet
                0x0000704c       0x3c ./synergy/ssp/src/driver/r_cgc/hw/hw_cgc.o
                0x0000704c                HW_CGC_ClockSourceSet
 .text.HW_CGC_PLLClockSourceGet
                0x00007088       0x44 ./synergy/ssp/src/driver/r_cgc/hw/hw_cgc.o
                0x00007088                HW_CGC_PLLClockSourceGet
 .text.HW_CGC_PLLClockSourceSet
                0x000070cc       0x38 ./synergy/ssp/src/driver/r_cgc/hw/hw_cgc.o
                0x000070cc                HW_CGC_PLLClockSourceSet
 .text.HW_CGC_PLLMultiplierSet
                0x00007104       0xb0 ./synergy/ssp/src/driver/r_cgc/hw/hw_cgc.o
                0x00007104                HW_CGC_PLLMultiplierSet
 .text.HW_CGC_PLLMultiplierGet
                0x000071b4       0x90 ./synergy/ssp/src/driver/r_cgc/hw/hw_cgc.o
                0x000071b4                HW_CGC_PLLMultiplierGet
 .text.HW_CGC_PLLDividerSet
                0x00007244       0xa4 ./synergy/ssp/src/driver/r_cgc/hw/hw_cgc.o
                0x00007244                HW_CGC_PLLDividerSet
 .text.HW_CGC_PLLDividerGet
                0x000072e8       0x74 ./synergy/ssp/src/driver/r_cgc/hw/hw_cgc.o
                0x000072e8                HW_CGC_PLLDividerGet
 .text.HW_CGC_SystemDividersSet
                0x0000735c      0x148 ./synergy/ssp/src/driver/r_cgc/hw/hw_cgc.o
                0x0000735c                HW_CGC_SystemDividersSet
 .text.HW_CGC_SystemDividersGet
                0x000074a4       0x90 ./synergy/ssp/src/driver/r_cgc/hw/hw_cgc.o
                0x000074a4                HW_CGC_SystemDividersGet
 .text.HW_CGC_ClockCfgValidCheck
                0x00007534       0x88 ./synergy/ssp/src/driver/r_cgc/hw/hw_cgc.o
                0x00007534                HW_CGC_ClockCfgValidCheck
 .text.HW_CGC_ClockDividerGet
                0x000075bc       0xb8 ./synergy/ssp/src/driver/r_cgc/hw/hw_cgc.o
                0x000075bc                HW_CGC_ClockDividerGet
 .text.HW_CGC_ClockHzGet
                0x00007674       0x3c ./synergy/ssp/src/driver/r_cgc/hw/hw_cgc.o
                0x00007674                HW_CGC_ClockHzGet
 .text.HW_CGC_ClockHzCalculate
                0x000076b0       0x30 ./synergy/ssp/src/driver/r_cgc/hw/hw_cgc.o
                0x000076b0                HW_CGC_ClockHzCalculate
 .text.HW_CGC_OperatingModeSet
                0x000076e0      0x140 ./synergy/ssp/src/driver/r_cgc/hw/hw_cgc.o
                0x000076e0                HW_CGC_OperatingModeSet
 .text.HW_CGC_OperatingModeGet
                0x00007820       0x40 ./synergy/ssp/src/driver/r_cgc/hw/hw_cgc.o
                0x00007820                HW_CGC_OperatingModeGet
 .text.HW_CGC_OscStopDetectEnable
                0x00007860       0x34 ./synergy/ssp/src/driver/r_cgc/hw/hw_cgc.o
                0x00007860                HW_CGC_OscStopDetectEnable
 .text.HW_CGC_OscStopDetectDisable
                0x00007894       0x34 ./synergy/ssp/src/driver/r_cgc/hw/hw_cgc.o
                0x00007894                HW_CGC_OscStopDetectDisable
 .text.HW_CGC_OscStopDetectEnabledGet
                0x000078c8       0x2c ./synergy/ssp/src/driver/r_cgc/hw/hw_cgc.o
                0x000078c8                HW_CGC_OscStopDetectEnabledGet
 .text.HW_CGC_OscStopDetectGet
                0x000078f4       0x2c ./synergy/ssp/src/driver/r_cgc/hw/hw_cgc.o
                0x000078f4                HW_CGC_OscStopDetectGet
 .text.HW_CGC_OscStopStatusClear
                0x00007920       0x3c ./synergy/ssp/src/driver/r_cgc/hw/hw_cgc.o
                0x00007920                HW_CGC_OscStopStatusClear
 .text.HW_CGC_BusClockOutCfg
                0x0000795c       0x3c ./synergy/ssp/src/driver/r_cgc/hw/hw_cgc.o
                0x0000795c                HW_CGC_BusClockOutCfg
 .text.HW_CGC_BusClockOutEnable
                0x00007998       0x24 ./synergy/ssp/src/driver/r_cgc/hw/hw_cgc.o
                0x00007998                HW_CGC_BusClockOutEnable
 .text.HW_CGC_BusClockOutDisable
                0x000079bc       0x24 ./synergy/ssp/src/driver/r_cgc/hw/hw_cgc.o
                0x000079bc                HW_CGC_BusClockOutDisable
 .text.HW_CGC_ClockOutCfg
                0x000079e0       0x70 ./synergy/ssp/src/driver/r_cgc/hw/hw_cgc.o
                0x000079e0                HW_CGC_ClockOutCfg
 .text.HW_CGC_ClockOutEnable
                0x00007a50       0x24 ./synergy/ssp/src/driver/r_cgc/hw/hw_cgc.o
                0x00007a50                HW_CGC_ClockOutEnable
 .text.HW_CGC_ClockOutDisable
                0x00007a74       0x24 ./synergy/ssp/src/driver/r_cgc/hw/hw_cgc.o
                0x00007a74                HW_CGC_ClockOutDisable
 .text.HW_CGC_SDRAMClockOutEnable
                0x00007a98       0x24 ./synergy/ssp/src/driver/r_cgc/hw/hw_cgc.o
                0x00007a98                HW_CGC_SDRAMClockOutEnable
 .text.HW_CGC_SDRAMClockOutDisable
                0x00007abc       0x24 ./synergy/ssp/src/driver/r_cgc/hw/hw_cgc.o
                0x00007abc                HW_CGC_SDRAMClockOutDisable
 .text.HW_CGC_USBClockCfg
                0x00007ae0       0x3c ./synergy/ssp/src/driver/r_cgc/hw/hw_cgc.o
                0x00007ae0                HW_CGC_USBClockCfg
 .text.HW_CGC_SystickUpdate
                0x00007b1c       0x64 ./synergy/ssp/src/driver/r_cgc/hw/hw_cgc.o
                0x00007b1c                HW_CGC_SystickUpdate
 .text.HW_CGC_LCDClockCfg
                0x00007b80       0x38 ./synergy/ssp/src/driver/r_cgc/hw/hw_cgc.o
                0x00007b80                HW_CGC_LCDClockCfg
 .text.HW_CGC_LCDClockCfgGet
                0x00007bb8       0x20 ./synergy/ssp/src/driver/r_cgc/hw/hw_cgc.o
                0x00007bb8                HW_CGC_LCDClockCfgGet
 .text.HW_CGC_LCDClockEnable
                0x00007bd8       0x20 ./synergy/ssp/src/driver/r_cgc/hw/hw_cgc.o
                0x00007bd8                HW_CGC_LCDClockEnable
 .text.HW_CGC_LCDClockDisable
                0x00007bf8       0x20 ./synergy/ssp/src/driver/r_cgc/hw/hw_cgc.o
                0x00007bf8                HW_CGC_LCDClockDisable
 .text.HW_CGC_LCDClockIsEnabled
                0x00007c18       0x2c ./synergy/ssp/src/driver/r_cgc/hw/hw_cgc.o
                0x00007c18                HW_CGC_LCDClockIsEnabled
 .text.HW_CGC_SDADCClockCfg
                0x00007c44       0x3c ./synergy/ssp/src/driver/r_cgc/hw/hw_cgc.o
                0x00007c44                HW_CGC_SDADCClockCfg
 .text.HW_CGC_SDADCClockEnable
                0x00007c80       0x20 ./synergy/ssp/src/driver/r_cgc/hw/hw_cgc.o
                0x00007c80                HW_CGC_SDADCClockEnable
 .text.HW_CGC_SDADCClockDisable
                0x00007ca0       0x20 ./synergy/ssp/src/driver/r_cgc/hw/hw_cgc.o
                0x00007ca0                HW_CGC_SDADCClockDisable
 .text.HW_CGC_SDADCClockIsEnabled
                0x00007cc0       0x2c ./synergy/ssp/src/driver/r_cgc/hw/hw_cgc.o
                0x00007cc0                HW_CGC_SDADCClockIsEnabled
 .text.HW_CGC_HocoWaitControlSet
                0x00007cec       0x3c ./synergy/ssp/src/driver/r_cgc/hw/hw_cgc.o
                0x00007cec                HW_CGC_HocoWaitControlSet
 .text.HW_CGC_SetHighSpeedMode
                0x00007d28       0x18 ./synergy/ssp/src/driver/r_cgc/r_cgc.o
 .text.HW_CGC_SetMiddleSpeedMode
                0x00007d40       0x18 ./synergy/ssp/src/driver/r_cgc/r_cgc.o
 .text.HW_CGC_SetLowSpeedMode
                0x00007d58       0x18 ./synergy/ssp/src/driver/r_cgc/r_cgc.o
 .text.HW_CGC_SetSubOscSpeedMode
                0x00007d70       0x18 ./synergy/ssp/src/driver/r_cgc/r_cgc.o
 .text.R_CGC_Init
                0x00007d88      0x114 ./synergy/ssp/src/driver/r_cgc/r_cgc.o
                0x00007d88                R_CGC_Init
 .text.R_CGC_ClocksCfg
                0x00007e9c      0x2b8 ./synergy/ssp/src/driver/r_cgc/r_cgc.o
                0x00007e9c                R_CGC_ClocksCfg
 .text.R_CGC_ClockStart
                0x00008154      0x2f4 ./synergy/ssp/src/driver/r_cgc/r_cgc.o
                0x00008154                R_CGC_ClockStart
 .text.R_CGC_ClockStop
                0x00008448      0x13c ./synergy/ssp/src/driver/r_cgc/r_cgc.o
                0x00008448                R_CGC_ClockStop
 .text.R_CGC_SystemClockSet
                0x00008584      0x294 ./synergy/ssp/src/driver/r_cgc/r_cgc.o
                0x00008584                R_CGC_SystemClockSet
 .text.R_CGC_SystemClockGet
                0x00008818       0x4c ./synergy/ssp/src/driver/r_cgc/r_cgc.o
                0x00008818                R_CGC_SystemClockGet
 .text.R_CGC_SystemClockFreqGet
                0x00008864       0x94 ./synergy/ssp/src/driver/r_cgc/r_cgc.o
                0x00008864                R_CGC_SystemClockFreqGet
 .text.R_CGC_ClockCheck
                0x000088f8       0xa8 ./synergy/ssp/src/driver/r_cgc/r_cgc.o
                0x000088f8                R_CGC_ClockCheck
 .text.R_CGC_OscStopDetect
                0x000089a0      0x288 ./synergy/ssp/src/driver/r_cgc/r_cgc.o
                0x000089a0                R_CGC_OscStopDetect
 .text.R_CGC_OscStopStatusClear
                0x00008c28       0xa0 ./synergy/ssp/src/driver/r_cgc/r_cgc.o
                0x00008c28                R_CGC_OscStopStatusClear
 .text.R_CGC_BusClockOutCfg
                0x00008cc8       0x28 ./synergy/ssp/src/driver/r_cgc/r_cgc.o
                0x00008cc8                R_CGC_BusClockOutCfg
 .text.R_CGC_BusClockOutEnable
                0x00008cf0       0x18 ./synergy/ssp/src/driver/r_cgc/r_cgc.o
                0x00008cf0                R_CGC_BusClockOutEnable
 .text.R_CGC_BusClockOutDisable
                0x00008d08       0x18 ./synergy/ssp/src/driver/r_cgc/r_cgc.o
                0x00008d08                R_CGC_BusClockOutDisable
 .text.R_CGC_ClockOutCfg
                0x00008d20       0x30 ./synergy/ssp/src/driver/r_cgc/r_cgc.o
                0x00008d20                R_CGC_ClockOutCfg
 .text.R_CGC_ClockOutEnable
                0x00008d50       0x18 ./synergy/ssp/src/driver/r_cgc/r_cgc.o
                0x00008d50                R_CGC_ClockOutEnable
 .text.R_CGC_ClockOutDisable
                0x00008d68       0x18 ./synergy/ssp/src/driver/r_cgc/r_cgc.o
                0x00008d68                R_CGC_ClockOutDisable
 .text.R_CGC_LCDClockCfg
                0x00008d80       0xb4 ./synergy/ssp/src/driver/r_cgc/r_cgc.o
                0x00008d80                R_CGC_LCDClockCfg
 .text.R_CGC_LCDClockEnable
                0x00008e34       0x7c ./synergy/ssp/src/driver/r_cgc/r_cgc.o
                0x00008e34                R_CGC_LCDClockEnable
 .text.R_CGC_LCDClockDisable
                0x00008eb0       0x74 ./synergy/ssp/src/driver/r_cgc/r_cgc.o
                0x00008eb0                R_CGC_LCDClockDisable
 .text.R_CGC_SDADCClockCfg
                0x00008f24       0x78 ./synergy/ssp/src/driver/r_cgc/r_cgc.o
                0x00008f24                R_CGC_SDADCClockCfg
 .text.R_CGC_SDADCClockEnable
                0x00008f9c       0x40 ./synergy/ssp/src/driver/r_cgc/r_cgc.o
                0x00008f9c                R_CGC_SDADCClockEnable
 .text.R_CGC_SDADCClockDisable
                0x00008fdc       0x40 ./synergy/ssp/src/driver/r_cgc/r_cgc.o
                0x00008fdc                R_CGC_SDADCClockDisable
 .text.R_CGC_SDRAMClockOutEnable
                0x0000901c       0x34 ./synergy/ssp/src/driver/r_cgc/r_cgc.o
                0x0000901c                R_CGC_SDRAMClockOutEnable
 .text.R_CGC_SDRAMClockOutDisable
                0x00009050       0x34 ./synergy/ssp/src/driver/r_cgc/r_cgc.o
                0x00009050                R_CGC_SDRAMClockOutDisable
 .text.R_CGC_USBClockCfg
                0x00009084       0x40 ./synergy/ssp/src/driver/r_cgc/r_cgc.o
                0x00009084                R_CGC_USBClockCfg
 .text.R_CGC_SystickUpdate
                0x000090c4       0x98 ./synergy/ssp/src/driver/r_cgc/r_cgc.o
                0x000090c4                R_CGC_SystickUpdate
 .text.R_CGC_VersionGet
                0x0000915c       0x2c ./synergy/ssp/src/driver/r_cgc/r_cgc.o
                0x0000915c                R_CGC_VersionGet
 .text.r_cgc_stabilization_wait
                0x00009188       0x68 ./synergy/ssp/src/driver/r_cgc/r_cgc.o
 .text.r_cgc_clock_start_stop
                0x000091f0       0x68 ./synergy/ssp/src/driver/r_cgc/r_cgc.o
 .text.r_cgc_check_peripheral_clocks
                0x00009258       0x90 ./synergy/ssp/src/driver/r_cgc/r_cgc.o
 .text.r_cgc_subosc_mode_possible
                0x000092e8       0xd4 ./synergy/ssp/src/driver/r_cgc/r_cgc.o
 .text.r_cgc_low_speed_mode_possible
                0x000093bc       0x40 ./synergy/ssp/src/driver/r_cgc/r_cgc.o
 .text.r_cgc_operating_mode_set
                0x000093fc       0x98 ./synergy/ssp/src/driver/r_cgc/r_cgc.o
 .text.R_SSP_CurrentIrqGet
                0x00009494       0x34 ./synergy/ssp/src/driver/changed_src_files/r_motor.o
 .text.R_SSP_VectorInfoGet
                0x000094c8       0x2c ./synergy/ssp/src/driver/changed_src_files/r_motor.o
 .text.pwm_counter_overflow
                0x000094f4      0x1e8 ./synergy/ssp/src/driver/changed_src_files/r_motor.o
                0x000094f4                pwm_counter_overflow
 .text.adc_comp_isr
                0x000096dc       0xa0 ./synergy/ssp/src/driver/changed_src_files/r_motor.o
                0x000096dc                adc_comp_isr
 .text.timer_change_commut_isr
                0x0000977c      0x14c ./synergy/ssp/src/driver/changed_src_files/r_motor.o
                0x0000977c                timer_change_commut_isr
 .text.__NVIC_EnableIRQ
                0x000098c8       0x38 ./synergy/ssp/src/driver/changed_src_files/r_motor_bldc.o
 .text.__NVIC_ClearPendingIRQ
                0x00009900       0x3c ./synergy/ssp/src/driver/changed_src_files/r_motor_bldc.o
 .text.__NVIC_SetPriority
                0x0000993c       0x54 ./synergy/ssp/src/driver/changed_src_files/r_motor_bldc.o
 .text.R_SSP_VectorInfoGet
                0x00009990       0x2c ./synergy/ssp/src/driver/changed_src_files/r_motor_bldc.o
 .text.HW_GPT_ModeSet
                0x000099bc       0x30 ./synergy/ssp/src/driver/changed_src_files/r_motor_bldc.o
 .text.HW_GPT_CounterStartStop
                0x000099ec       0x30 ./synergy/ssp/src/driver/changed_src_files/r_motor_bldc.o
 .text.HW_GPT_InterruptEnable
                0x00009a1c       0x30 ./synergy/ssp/src/driver/changed_src_files/r_motor_bldc.o
 .text.HW_GPT_InterruptDisable
                0x00009a4c       0x1c ./synergy/ssp/src/driver/changed_src_files/r_motor_bldc.o
 .text.HW_GPT_GTIOCRegLookup
                0x00009a68       0x2c ./synergy/ssp/src/driver/changed_src_files/r_motor_bldc.o
 .text.HW_GPT_GTIOCPinLevelStoppedSet
                0x00009a94       0x34 ./synergy/ssp/src/driver/changed_src_files/r_motor_bldc.o
 .text.HW_GPT_GTIOCPinOutputEnable
                0x00009ac8       0x34 ./synergy/ssp/src/driver/changed_src_files/r_motor_bldc.o
 .text.HW_GPT_GTIOCCycleEndOutputSet
                0x00009afc       0x34 ./synergy/ssp/src/driver/changed_src_files/r_motor_bldc.o
 .text.HW_GPT_GTIOCCompareMatchOutputSet
                0x00009b30       0x34 ./synergy/ssp/src/driver/changed_src_files/r_motor_bldc.o
 .text.HW_GPT_GTIOCInitialOutputSet
                0x00009b64       0x34 ./synergy/ssp/src/driver/changed_src_files/r_motor_bldc.o
 .text.HW_MTR_RegisterInit
                0x00009b98       0xb0 ./synergy/ssp/src/driver/changed_src_files/r_motor_bldc.o
 .text.configure_comparator_delay_gpt
                0x00009c48       0x34 ./synergy/ssp/src/driver/changed_src_files/r_motor_bldc.o
                0x00009c48                configure_comparator_delay_gpt
 .text.change_pwm_duty
                0x00009c7c      0x12c ./synergy/ssp/src/driver/changed_src_files/r_motor_bldc.o
                0x00009c7c                change_pwm_duty
 .text.motor_bldc_init
                0x00009da8       0x5c ./synergy/ssp/src/driver/changed_src_files/r_motor_bldc.o
 .text.update_pwm
                0x00009e04      0x160 ./synergy/ssp/src/driver/changed_src_files/r_motor_bldc.o
 .text.commutate_svm
                0x00009f64      0x268 ./synergy/ssp/src/driver/changed_src_files/r_motor_bldc.o
 .text.commutate_foc
                0x0000a1cc      0x2c4 ./synergy/ssp/src/driver/changed_src_files/r_motor_bldc.o
 .text.commutate_set
                0x0000a490       0xf4 ./synergy/ssp/src/driver/changed_src_files/r_motor_bldc.o
 .text.map_channels
                0x0000a584      0x100 ./synergy/ssp/src/driver/changed_src_files/r_motor_bldc.o
 .text.gpt_common_open
                0x0000a684      0x118 ./synergy/ssp/src/driver/changed_src_files/r_motor_bldc.o
 .text.gpt_set_pins
                0x0000a79c       0x40 ./synergy/ssp/src/driver/changed_src_files/r_motor_bldc.o
 .text.gpt_set_pins_comp
                0x0000a7dc      0x114 ./synergy/ssp/src/driver/changed_src_files/r_motor_bldc.o
 .text.enable_adc_timer
                0x0000a8f0      0x214 ./synergy/ssp/src/driver/changed_src_files/r_motor_bldc.o
 .text.R_Motor_BLDC_Open
                0x0000ab04      0x2dc ./synergy/ssp/src/driver/changed_src_files/r_motor_bldc.o
                0x0000ab04                R_Motor_BLDC_Open
 .text.reset_command
                0x0000ade0       0xdc ./synergy/ssp/src/driver/changed_src_files/r_motor_bldc.o
                0x0000ade0                reset_command
 *fill*         0x0000aebc        0x4 ff
 .text.R_Motor_BLDC_Setup
                0x0000aec0       0xcc ./synergy/ssp/src/driver/changed_src_files/r_motor_bldc.o
                0x0000aec0                R_Motor_BLDC_Setup
 .text.R_Motor_BLDC_Control
                0x0000af8c      0x1c4 ./synergy/ssp/src/driver/changed_src_files/r_motor_bldc.o
                0x0000af8c                R_Motor_BLDC_Control
 .text.R_Motor_BLDC_InfoGet
                0x0000b150       0x18 ./synergy/ssp/src/driver/changed_src_files/r_motor_bldc.o
                0x0000b150                R_Motor_BLDC_InfoGet
 .text.R_Motor_BLDC_Close
                0x0000b168      0x114 ./synergy/ssp/src/driver/changed_src_files/r_motor_bldc.o
                0x0000b168                R_Motor_BLDC_Close
 .text.R_Motor_BLDC_VersionGet
                0x0000b27c       0x24 ./synergy/ssp/src/driver/changed_src_files/r_motor_bldc.o
                0x0000b27c                R_Motor_BLDC_VersionGet
 .text.R_BSP_CacheOff
                0x0000b2a0       0x44 ./synergy/ssp/src/bsp/mcu/s5d3/bsp_cache.o
                0x0000b2a0                R_BSP_CacheOff
 .text.R_BSP_CacheSet
                0x0000b2e4       0x74 ./synergy/ssp/src/bsp/mcu/s5d3/bsp_cache.o
                0x0000b2e4                R_BSP_CacheSet
 .text.bsp_clock_init
                0x0000b358       0xd0 ./synergy/ssp/src/bsp/mcu/s5d3/bsp_clocks.o
                0x0000b358                bsp_clock_init
 .text.bsp_cpu_clock_get
                0x0000b428       0x24 ./synergy/ssp/src/bsp/mcu/s5d3/bsp_clocks.o
                0x0000b428                bsp_cpu_clock_get
 .text.bsp_clocks_rom_wait_set
                0x0000b44c       0x38 ./synergy/ssp/src/bsp/mcu/s5d3/bsp_clocks.o
 .text.bsp_clocks_rom_wait_get
                0x0000b484       0x20 ./synergy/ssp/src/bsp/mcu/s5d3/bsp_clocks.o
 .text.bsp_clocks_sram_wait_set
                0x0000b4a4       0x64 ./synergy/ssp/src/bsp/mcu/s5d3/bsp_clocks.o
 .text.bsp_clock_set_callback
                0x0000b508       0xa8 ./synergy/ssp/src/bsp/mcu/s5d3/bsp_clocks.o
                0x0000b508                bsp_clock_set_callback
 .text.R_BSP_FeatureSciGet
                0x0000b5b0       0x18 ./synergy/ssp/src/bsp/mcu/s5d3/bsp_feature.o
                0x0000b5b0                R_BSP_FeatureSciGet
 .text.R_BSP_FeatureIoportGet
                0x0000b5c8       0x28 ./synergy/ssp/src/bsp/mcu/s5d3/bsp_feature.o
                0x0000b5c8                R_BSP_FeatureIoportGet
 .text.R_BSP_FeatureCgcGet
                0x0000b5f0       0x1c ./synergy/ssp/src/bsp/mcu/s5d3/bsp_feature.o
                0x0000b5f0                R_BSP_FeatureCgcGet
 .text.bsp_group_interrupt_open
                0x0000b60c       0x30 ./synergy/ssp/src/bsp/mcu/s5d3/bsp_group_irq.o
                0x0000b60c                bsp_group_interrupt_open
 .text.bsp_group_irq_call
                0x0000b63c       0x3c ./synergy/ssp/src/bsp/mcu/s5d3/bsp_group_irq.o
                0x0000b63c                bsp_group_irq_call
 .text.R_BSP_GroupIrqWrite
                0x0000b678       0x40 ./synergy/ssp/src/bsp/mcu/s5d3/bsp_group_irq.o
                0x0000b678                R_BSP_GroupIrqWrite
 .text.NMI_Handler
                0x0000b6b8      0x1c0 ./synergy/ssp/src/bsp/mcu/s5d3/bsp_group_irq.o
                0x0000b6b8                NMI_Handler
 .text.R_BSP_ModuleStop
                0x0000b878       0x1c ./synergy/ssp/src/bsp/mcu/s5d3/bsp_module_stop.o
                0x0000b878                R_BSP_ModuleStop
 .text.R_BSP_ModuleStart
                0x0000b894       0x1c ./synergy/ssp/src/bsp/mcu/s5d3/bsp_module_stop.o
                0x0000b894                R_BSP_ModuleStart
 .text.r_bsp_module_start_stop
                0x0000b8b0       0xe4 ./synergy/ssp/src/bsp/mcu/s5d3/bsp_module_stop.o
 .text.r_bsp_get_mstp_mask
                0x0000b994       0x90 ./synergy/ssp/src/bsp/mcu/s5d3/bsp_module_stop.o
 .text.R_BSP_LedsGet
                0x0000ba24       0x30 ./synergy/ssp/src/bsp/mcu/all/bsp_common_leds.o
                0x0000ba24                R_BSP_LedsGet
 .text.R_BSP_SoftwareDelay
                0x0000ba54      0x124 ./synergy/ssp/src/bsp/mcu/all/bsp_delay.o
                0x0000ba54                R_BSP_SoftwareDelay
 .text.software_delay_loop
                0x0000bb78        0xc ./synergy/ssp/src/bsp/mcu/all/bsp_delay.o
 .text.R_BSP_IrqStatusClear
                0x0000bb84       0x34 ./synergy/ssp/src/bsp/mcu/all/bsp_irq.o
                0x0000bb84                R_BSP_IrqStatusClear
 .text.bsp_irq_cfg
                0x0000bbb8       0x60 ./synergy/ssp/src/bsp/mcu/all/bsp_irq.o
                0x0000bbb8                bsp_irq_cfg
 .text.R_BSP_SoftwareLock
                0x0000bc18       0x20 ./synergy/ssp/src/bsp/mcu/all/bsp_locking.o
                0x0000bc18                R_BSP_SoftwareLock
 .text.r_bsp_software_lock_cm4
                0x0000bc38       0x70 ./synergy/ssp/src/bsp/mcu/all/bsp_locking.o
 .text.R_BSP_SoftwareUnlock
                0x0000bca8       0x18 ./synergy/ssp/src/bsp/mcu/all/bsp_locking.o
                0x0000bca8                R_BSP_SoftwareUnlock
 .text.R_BSP_HardwareLock
                0x0000bcc0       0x5c ./synergy/ssp/src/bsp/mcu/all/bsp_locking.o
                0x0000bcc0                R_BSP_HardwareLock
 .text.R_BSP_HardwareUnlock
                0x0000bd1c       0x54 ./synergy/ssp/src/bsp/mcu/all/bsp_locking.o
                0x0000bd1c                R_BSP_HardwareUnlock
 .text.bsp_init_hardware_locks
                0x0000bd70       0x64 ./synergy/ssp/src/bsp/mcu/all/bsp_locking.o
                0x0000bd70                bsp_init_hardware_locks
 .text.R_BSP_RegisterProtectEnable
                0x0000bdd4       0x9c ./synergy/ssp/src/bsp/mcu/all/bsp_register_protection.o
                0x0000bdd4                R_BSP_RegisterProtectEnable
 .text.R_BSP_RegisterProtectDisable
                0x0000be70       0x88 ./synergy/ssp/src/bsp/mcu/all/bsp_register_protection.o
                0x0000be70                R_BSP_RegisterProtectDisable
 .text.bsp_register_protect_open
                0x0000bef8       0x30 ./synergy/ssp/src/bsp/mcu/all/bsp_register_protection.o
                0x0000bef8                bsp_register_protect_open
 .text.Reset_Handler
                0x0000bf28       0x10 ./synergy/ssp/src/bsp/cmsis/Device/RENESAS/S5D3/Source/startup_S5D3.o
                0x0000bf28                Reset_Handler
 .text.Default_Handler
                0x0000bf38       0x10 ./synergy/ssp/src/bsp/cmsis/Device/RENESAS/S5D3/Source/startup_S5D3.o
                0x0000bf38                HardFault_Handler
                0x0000bf38                UsageFault_Handler
                0x0000bf38                Default_Handler
                0x0000bf38                MemManage_Handler
                0x0000bf38                SVC_Handler
                0x0000bf38                BusFault_Handler
                0x0000bf38                DebugMon_Handler
 .text.HW_IOPORT_Init_Reference_Counter
                0x0000bf48       0x18 ./synergy/ssp/src/bsp/cmsis/Device/RENESAS/S5D3/Source/system_S5D3.o
 .text.SystemCoreClockUpdate
                0x0000bf60       0x14 ./synergy/ssp/src/bsp/cmsis/Device/RENESAS/S5D3/Source/system_S5D3.o
                0x0000bf60                SystemCoreClockUpdate
 .text.SystemInit
                0x0000bf74       0xdc ./synergy/ssp/src/bsp/cmsis/Device/RENESAS/S5D3/Source/system_S5D3.o
                0x0000bf74                SystemInit
 .text.bsp_section_zero
                0x0000c050       0x2c ./synergy/ssp/src/bsp/cmsis/Device/RENESAS/S5D3/Source/system_S5D3.o
 .text.bsp_section_copy
                0x0000c07c       0x40 ./synergy/ssp/src/bsp/cmsis/Device/RENESAS/S5D3/Source/system_S5D3.o
 .text.R_BSP_WarmStart
                0x0000c0bc       0x14 ./synergy/ssp/src/bsp/cmsis/Device/RENESAS/S5D3/Source/system_S5D3.o
                0x0000c0bc                R_BSP_WarmStart
 .text.bsp_init
                0x0000c0d0       0x14 ./synergy/board/s5d3_tb/bsp_init.o
                0x0000c0d0                bsp_init
 .text.g_common_init
                0x0000c0e4        0xc ./src/synergy_gen/common_data.o
                0x0000c0e4                g_common_init
 .text.g_hal_init
                0x0000c0f0        0xc ./src/synergy_gen/hal_data.o
                0x0000c0f0                g_hal_init
 .text.tx_application_define_internal
                0x0000c0fc       0x14 ./src/synergy_gen/main.o
                0x0000c0fc                tx_application_define_user
                0x0000c0fc                tx_application_define_internal
 .text.tx_application_define
                0x0000c110       0x58 ./src/synergy_gen/main.o
                0x0000c110                tx_application_define
 .text.tx_startup_err_callback_internal
                0x0000c168       0x18 ./src/synergy_gen/main.o
                0x0000c168                tx_startup_err_callback_internal
                0x0000c168                tx_startup_err_callback
 .text.tx_startup_common_init
                0x0000c180       0x80 ./src/synergy_gen/main.o
                0x0000c180                tx_startup_common_init
 .text.main     0x0000c200       0x10 ./src/synergy_gen/main.o
                0x0000c200                main
 .text.motion_thread_create
                0x0000c210       0x64 ./src/synergy_gen/motion_thread.o
                0x0000c210                motion_thread_create
 .text.motion_thread_func
                0x0000c274       0x38 ./src/synergy_gen/motion_thread.o
 .text.pwm_ctrl_thread_create
                0x0000c2ac       0x64 ./src/synergy_gen/pwm_ctrl_thread.o
                0x0000c2ac                pwm_ctrl_thread_create
 .text.pwm_ctrl_thread_func
                0x0000c310       0x18 ./src/synergy_gen/pwm_ctrl_thread.o
 .text.g_sf_uart_err_callback_internal
                0x0000c328       0x18 ./src/synergy_gen/uart_thread.o
                0x0000c328                g_sf_uart_err_callback_internal
                0x0000c328                g_sf_uart_err_callback
 .text.sf_comms_init1
                0x0000c340       0x40 ./src/synergy_gen/uart_thread.o
                0x0000c340                sf_comms_init1
 .text.uart_thread_create
                0x0000c380       0x64 ./src/synergy_gen/uart_thread.o
                0x0000c380                uart_thread_create
 .text.uart_thread_func
                0x0000c3e4       0x1c ./src/synergy_gen/uart_thread.o
 .text.m_state  0x0000c400       0x34 ./src/mc/changed_mc/m_commands.o
                0x0000c400                m_state
 .text.m_pos_error
                0x0000c434       0x34 ./src/mc/changed_mc/m_commands.o
                0x0000c434                m_pos_error
 .text.m_adc1   0x0000c468       0x3c ./src/mc/changed_mc/m_commands.o
                0x0000c468                m_adc1
 .text.m_adc2   0x0000c4a4       0x3c ./src/mc/changed_mc/m_commands.o
                0x0000c4a4                m_adc2
 .text.m_total_current
                0x0000c4e0       0x74 ./src/mc/changed_mc/m_commands.o
                0x0000c4e0                m_total_current
 .text.m_crnt_vel
                0x0000c554       0x24 ./src/mc/changed_mc/m_commands.o
                0x0000c554                m_crnt_vel
 .text.m_vel    0x0000c578       0x38 ./src/mc/changed_mc/m_commands.o
                0x0000c578                m_vel
 .text.m_acc    0x0000c5b0       0x38 ./src/mc/changed_mc/m_commands.o
                0x0000c5b0                m_acc
 .text.m_dec    0x0000c5e8       0x38 ./src/mc/changed_mc/m_commands.o
                0x0000c5e8                m_dec
 .text.m_ajerk  0x0000c620       0x38 ./src/mc/changed_mc/m_commands.o
                0x0000c620                m_ajerk
 .text.m_djerk  0x0000c658       0x38 ./src/mc/changed_mc/m_commands.o
                0x0000c658                m_djerk
 .text.m_profile
                0x0000c690       0x3c ./src/mc/changed_mc/m_commands.o
                0x0000c690                m_profile
 .text.m_kp     0x0000c6cc       0x40 ./src/mc/changed_mc/m_commands.o
                0x0000c6cc                m_kp
 .text.m_ki     0x0000c70c       0x40 ./src/mc/changed_mc/m_commands.o
                0x0000c70c                m_ki
 .text.m_kd     0x0000c74c       0x40 ./src/mc/changed_mc/m_commands.o
                0x0000c74c                m_kd
 .text.m_il     0x0000c78c       0x40 ./src/mc/changed_mc/m_commands.o
                0x0000c78c                m_il
 .text.m_vff    0x0000c7cc       0x40 ./src/mc/changed_mc/m_commands.o
                0x0000c7cc                m_vff
 .text.m_aff    0x0000c80c       0x40 ./src/mc/changed_mc/m_commands.o
                0x0000c80c                m_aff
 .text.m_ds     0x0000c84c       0x68 ./src/mc/changed_mc/m_commands.o
                0x0000c84c                m_ds
 .text.m_bias   0x0000c8b4       0x40 ./src/mc/changed_mc/m_commands.o
                0x0000c8b4                m_bias
 .text.m_mlimit
                0x0000c8f4       0x40 ./src/mc/changed_mc/m_commands.o
                0x0000c8f4                m_mlimit
 .text.m_max_error
                0x0000c934       0x40 ./src/mc/changed_mc/m_commands.o
                0x0000c934                m_max_error
 .text.m_err_time
                0x0000c974       0x40 ./src/mc/changed_mc/m_commands.o
                0x0000c974                m_err_time
 .text.m_astop  0x0000c9b4       0x3c ./src/mc/changed_mc/m_commands.o
                0x0000c9b4                m_astop
 .text.m_phasing_mode
                0x0000c9f0       0x40 ./src/mc/changed_mc/m_commands.o
                0x0000c9f0                m_phasing_mode
 .text.m_phasing_time
                0x0000ca30       0x38 ./src/mc/changed_mc/m_commands.o
                0x0000ca30                m_phasing_time
 .text.m_phasing_power
                0x0000ca68       0x40 ./src/mc/changed_mc/m_commands.o
                0x0000ca68                m_phasing_power
 .text.m_phase_config
                0x0000caa8       0x44 ./src/mc/changed_mc/m_commands.o
                0x0000caa8                m_phase_config
 .text.m_phase_origin
                0x0000caec       0x40 ./src/mc/changed_mc/m_commands.o
                0x0000caec                m_phase_origin
 .text.m_phase_offset
                0x0000cb2c       0x40 ./src/mc/changed_mc/m_commands.o
                0x0000cb2c                m_phase_offset
 .text.m_phase_angle
                0x0000cb6c       0x40 ./src/mc/changed_mc/m_commands.o
                0x0000cb6c                m_phase_angle
 .text.m_phase_adv_gain
                0x0000cbac       0x40 ./src/mc/changed_mc/m_commands.o
                0x0000cbac                m_phase_adv_gain
 .text.m_phase_vel_comp
                0x0000cbec       0x40 ./src/mc/changed_mc/m_commands.o
                0x0000cbec                m_phase_vel_comp
 .text.m_phase_sector
                0x0000cc2c       0x44 ./src/mc/changed_mc/m_commands.o
                0x0000cc2c                m_phase_sector
 .text.m_motor_type
                0x0000cc70       0x44 ./src/mc/changed_mc/m_commands.o
                0x0000cc70                m_motor_type
 .text.m_commutation_mode
                0x0000ccb4       0x54 ./src/mc/changed_mc/m_commands.o
                0x0000ccb4                m_commutation_mode
 .text.m_freq   0x0000cd08       0x44 ./src/mc/changed_mc/m_commands.o
                0x0000cd08                m_freq
 .text.m_pole_pairs
                0x0000cd4c       0x44 ./src/mc/changed_mc/m_commands.o
                0x0000cd4c                m_pole_pairs
 .text.m_ec_per_ecycle
                0x0000cd90       0x40 ./src/mc/changed_mc/m_commands.o
                0x0000cd90                m_ec_per_ecycle
 .text.m_tc_limit
                0x0000cdd0       0x44 ./src/mc/changed_mc/m_commands.o
                0x0000cdd0                m_tc_limit
 .text.m_tc_limit_time
                0x0000ce14       0x44 ./src/mc/changed_mc/m_commands.o
                0x0000ce14                m_tc_limit_time
 .text.m_pc_limit
                0x0000ce58       0x28 ./src/mc/changed_mc/m_commands.o
                0x0000ce58                m_pc_limit
 .text.m_pc_limit_time
                0x0000ce80       0x28 ./src/mc/changed_mc/m_commands.o
                0x0000ce80                m_pc_limit_time
 .text.m_foc_id
                0x0000cea8       0x44 ./src/mc/changed_mc/m_commands.o
                0x0000cea8                m_foc_id
 .text.m_foc_iq
                0x0000ceec       0x44 ./src/mc/changed_mc/m_commands.o
                0x0000ceec                m_foc_iq
 .text.m_foc_iq_err
                0x0000cf30       0x44 ./src/mc/changed_mc/m_commands.o
                0x0000cf30                m_foc_iq_err
 .text.m_foc_id_err
                0x0000cf74       0x44 ./src/mc/changed_mc/m_commands.o
                0x0000cf74                m_foc_id_err
 .text.m_foc_kp
                0x0000cfb8       0x44 ./src/mc/changed_mc/m_commands.o
                0x0000cfb8                m_foc_kp
 .text.m_foc_ki
                0x0000cffc       0x44 ./src/mc/changed_mc/m_commands.o
                0x0000cffc                m_foc_ki
 .text.m_foc_qgain
                0x0000d040       0x40 ./src/mc/changed_mc/m_commands.o
                0x0000d040                m_foc_qgain
 .text.m_outputIQ
                0x0000d080       0x48 ./src/mc/changed_mc/m_commands.o
                0x0000d080                m_outputIQ
 .text.m_outputID
                0x0000d0c8       0x48 ./src/mc/changed_mc/m_commands.o
                0x0000d0c8                m_outputID
 .text.m_phase_voltage_U
                0x0000d110       0x68 ./src/mc/changed_mc/m_commands.o
                0x0000d110                m_phase_voltage_U
 .text.m_phase_voltage_V
                0x0000d178       0x68 ./src/mc/changed_mc/m_commands.o
                0x0000d178                m_phase_voltage_V
 .text.m_phase_voltage_W
                0x0000d1e0       0x68 ./src/mc/changed_mc/m_commands.o
                0x0000d1e0                m_phase_voltage_W
 .text.m_encoderType
                0x0000d248       0x30 ./src/mc/changed_mc/m_commands.o
                0x0000d248                m_encoderType
 .text.m_pos_capture_mode
                0x0000d278       0x1c ./src/mc/changed_mc/m_commands.o
                0x0000d278                m_pos_capture_mode
 .text.m_pos_hallchange
                0x0000d294       0x30 ./src/mc/changed_mc/m_commands.o
                0x0000d294                m_pos_hallchange
 .text.m_halls_invert
                0x0000d2c4       0xdc ./src/mc/changed_mc/m_commands.o
                0x0000d2c4                m_halls_invert
 .text.m_halls_shift
                0x0000d3a0       0x48 ./src/mc/changed_mc/m_commands.o
                0x0000d3a0                m_halls_shift
 .text.m_pos_invert
                0x0000d3e8       0x4c ./src/mc/changed_mc/m_commands.o
                0x0000d3e8                m_pos_invert
 .text.m_ec_per_rev
                0x0000d434       0x40 ./src/mc/changed_mc/m_commands.o
                0x0000d434                m_ec_per_rev
 .text.m_abs    0x0000d474       0x50 ./src/mc/changed_mc/m_commands.o
                0x0000d474                m_abs
 .text.m_rel    0x0000d4c4       0x48 ./src/mc/changed_mc/m_commands.o
                0x0000d4c4                m_rel
 .text.m_position
                0x0000d50c       0x4c ./src/mc/changed_mc/m_commands.o
                0x0000d50c                m_position
 .text.m_index  0x0000d558       0x5c ./src/mc/changed_mc/m_commands.o
                0x0000d558                m_index
 .text.m_go     0x0000d5b4       0x38 ./src/mc/changed_mc/m_commands.o
                0x0000d5b4                m_go
 .text.m_forward
                0x0000d5ec       0x3c ./src/mc/changed_mc/m_commands.o
                0x0000d5ec                m_forward
 .text.m_reverse
                0x0000d628       0x40 ./src/mc/changed_mc/m_commands.o
                0x0000d628                m_reverse
 .text.m_powerOn
                0x0000d668       0x1c ./src/mc/changed_mc/m_commands.o
                0x0000d668                m_powerOn
 .text.m_powerOff