Archive member included because of file (symbol)

C:\Users\britton.chesley\e2_studio\workspace\BLDC_Motor_Control\synergy\ssp\src\framework\el\tx\cm4_gcc\libtx.a(txe_event_flags_create.o)
                              ./synergy/ssp/src/framework/sf_uart_comms/sf_uart_comms.o (_txe_event_flags_create)
C:\Users\britton.chesley\e2_studio\workspace\BLDC_Motor_Control\synergy\ssp\src\framework\el\tx\cm4_gcc\libtx.a(txe_event_flags_delete.o)
                              ./synergy/ssp/src/framework/sf_uart_comms/sf_uart_comms.o (_txe_event_flags_delete)
C:\Users\britton.chesley\e2_studio\workspace\BLDC_Motor_Control\synergy\ssp\src\framework\el\tx\cm4_gcc\libtx.a(txe_event_flags_get.o)
                              ./synergy/ssp/src/framework/sf_uart_comms/sf_uart_comms.o (_txe_event_flags_get)
C:\Users\britton.chesley\e2_studio\workspace\BLDC_Motor_Control\synergy\ssp\src\framework\el\tx\cm4_gcc\libtx.a(txe_event_flags_set.o)
                              ./synergy/ssp/src/framework/sf_uart_comms/sf_uart_comms.o (_txe_event_flags_set)
C:\Users\britton.chesley\e2_studio\workspace\BLDC_Motor_Control\synergy\ssp\src\framework\el\tx\cm4_gcc\libtx.a(txe_mutex_create.o)
                              ./synergy/ssp/src/framework/sf_uart_comms/sf_uart_comms.o (_txe_mutex_create)
C:\Users\britton.chesley\e2_studio\workspace\BLDC_Motor_Control\synergy\ssp\src\framework\el\tx\cm4_gcc\libtx.a(txe_mutex_delete.o)
                              ./synergy/ssp/src/framework/sf_uart_comms/sf_uart_comms.o (_txe_mutex_delete)
C:\Users\britton.chesley\e2_studio\workspace\BLDC_Motor_Control\synergy\ssp\src\framework\el\tx\cm4_gcc\libtx.a(txe_mutex_get.o)
                              ./synergy/ssp/src/framework/sf_uart_comms/sf_uart_comms.o (_txe_mutex_get)
C:\Users\britton.chesley\e2_studio\workspace\BLDC_Motor_Control\synergy\ssp\src\framework\el\tx\cm4_gcc\libtx.a(txe_mutex_put.o)
                              ./synergy/ssp/src/framework/sf_uart_comms/sf_uart_comms.o (_txe_mutex_put)
C:\Users\britton.chesley\e2_studio\workspace\BLDC_Motor_Control\synergy\ssp\src\framework\el\tx\cm4_gcc\libtx.a(txe_queue_create.o)
                              ./synergy/ssp/src/framework/sf_uart_comms/sf_uart_comms.o (_txe_queue_create)
C:\Users\britton.chesley\e2_studio\workspace\BLDC_Motor_Control\synergy\ssp\src\framework\el\tx\cm4_gcc\libtx.a(txe_queue_delete.o)
                              ./synergy/ssp/src/framework/sf_uart_comms/sf_uart_comms.o (_txe_queue_delete)
C:\Users\britton.chesley\e2_studio\workspace\BLDC_Motor_Control\synergy\ssp\src\framework\el\tx\cm4_gcc\libtx.a(txe_queue_receive.o)
                              ./synergy/ssp/src/framework/sf_uart_comms/sf_uart_comms.o (_txe_queue_receive)
C:\Users\britton.chesley\e2_studio\workspace\BLDC_Motor_Control\synergy\ssp\src\framework\el\tx\cm4_gcc\libtx.a(txe_queue_send.o)
                              ./synergy/ssp/src/framework/sf_uart_comms/sf_uart_comms.o (_txe_queue_send)
C:\Users\britton.chesley\e2_studio\workspace\BLDC_Motor_Control\synergy\ssp\src\framework\el\tx\cm4_gcc\libtx.a(txe_semaphore_create.o)
                              ./src/synergy_gen/main.o (_txe_semaphore_create)
C:\Users\britton.chesley\e2_studio\workspace\BLDC_Motor_Control\synergy\ssp\src\framework\el\tx\cm4_gcc\libtx.a(txe_semaphore_get.o)
                              ./src/synergy_gen/main.o (_txe_semaphore_get)
C:\Users\britton.chesley\e2_studio\workspace\BLDC_Motor_Control\synergy\ssp\src\framework\el\tx\cm4_gcc\libtx.a(txe_semaphore_put.o)
                              ./src/synergy_gen/main.o (_txe_semaphore_put)
C:\Users\britton.chesley\e2_studio\workspace\BLDC_Motor_Control\synergy\ssp\src\framework\el\tx\cm4_gcc\libtx.a(txe_thread_create.o)
                              ./src/synergy_gen/motion_thread.o (_txe_thread_create)
C:\Users\britton.chesley\e2_studio\workspace\BLDC_Motor_Control\synergy\ssp\src\framework\el\tx\cm4_gcc\libtx.a(tx_event_flags_create.o)
                              C:\Users\britton.chesley\e2_studio\workspace\BLDC_Motor_Control\synergy\ssp\src\framework\el\tx\cm4_gcc\libtx.a(txe_event_flags_create.o) (_tx_event_flags_create)
C:\Users\britton.chesley\e2_studio\workspace\BLDC_Motor_Control\synergy\ssp\src\framework\el\tx\cm4_gcc\libtx.a(tx_event_flags_delete.o)
                              C:\Users\britton.chesley\e2_studio\workspace\BLDC_Motor_Control\synergy\ssp\src\framework\el\tx\cm4_gcc\libtx.a(txe_event_flags_delete.o) (_tx_event_flags_delete)
C:\Users\britton.chesley\e2_studio\workspace\BLDC_Motor_Control\synergy\ssp\src\framework\el\tx\cm4_gcc\libtx.a(tx_event_flags_get.o)
                              C:\Users\britton.chesley\e2_studio\workspace\BLDC_Motor_Control\synergy\ssp\src\framework\el\tx\cm4_gcc\libtx.a(txe_event_flags_get.o) (_tx_event_flags_get)
C:\Users\britton.chesley\e2_studio\workspace\BLDC_Motor_Control\synergy\ssp\src\framework\el\tx\cm4_gcc\libtx.a(tx_event_flags_set.o)
[...]
Memory Configuration

Name             Origin             Length             Attributes
FLASH            0x00000000         0x00080000         xr
RAM              0x1ffe0000         0x00040000         xrw
DATA_FLASH       0x40100000         0x00002000         xr
QSPI_FLASH       0x60000000         0x04000000         xr
ID_CODES         0x0100a150         0x00000010         xr
*default*        0x00000000         0xffffffff

Linker script and memory map

LOAD c:/renesas/synergy/e2studio_v6.2.0_ssp_v1.4.0/toolchains/gcc_arm/4.9_2015q3/bin/../lib/gcc/arm-none-eabi/4.9.3/armv7e-m/fpu/crti.o
LOAD c:/renesas/synergy/e2studio_v6.2.0_ssp_v1.4.0/toolchains/gcc_arm/4.9_2015q3/bin/../lib/gcc/arm-none-eabi/4.9.3/armv7e-m/fpu/crtbegin.o
LOAD c:/renesas/synergy/e2studio_v6.2.0_ssp_v1.4.0/toolchains/gcc_arm/4.9_2015q3/bin/../lib/gcc/arm-none-eabi/4.9.3/../../../../arm-none-eabi/lib/armv7e-m/fpu/rdimon-crt0.o
START GROUP
LOAD ./synergy/ssp/src/framework/sf_uart_comms/sf_uart_comms.o
LOAD ./synergy/ssp/src/framework/sf_motion/sf_motion.o
LOAD ./synergy/ssp/src/framework/sf_motion/sf_motion_vpg.o
LOAD ./synergy/ssp/src/driver/r_sci_uart/r_sci_uart.o
LOAD ./synergy/ssp/src/driver/r_ioport/r_ioport.o
LOAD ./synergy/ssp/src/driver/r_fmi/r_fmi.o
LOAD ./synergy/ssp/src/driver/r_encoder_gpt/r_encoder_gpt.o
LOAD ./synergy/ssp/src/driver/r_elc/r_elc.o
LOAD ./synergy/ssp/src/driver/r_dtc/r_dtc.o
LOAD ./synergy/ssp/src/driver/r_cgc/hw/hw_cgc.o
LOAD ./synergy/ssp/src/driver/r_cgc/r_cgc.o
LOAD ./synergy/ssp/src/driver/changed_src_files/r_motor.o
LOAD ./synergy/ssp/src/driver/changed_src_files/r_motor_bldc.o
LOAD ./synergy/ssp/src/bsp/mcu/s5d3/bsp_cache.o
LOAD ./synergy/ssp/src/bsp/mcu/s5d3/bsp_clocks.o
LOAD ./synergy/ssp/src/bsp/mcu/s5d3/bsp_feature.o
LOAD ./synergy/ssp/src/bsp/mcu/s5d3/bsp_fmi_R7FS5D37A3A01CFP.o
LOAD ./synergy/ssp/src/bsp/mcu/s5d3/bsp_group_irq.o
LOAD ./synergy/ssp/src/bsp/mcu/s5d3/bsp_hw_locks.o
LOAD ./synergy/ssp/src/bsp/mcu/s5d3/bsp_module_stop.o
LOAD ./synergy/ssp/src/bsp/mcu/s5d3/bsp_rom_registers.o
LOAD ./synergy/ssp/src/bsp/mcu/all/bsp_common.o
LOAD ./synergy/ssp/src/bsp/mcu/all/bsp_common_leds.o
LOAD ./synergy/ssp/src/bsp/mcu/all/bsp_delay.o
LOAD ./synergy/ssp/src/bsp/mcu/all/bsp_irq.o
LOAD ./synergy/ssp/src/bsp/mcu/all/bsp_locking.o
LOAD ./synergy/ssp/src/bsp/mcu/all/bsp_register_protection.o
LOAD ./synergy/ssp/src/bsp/mcu/all/bsp_sbrk.o
LOAD ./synergy/ssp/src/bsp/cmsis/Device/RENESAS/S5D3/Source/startup_S5D3.o
LOAD ./synergy/ssp/src/bsp/cmsis/Device/RENESAS/S5D3/Source/system_S5D3.o
LOAD ./synergy/board/s5d3_tb/bsp_init.o
LOAD ./synergy/board/s5d3_tb/bsp_leds.o
LOAD ./src/synergy_gen/common_data.o
LOAD ./src/synergy_gen/hal_data.o
LOAD ./src/synergy_gen/main.o
LOAD ./src/synergy_gen/motion_thread.o
LOAD ./src/synergy_gen/pin_data.o
LOAD ./src/synergy_gen/pwm_ctrl_thread.o
LOAD ./src/synergy_gen/uart_thread.o
LOAD ./src/mc/changed_mc/m_commands.o
LOAD ./src/mc/changed_mc/m_interpreter.o
LOAD ./src/hal_entry.o
LOAD ./src/motion_thread_entry.o
LOAD ./src/pwm_ctrl_thread_entry.o
LOAD ./src/uart_thread_entry.o
LOAD C:\Users\britton.chesley\e2_studio\workspace\BLDC_Motor_Control\synergy\ssp\src\bsp\cmsis\DSP_Lib\cm4_gcc\libDSP_Lib.a
LOAD C:\Users\britton.chesley\e2_studio\workspace\BLDC_Motor_Control\synergy\ssp\src\framework\el\tx\cm4_gcc\libtx.a
END GROUP
START GROUP
LOAD c:/renesas/synergy/e2studio_v6.2.0_ssp_v1.4.0/toolchains/gcc_arm/4.9_2015q3/bin/../lib/gcc/arm-none-eabi/4.9.3/armv7e-m/fpu\libgcc.a
LOAD c:/renesas/synergy/e2studio_v6.2.0_ssp_v1.4.0/toolchains/gcc_arm/4.9_2015q3/bin/../lib/gcc/arm-none-eabi/4.9.3/../../../../arm-none-eabi/lib/armv7e-m/fpu\libg_nano.a
LOAD c:/renesas/synergy/e2studio_v6.2.0_ssp_v1.4.0/toolchains/gcc_arm/4.9_2015q3/bin/../lib/gcc/arm-none-eabi/4.9.3/../../../../arm-none-eabi/lib/armv7e-m/fpu\libc_nano.a
END GROUP
START GROUP
LOAD c:/renesas/synergy/e2studio_v6.2.0_ssp_v1.4.0/toolchains/gcc_arm/4.9_2015q3/bin/../lib/gcc/arm-none-eabi/4.9.3/armv7e-m/fpu\libgcc.a
LOAD c:/renesas/synergy/e2studio_v6.2.0_ssp_v1.4.0/toolchains/gcc_arm/4.9_2015q3/bin/../lib/gcc/arm-none-eabi/4.9.3/../../../../arm-none-eabi/lib/armv7e-m/fpu\libc_nano.a
LOAD c:/renesas/synergy/e2studio_v6.2.0_ssp_v1.4.0/toolchains/gcc_arm/4.9_2015q3/bin/../lib/gcc/arm-none-eabi/4.9.3/../../../../arm-none-eabi/lib/armv7e-m/fpu\librdimon_nano.a
END GROUP
START GROUP
LOAD c:/renesas/synergy/e2studio_v6.2.0_ssp_v1.4.0/toolchains/gcc_arm/4.9_2015q3/bin/../lib/gcc/arm-none-eabi/4.9.3/armv7e-m/fpu\libgcc.a
LOAD c:/renesas/synergy/e2studio_v6.2.0_ssp_v1.4.0/toolchains/gcc_arm/4.9_2015q3/bin/../lib/gcc/arm-none-eabi/4.9.3/../../../../arm-none-eabi/lib/armv7e-m/fpu\libc_nano.a
LOAD c:/renesas/synergy/e2studio_v6.2.0_ssp_v1.4.0/toolchains/gcc_arm/4.9_2015q3/bin/../lib/gcc/arm-none-eabi/4.9.3/../../../../arm-none-eabi/lib/armv7e-m/fpu\librdimon_nano.a
END GROUP
LOAD c:/renesas/synergy/e2studio_v6.2.0_ssp_v1.4.0/toolchains/gcc_arm/4.9_2015q3/bin/../lib/gcc/arm-none-eabi/4.9.3/armv7e-m/fpu/crtend.o
LOAD c:/renesas/synergy/e2studio_v6.2.0_ssp_v1.4.0/toolchains/gcc_arm/4.9_2015q3/bin/../lib/gcc/arm-none-eabi/4.9.3/armv7e-m/fpu/crtn.o
START GROUP
LOAD c:/renesas/synergy/e2studio_v6.2.0_ssp_v1.4.0/toolchains/gcc_arm/4.9_2015q3/bin/../lib/gcc/arm-none-eabi/4.9.3/armv7e-m/fpu\libgcc.a
LOAD c:/renesas/synergy/e2studio_v6.2.0_ssp_v1.4.0/toolchains/gcc_arm/4.9_2015q3/bin/../lib/gcc/arm-none-eabi/4.9.3/../../../../arm-none-eabi/lib/armv7e-m/fpu\libc.a
LOAD c:/renesas/synergy/e2studio_v6.2.0_ssp_v1.4.0/toolchains/gcc_arm/4.9_2015q3/bin/../lib/gcc/arm-none-eabi/4.9.3/../../../../arm-none-eabi/lib/armv7e-m/fpu\libm.a
LOAD c:/renesas/synergy/e2studio_v6.2.0_ssp_v1.4.0/toolchains/gcc_arm/4.9_2015q3/bin/../lib/gcc/arm-none-eabi/4.9.3/../../../../arm-none-eabi/lib/armv7e-m/fpu\libnosys.a
END GROUP

.text           0x00000000    0x12cc8
                0x00000000                __ROM_Start = .
 *(.vectors)
 .vectors       0x00000000       0x40 ./synergy/ssp/src/bsp/cmsis/Device/RENESAS/S5D3/Source/startup_S5D3.o
                0x00000000                __Vectors
 *(SORT(.vector.*))
 .vector.GPT_0_COUNTER_OVERFLOW
                0x00000040        0x4 ./src/synergy_gen/motion_thread.o
                0x00000040                g_vector_GPT_0_COUNTER_OVERFLOW
 .vector.SCI_0_RXI
                0x00000044        0x4 ./src/synergy_gen/uart_thread.o
                0x00000044                g_vector_SCI_0_RXI
 .vector.SCI_0_TEI
                0x00000048        0x4 ./src/synergy_gen/uart_thread.o
                0x00000048                g_vector_SCI_0_TEI
 .vector.SCI_0_TXI
                0x0000004c        0x4 ./src/synergy_gen/uart_thread.o
                0x0000004c                g_vector_SCI_0_TXI
                0x00000050                __Vectors_End = .
                0x00000050                __end__ = .
                0x00000400                . = (__ROM_Start + 0x400)
 *fill*         0x00000050      0x3b0 ff
 *(.rom_registers*)
 .rom_registers
                0x00000400       0x3c ./synergy/ssp/src/bsp/mcu/s5d3/bsp_rom_registers.o
                0x00000500                . = (__ROM_Start + 0x500)
 *fill*         0x0000043c       0xc4 ff
                0x00000500                __Vector_Info_Start = .
 *(SORT(.vector_info.*))
 .vector_info.GPT_0_COUNTER_OVERFLOW
                0x00000500        0x8 ./src/synergy_gen/motion_thread.o
                0x00000500                g_vector_info_GPT_0_COUNTER_OVERFLOW
 .vector_info.SCI_0_RXI
                0x00000508        0x8 ./src/synergy_gen/uart_thread.o
                0x00000508                g_vector_info_SCI_0_RXI
 .vector_info.SCI_0_TEI
                0x00000510        0x8 ./src/synergy_gen/uart_thread.o
                0x00000510                g_vector_info_SCI_0_TEI
 .vector_info.SCI_0_TXI
                0x00000518        0x8 ./src/synergy_gen/uart_thread.o
                0x00000518                g_vector_info_SCI_0_TXI
                0x00000520                __Vector_Info_End = .
                0x00000520                __Lock_Lookup_Start = .
 *(SORT(.hw_lock_lookup.*))
 .hw_lock_lookup.ADC_0U_0U
                0x00000520        0x4 ./synergy/ssp/src/bsp/mcu/s5d3/bsp_hw_locks.o
                0x00000520                g_lock_lookup_ADC_0U_0U
 .hw_lock_lookup.ADC_0U_1U
                0x00000524        0x4 ./synergy/ssp/src/bsp/mcu/s5d3/bsp_hw_locks.o
                0x00000524                g_lock_lookup_ADC_0U_1U
 .hw_lock_lookup.AGT_0U_0U
                0x00000528        0x4 ./synergy/ssp/src/bsp/mcu/s5d3/bsp_hw_locks.o
                0x00000528                g_lock_lookup_AGT_0U_0U
 .hw_lock_lookup.AGT_0U_1U
                0x0000052c        0x4 ./synergy/ssp/src/bsp/mcu/s5d3/bsp_hw_locks.o
                0x0000052c                g_lock_lookup_AGT_0U_1U
 .hw_lock_lookup.BSC_0U_1U
                0x00000530        0x4 ./synergy/ssp/src/bsp/mcu/s5d3/bsp_hw_locks.o
                0x00000530                g_lock_lookup_BSC_0U_1U
 .hw_lock_lookup.CAC_0U_0U
                0x00000534        0x4 ./synergy/ssp/src/bsp/mcu/s5d3/bsp_hw_locks.o
                0x00000534                g_lock_lookup_CAC_0U_0U
 .hw_lock_lookup.CAN_0U_0U
                0x00000538        0x4 ./synergy/ssp/src/bsp/mcu/s5d3/bsp_hw_locks.o
                0x00000538                g_lock_lookup_CAN_0U_0U
 .hw_lock_lookup.CAN_0U_1U
                0x0000053c        0x4 ./synergy/ssp/src/bsp/mcu/s5d3/bsp_hw_locks.o
                0x0000053c                g_lock_lookup_CAN_0U_1U
 .hw_lock_lookup.COMP_HS_0U_0U
                0x00000540        0x4 ./synergy/ssp/src/bsp/mcu/s5d3/bsp_hw_locks.o
                0x00000540                g_lock_lookup_COMP_HS_0U_0U
 .hw_lock_lookup.COMP_HS_0U_1U
                0x00000544        0x4 ./synergy/ssp/src/bsp/mcu/s5d3/bsp_hw_locks.o
                0x00000544                g_lock_lookup_COMP_HS_0U_1U
 .hw_lock_lookup.COMP_HS_0U_2U
                0x00000548        0x4 ./synergy/ssp/src/bsp/mcu/s5d3/bsp_hw_locks.o
                0x00000548                g_lock_lookup_COMP_HS_0U_2U
 .hw_lock_lookup.COMP_HS_0U_3U
                0x0000054c        0x4 ./synergy/ssp/src/bsp/mcu/s5d3/bsp_hw_locks.o
                0x0000054c                g_lock_lookup_COMP_HS_0U_3U
 .hw_lock_lookup.COMP_HS_0U_4U
                0x00000550        0x4 ./synergy/ssp/src/bsp/mcu/s5d3/bsp_hw_locks.o
                0x00000550                g_lock_lookup_COMP_HS_0U_4U
 .hw_lock_lookup.COMP_HS_0U_5U
                0x00000554        0x4 ./synergy/ssp/src/bsp/mcu/s5d3/bsp_hw_locks.o
                0x00000554                g_lock_lookup_COMP_HS_0U_5U
 .hw_lock_lookup.CRC_0U_0U
                0x00000558        0x4 ./synergy/ssp/src/bsp/mcu/s5d3/bsp_hw_locks.o
                0x00000558                g_lock_lookup_CRC_0U_0U
 .hw_lock_lookup.CTSU_0U_0U
                0x0000055c        0x4 ./synergy/ssp/src/bsp/mcu/s5d3/bsp_hw_locks.o
                0x0000055c                g_lock_lookup_CTSU_0U_0U
 .hw_lock_lookup.DAC_0U_0U
                0x00000560        0x4 ./synergy/ssp/src/bsp/mcu/s5d3/bsp_hw_locks.o
                0x00000560                g_lock_lookup_DAC_0U_0U
 .hw_lock_lookup.DAC_0U_1U
                0x00000564        0x4 ./synergy/ssp/src/bsp/mcu/s5d3/bsp_hw_locks.o
                0x00000564                g_lock_lookup_DAC_0U_1U
 .hw_lock_lookup.DMAC_0U_0U
                0x00000568        0x4 ./synergy/ssp/src/bsp/mcu/s5d3/bsp_hw_locks.o
                0x00000568                g_lock_lookup_DMAC_0U_0U
 .hw_lock_lookup.DMAC_0U_1U
                0x0000056c        0x4 ./synergy/ssp/src/bsp/mcu/s5d3/bsp_hw_locks.o
                0x0000056c                g_lock_lookup_DMAC_0U_1U
 .hw_lock_lookup.DMAC_0U_2U
                0x00000570        0x4 ./synergy/ssp/src/bsp/mcu/s5d3/bsp_hw_locks.o
                0x00000570                g_lock_lookup_DMAC_0U_2U
 .hw_lock_lookup.DMAC_0U_3U
                0x00000574        0x4 ./synergy/ssp/src/bsp/mcu/s5d3/bsp_hw_locks.o
                0x00000574                g_lock_lookup_DMAC_0U_3U
 .hw_lock_lookup.DMAC_0U_4U
                0x00000578        0x4 ./synergy/ssp/src/bsp/mcu/s5d3/bsp_hw_locks.o
                0x00000578                g_lock_lookup_DMAC_0U_4U
 .hw_lock_lookup.DMAC_0U_5U
                0x0000057c        0x4 ./synergy/ssp/src/bsp/mcu/s5d3/bsp_hw_locks.o
                0x0000057c                g_lock_lookup_DMAC_0U_5U
 .hw_lock_lookup.DMAC_0U_6U
                0x00000580        0x4 ./synergy/ssp/src/bsp/mcu/s5d3/bsp_hw_locks.o
                0x00000580                g_lock_lookup_DMAC_0U_6U
 .hw_lock_lookup.DMAC_0U_7U
                0x00000584        0x4 ./synergy/ssp/src/bsp/mcu/s5d3/bsp_hw_locks.o
                0x00000584                g_lock_lookup_DMAC_0U_7U
 .hw_lock_lookup.DOC_0U_0U
                0x00000588        0x4 ./synergy/ssp/src/bsp/mcu/s5d3/bsp_hw_locks.o
                0x00000588                g_lock_lookup_DOC_0U_0U
 .hw_lock_lookup.DTC_0U_0U
                0x0000058c        0x4 ./synergy/ssp/src/bsp/mcu/s5d3/bsp_hw_locks.o
                0x0000058c                g_lock_lookup_DTC_0U_0U
 .hw_lock_lookup.ELC_0U_0U
                0x00000590        0x4 ./synergy/ssp/src/bsp/mcu/s5d3/bsp_hw_locks.o
                0x00000590                g_lock_lookup_ELC_0U_0U
 .hw_lock_lookup.FCU_0U_0U
                0x00000594        0x4 ./synergy/ssp/src/bsp/mcu/s5d3/bsp_hw_locks.o
                0x00000594                g_lock_lookup_FCU_0U_0U
 .hw_lock_lookup.GPT_0U_0U
                0x00000598        0x4 ./synergy/ssp/src/bsp/mcu/s5d3/bsp_hw_locks.o
                0x00000598                g_lock_lookup_GPT_0U_0U
 .hw_lock_lookup.GPT_0U_10U
                0x0000059c        0x4 ./synergy/ssp/src/bsp/mcu/s5d3/bsp_hw_locks.o
                0x0000059c                g_lock_lookup_GPT_0U_10U
 .hw_lock_lookup.GPT_0U_11U
                0x000005a0        0x4 ./synergy/ssp/src/bsp/mcu/s5d3/bsp_hw_locks.o
                0x000005a0                g_lock_lookup_GPT_0U_11U
 .hw_lock_lookup.GPT_0U_12U
                0x000005a4        0x4 ./synergy/ssp/src/bsp/mcu/s5d3/bsp_hw_locks.o
                0x000005a4                g_lock_lookup_GPT_0U_12U
 .hw_lock_lookup.GPT_0U_1U
                0x000005a8        0x4 ./synergy/ssp/src/bsp/mcu/s5d3/bsp_hw_locks.o
                0x000005a8                g_lock_lookup_GPT_0U_1U
 .hw_lock_lookup.GPT_0U_2U
                0x000005ac        0x4 ./synergy/ssp/src/bsp/mcu/s5d3/bsp_hw_locks.o
                0x000005ac                g_lock_lookup_GPT_0U_2U
 .hw_lock_lookup.GPT_0U_3U
                0x000005b0        0x4 ./synergy/ssp/src/bsp/mcu/s5d3/bsp_hw_locks.o
                0x000005b0                g_lock_lookup_GPT_0U_3U
 .hw_lock_lookup.GPT_0U_4U
                0x000005b4        0x4 ./synergy/ssp/src/bsp/mcu/s5d3/bsp_hw_locks.o
                0x000005b4                g_lock_lookup_GPT_0U_4U
 .hw_lock_lookup.GPT_0U_5U
                0x000005b8        0x4 ./synergy/ssp/src/bsp/mcu/s5d3/bsp_hw_locks.o
                0x000005b8                g_lock_lookup_GPT_0U_5U
 .hw_lock_lookup.GPT_0U_6U
                0x000005bc        0x4 ./synergy/ssp/src/bsp/mcu/s5d3/bsp_hw_locks.o
                0x000005bc                g_lock_lookup_GPT_0U_6U
 .hw_lock_lookup.GPT_0U_7U
                0x000005c0        0x4 ./synergy/ssp/src/bsp/mcu/s5d3/bsp_hw_locks.o
                0x000005c0                g_lock_lookup_GPT_0U_7U
 .hw_lock_lookup.GPT_0U_8U
                0x000005c4        0x4 ./synergy/ssp/src/bsp/mcu/s5d3/bsp_hw_locks.o
                0x000005c4                g_lock_lookup_GPT_0U_8U
 .hw_lock_lookup.GPT_0U_9U
                0x000005c8        0x4 ./synergy/ssp/src/bsp/mcu/s5d3/bsp_hw_locks.o
                0x000005c8                g_lock_lookup_GPT_0U_9U
 .hw_lock_lookup.ICU_0U_0U
                0x000005cc        0x4 ./synergy/ssp/src/bsp/mcu/s5d3/bsp_hw_locks.o
                0x000005cc                g_lock_lookup_ICU_0U_0U
 .hw_lock_lookup.ICU_0U_10U
                0x000005d0        0x4 ./synergy/ssp/src/bsp/mcu/s5d3/bsp_hw_locks.o
                0x000005d0                g_lock_lookup_ICU_0U_10U
 .hw_lock_lookup.ICU_0U_11U
                0x000005d4        0x4 ./synergy/ssp/src/bsp/mcu/s5d3/bsp_hw_locks.o
                0x000005d4                g_lock_lookup_ICU_0U_11U
 .hw_lock_lookup.ICU_0U_12U
                0x000005d8        0x4 ./synergy/ssp/src/bsp/mcu/s5d3/bsp_hw_locks.o
                0x000005d8                g_lock_lookup_ICU_0U_12U
 .hw_lock_lookup.ICU_0U_13U
                0x000005dc        0x4 ./synergy/ssp/src/bsp/mcu/s5d3/bsp_hw_locks.o
                0x000005dc                g_lock_lookup_ICU_0U_13U
 .hw_lock_lookup.ICU_0U_1U
                0x000005e0        0x4 ./synergy/ssp/src/bsp/mcu/s5d3/bsp_hw_locks.o
                0x000005e0                g_lock_lookup_ICU_0U_1U
 .hw_lock_lookup.ICU_0U_2U
                0x000005e4        0x4 ./synergy/ssp/src/bsp/mcu/s5d3/bsp_hw_locks.o
                0x000005e4                g_lock_lookup_ICU_0U_2U
 .hw_lock_lookup.ICU_0U_3U
                0x000005e8        0x4 ./synergy/ssp/src/bsp/mcu/s5d3/bsp_hw_locks.o
                0x000005e8                g_lock_lookup_ICU_0U_3U
 .hw_lock_lookup.ICU_0U_4U
                0x000005ec        0x4 ./synergy/ssp/src/bsp/mcu/s5d3/bsp_hw_locks.o
                0x000005ec                g_lock_lookup_ICU_0U_4U
 .hw_lock_lookup.ICU_0U_5U
                0x000005f0        0x4 ./synergy/ssp/src/bsp/mcu/s5d3/bsp_hw_locks.o
                0x000005f0                g_lock_lookup_ICU_0U_5U
 .hw_lock_lookup.ICU_0U_6U
                0x000005f4        0x4 ./synergy/ssp/src/bsp/mcu/s5d3/bsp_hw_locks.o
                0x000005f4                g_lock_lookup_ICU_0U_6U
 .hw_lock_lookup.ICU_0U_7U
                0x000005f8        0x4 ./synergy/ssp/src/bsp/mcu/s5d3/bsp_hw_locks.o
                0x000005f8                g_lock_lookup_ICU_0U_7U
 .hw_lock_lookup.ICU_0U_8U
                0x000005fc        0x4 ./synergy/ssp/src/bsp/mcu/s5d3/bsp_hw_locks.o
                0x000005fc                g_lock_lookup_ICU_0U_8U
 .hw_lock_lookup.ICU_0U_9U
                0x00000600        0x4 ./synergy/ssp/src/bsp/mcu/s5d3/bsp_hw_locks.o
                0x00000600                g_lock_lookup_ICU_0U_9U
 .hw_lock_lookup.IIC_0U_0U
                0x00000604        0x4 ./synergy/ssp/src/bsp/mcu/s5d3/bsp_hw_locks.o
                0x00000604                g_lock_lookup_IIC_0U_0U
 .hw_lock_lookup.IIC_0U_1U
                0x00000608        0x4 ./synergy/ssp/src/bsp/mcu/s5d3/bsp_hw_locks.o
                0x00000608                g_lock_lookup_IIC_0U_1U
 .hw_lock_lookup.IRDA_0U_0U
                0x0000060c        0x4 ./synergy/ssp/src/bsp/mcu/s5d3/bsp_hw_locks.o
                0x0000060c                g_lock_lookup_IRDA_0U_0U
 .hw_lock_lookup.IWDT_0U_0U
                0x00000610        0x4 ./synergy/ssp/src/bsp/mcu/s5d3/bsp_hw_locks.o
                0x00000610                g_lock_lookup_IWDT_0U_0U
 .hw_lock_lookup.KEY_0U_0U
                0x00000614        0x4 ./synergy/ssp/src/bsp/mcu/s5d3/bsp_hw_locks.o
                0x00000614                g_lock_lookup_KEY_0U_0U
 .hw_lock_lookup.LPM_1U_0U
                0x00000618        0x4 ./synergy/ssp/src/bsp/mcu/s5d3/bsp_hw_locks.o
                0x00000618                g_lock_lookup_LPM_1U_0U
 .hw_lock_lookup.LVD_0U_0U
                0x0000061c        0x4 ./synergy/ssp/src/bsp/mcu/s5d3/bsp_hw_locks.o
                0x0000061c                g_lock_lookup_LVD_0U_0U
 .hw_lock_lookup.LVD_0U_1U
                0x00000620        0x4 ./synergy/ssp/src/bsp/mcu/s5d3/bsp_hw_locks.o
                0x00000620                g_lock_lookup_LVD_0U_1U
 .hw_lock_lookup.MMF_0U_0U
                0x00000624        0x4 ./synergy/ssp/src/bsp/mcu/s5d3/bsp_hw_locks.o
                0x00000624                g_lock_lookup_MMF_0U_0U
 .hw_lock_lookup.MPU_0U_0U
                0x00000628        0x4 ./synergy/ssp/src/bsp/mcu/s5d3/bsp_hw_locks.o
                0x00000628                g_lock_lookup_MPU_0U_0U
 .hw_lock_lookup.OPS_0U_0U
                0x0000062c        0x4 ./synergy/ssp/src/bsp/mcu/s5d3/bsp_hw_locks.o
                0x0000062c                g_lock_lookup_OPS_0U_0U
 .hw_lock_lookup.POEG_0U_0U
                0x00000630        0x4 ./synergy/ssp/src/bsp/mcu/s5d3/bsp_hw_locks.o
                0x00000630                g_lock_lookup_POEG_0U_0U
 .hw_lock_lookup.POEG_0U_1U
                0x00000634        0x4 ./synergy/ssp/src/bsp/mcu/s5d3/bsp_hw_locks.o
                0x00000634                g_lock_lookup_POEG_0U_1U
 .hw_lock_lookup.POEG_0U_2U
                0x00000638        0x4 ./synergy/ssp/src/bsp/mcu/s5d3/bsp_hw_locks.o
                0x00000638                g_lock_lookup_POEG_0U_2U
 .hw_lock_lookup.POEG_0U_3U
                0x0000063c        0x4 ./synergy/ssp/src/bsp/mcu/s5d3/bsp_hw_locks.o
                0x0000063c                g_lock_lookup_POEG_0U_3U
 .hw_lock_lookup.QSPI_0U_0U
                0x00000640        0x4 ./synergy/ssp/src/bsp/mcu/s5d3/bsp_hw_locks.o
                0x00000640                g_lock_lookup_QSPI_0U_0U
 .hw_lock_lookup.RTC_0U_0U
                0x00000644        0x4 ./synergy/ssp/src/bsp/mcu/s5d3/bsp_hw_locks.o
                0x00000644                g_lock_lookup_RTC_0U_0U
 .hw_lock_lookup.SCE_0U_0U
                0x00000648        0x4 ./synergy/ssp/src/bsp/mcu/s5d3/bsp_hw_locks.o
                0x00000648                g_lock_lookup_SCE_0U_0U
 .hw_lock_lookup.SCI_0U_0U
                0x0000064c        0x4 ./synergy/ssp/src/bsp/mcu/s5d3/bsp_hw_locks.o
                0x0000064c                g_lock_lookup_SCI_0U_0U
 .hw_lock_lookup.SCI_0U_1U
                0x00000650        0x4 ./synergy/ssp/src/bsp/mcu/s5d3/bsp_hw_locks.o
                0x00000650                g_lock_lookup_SCI_0U_1U
 .hw_lock_lookup.SCI_0U_2U
                0x00000654        0x4 ./synergy/ssp/src/bsp/mcu/s5d3/bsp_hw_locks.o
                0x00000654                g_lock_lookup_SCI_0U_2U
 .hw_lock_lookup.SCI_0U_3U
                0x00000658        0x4 ./synergy/ssp/src/bsp/mcu/s5d3/bsp_hw_locks.o
                0x00000658                g_lock_lookup_SCI_0U_3U
 .hw_lock_lookup.SCI_0U_4U
                0x0000065c        0x4 ./synergy/ssp/src/bsp/mcu/s5d3/bsp_hw_locks.o
                0x0000065c                g_lock_lookup_SCI_0U_4U
 .hw_lock_lookup.SCI_0U_8U
                0x00000660        0x4 ./synergy/ssp/src/bsp/mcu/s5d3/bsp_hw_locks.o
                0x00000660                g_lock_lookup_SCI_0U_8U
 .hw_lock_lookup.SCI_0U_9U
                0x00000664        0x4 ./synergy/ssp/src/bsp/mcu/s5d3/bsp_hw_locks.o
                0x00000664                g_lock_lookup_SCI_0U_9U
 .hw_lock_lookup.SDHIMMC_0U_0U
                0x00000668        0x4 ./synergy/ssp/src/bsp/mcu/s5d3/bsp_hw_locks.o
                0x00000668                g_lock_lookup_SDHIMMC_0U_0U
 .hw_lock_lookup.SDHIMMC_0U_1U
                0x0000066c        0x4 ./synergy/ssp/src/bsp/mcu/s5d3/bsp_hw_locks.o
                0x0000066c                g_lock_lookup_SDHIMMC_0U_1U
 .hw_lock_lookup.SPI_0U_0U
                0x00000670        0x4 ./synergy/ssp/src/bsp/mcu/s5d3/bsp_hw_locks.o
                0x00000670                g_lock_lookup_SPI_0U_0U
 .hw_lock_lookup.SPI_0U_1U
                0x00000674        0x4 ./synergy/ssp/src/bsp/mcu/s5d3/bsp_hw_locks.o
                0x00000674                g_lock_lookup_SPI_0U_1U
 .hw_lock_lookup.SRC_0U_0U
                0x00000678        0x4 ./synergy/ssp/src/bsp/mcu/s5d3/bsp_hw_locks.o
                0x00000678                g_lock_lookup_SRC_0U_0U
 .hw_lock_lookup.SSI_0U_0U
                0x0000067c        0x4 ./synergy/ssp/src/bsp/mcu/s5d3/bsp_hw_locks.o
                0x0000067c                g_lock_lookup_SSI_0U_0U
 .hw_lock_lookup.TSN_0U_0U
                0x00000680        0x4 ./synergy/ssp/src/bsp/mcu/s5d3/bsp_hw_locks.o
                0x00000680                g_lock_lookup_TSN_0U_0U
 .hw_lock_lookup.USB_0U_0U
                0x00000684        0x4 ./synergy/ssp/src/bsp/mcu/s5d3/bsp_hw_locks.o
                0x00000684                g_lock_lookup_USB_0U_0U
 .hw_lock_lookup.WDT_0U_0U
                0x00000688        0x4 ./synergy/ssp/src/bsp/mcu/s5d3/bsp_hw_locks.o
                0x00000688                g_lock_lookup_WDT_0U_0U
                0x0000068c                __Lock_Lookup_End = .
 *(.text*)
 .text          0x0000068c       0x5c c:/renesas/synergy/e2studio_v6.2.0_ssp_v1.4.0/toolchains/gcc_arm/4.9_2015q3/bin/../lib/gcc/arm-none-eabi/4.9.3/armv7e-m/fpu/crtbegin.o
 .text.SF_UART_COMMS_Open
                0x000006e8       0x90 ./synergy/ssp/src/framework/sf_uart_comms/sf_uart_comms.o
                0x000006e8                SF_UART_COMMS_Open
 .text.SF_UART_COMMS_Close
                0x00000778       0x5c ./synergy/ssp/src/framework/sf_uart_comms/sf_uart_comms.o
                0x00000778                SF_UART_COMMS_Close
 .text.SF_UART_COMMS_Read
                0x000007d4       0x88 ./synergy/ssp/src/framework/sf_uart_comms/sf_uart_comms.o
                0x000007d4                SF_UART_COMMS_Read
 .text.SF_UART_COMMS_Write
                0x0000085c       0xf4 ./synergy/ssp/src/framework/sf_uart_comms/sf_uart_comms.o
                0x0000085c                SF_UART_COMMS_Write
 .text.SF_UART_COMMS_Lock
                0x00000950       0x84 ./synergy/ssp/src/framework/sf_uart_comms/sf_uart_comms.o
                0x00000950                SF_UART_COMMS_Lock
 .text.SF_UART_COMMS_Unlock
                0x000009d4       0x70 ./synergy/ssp/src/framework/sf_uart_comms/sf_uart_comms.o
                0x000009d4                SF_UART_COMMS_Unlock
 .text.SF_UART_COMMS_VersionGet
                0x00000a44       0x24 ./synergy/ssp/src/framework/sf_uart_comms/sf_uart_comms.o
                0x00000a44                SF_UART_COMMS_VersionGet
 .text.sf_uart_comms_receive_chars
                0x00000a68       0x78 ./synergy/ssp/src/framework/sf_uart_comms/sf_uart_comms.o
 .text.sf_uart_comms_check_events
                0x00000ae0       0xb4 ./synergy/ssp/src/framework/sf_uart_comms/sf_uart_comms.o
 .text.sf_uart_comms_check_events_sub
                0x00000b94       0x68 ./synergy/ssp/src/framework/sf_uart_comms/sf_uart_comms.o
 .text.sf_uart_comms_tx_resource_setup
                0x00000bfc       0xb8 ./synergy/ssp/src/framework/sf_uart_comms/sf_uart_comms.o
 .text.sf_uart_comms_tx_resource_release
                0x00000cb4       0x84 ./synergy/ssp/src/framework/sf_uart_comms/sf_uart_comms.o
 .text.sf_uart_comms_callback
                0x00000d38       0x68 ./synergy/ssp/src/framework/sf_uart_comms/sf_uart_comms.o
 .text.SF_MOTION_Open
                0x00000da0      0x22c ./synergy/ssp/src/framework/sf_motion/sf_motion.o
                0x00000da0                SF_MOTION_Open
 .text.SF_MOTION_Close
                0x00000fcc       0x3c ./synergy/ssp/src/framework/sf_motion/sf_motion.o
                0x00000fcc                SF_MOTION_Close
 .text.SF_MOTION_VersionGet
                0x00001008       0x2c ./synergy/ssp/src/framework/sf_motion/sf_motion.o
                0x00001008                SF_MOTION_VersionGet
 .text.SF_MOTION_Start
                0x00001034       0x24 ./synergy/ssp/src/framework/sf_motion/sf_motion.o
                0x00001034                SF_MOTION_Start
 .text.SF_MOTION_Capture
                0x00001058       0x50 ./synergy/ssp/src/framework/sf_motion/sf_motion.o
                0x00001058                SF_MOTION_Capture
 .text.SF_MOTION_Align
                0x000010a8       0x5c ./synergy/ssp/src/framework/sf_motion/sf_motion.o
                0x000010a8                SF_MOTION_Align
 .text.SF_MOTION_Stop
                0x00001104       0x2c ./synergy/ssp/src/framework/sf_motion/sf_motion.o
                0x00001104                SF_MOTION_Stop
 .text.sf_amp_fault
                0x00001130       0x3c ./synergy/ssp/src/framework/sf_motion/sf_motion.o
 .text.SF_MOTION_Power
                0x0000116c       0xd0 ./synergy/ssp/src/framework/sf_motion/sf_motion.o
                0x0000116c                SF_MOTION_Power
 .text.servo_on
                0x0000123c       0xa0 ./synergy/ssp/src/framework/sf_motion/sf_motion.o
 .text.servo_off
                0x000012dc       0x84 ./synergy/ssp/src/framework/sf_motion/sf_motion.o
 .text.SF_MOTION_Servo
                0x00001360       0x68 ./synergy/ssp/src/framework/sf_motion/sf_motion.o
                0x00001360                SF_MOTION_Servo
 .text.sf_vpg   0x000013c8       0xb4 ./synergy/ssp/src/framework/sf_motion/sf_motion.o
 .text.pid_calc
                0x0000147c      0x148 ./synergy/ssp/src/framework/sf_motion/sf_motion.o
 .text.sf_pos_loop
                0x000015c4      0x13c ./synergy/ssp/src/framework/sf_motion/sf_motion.o
 .text.sf_halls
                0x00001700       0xd8 ./synergy/ssp/src/framework/sf_motion/sf_motion.o
 .text.sf_interlocks
                0x000017d8       0x7c ./synergy/ssp/src/framework/sf_motion/sf_motion.o
 .text.sf_phasing
                0x00001854      0x294 ./synergy/ssp/src/framework/sf_motion/sf_motion.o
 .text.recorder
                0x00001ae8      0x2d4 ./synergy/ssp/src/framework/sf_motion/sf_motion.o
 .text.SF_MOTION_Control
                0x00001dbc       0xf4 ./synergy/ssp/src/framework/sf_motion/sf_motion.o
                0x00001dbc                SF_MOTION_Control
 .text.update_ctrl
                0x00001eb0      0x238 ./synergy/ssp/src/framework/sf_motion/sf_motion.o
 .text.decode_ptr
                0x000020e8      0x118 ./synergy/ssp/src/framework/sf_motion/sf_motion.o
 .text.SF_MOTION_Logging
                0x00002200       0x4c ./synergy/ssp/src/framework/sf_motion/sf_motion.o
                0x00002200                SF_MOTION_Logging
 .text.vpg_trap_start
                0x0000224c       0xe4 ./synergy/ssp/src/framework/sf_motion/sf_motion_vpg.o
                0x0000224c                vpg_trap_start
 .text.vpg_trap_next
                0x00002330      0x21c ./synergy/ssp/src/framework/sf_motion/sf_motion_vpg.o
                0x00002330                vpg_trap_next
 .text.__NVIC_EnableIRQ
                0x0000254c       0x38 ./synergy/ssp/src/driver/r_sci_uart/r_sci_uart.o
 .text.__NVIC_DisableIRQ
                0x00002584       0x44 ./synergy/ssp/src/driver/r_sci_uart/r_sci_uart.o
 .text.__NVIC_ClearPendingIRQ
                0x000025c8       0x3c ./synergy/ssp/src/driver/r_sci_uart/r_sci_uart.o
 .text.__NVIC_SetPriority
                0x00002604       0x54 ./synergy/ssp/src/driver/r_sci_uart/r_sci_uart.o
 .text.R_SSP_CurrentIrqGet
                0x00002658       0x34 ./synergy/ssp/src/driver/r_sci_uart/r_sci_uart.o
 .text.R_SSP_VectorInfoGet
                0x0000268c       0x2c ./synergy/ssp/src/driver/r_sci_uart/r_sci_uart.o
 .text.HW_SCI_FifoEnable
                0x000026b8       0x1c ./synergy/ssp/src/driver/r_sci_uart/r_sci_uart.o
 .text.HW_SCI_ReceiveFifoReset
                0x000026d4       0x1c ./synergy/ssp/src/driver/r_sci_uart/r_sci_uart.o
 .text.HW_SCI_RXIeventSelect
                0x000026f0       0x1c ./synergy/ssp/src/driver/r_sci_uart/r_sci_uart.o
 .text.HW_SCI_RxTriggerNumberSet
                0x0000270c       0x38 ./synergy/ssp/src/driver/r_sci_uart/r_sci_uart.o
 .text.HW_SCI_RTSTriggerNumberSet
                0x00002744       0x34 ./synergy/ssp/src/driver/r_sci_uart/r_sci_uart.o
 .text.HW_SCI_TransmitFifoReset
                0x00002778       0x30 ./synergy/ssp/src/driver/r_sci_uart/r_sci_uart.o
 .text.HW_SCI_TxTriggerNumberSet
                0x000027a8       0x38 ./synergy/ssp/src/driver/r_sci_uart/r_sci_uart.o
 .text.HW_SCI_ParitySet
                0x000027e0       0x2c ./synergy/ssp/src/driver/r_sci_uart/r_sci_uart.o
 .text.HW_SCI_DataBits7bitsSelect
                0x0000280c       0x28 ./synergy/ssp/src/driver/r_sci_uart/r_sci_uart.o
 .text.HW_SCI_DataBits9bitsSelect
                0x00002834       0x28 ./synergy/ssp/src/driver/r_sci_uart/r_sci_uart.o
 .text.HW_SCI_StopBitsSelect
                0x0000285c       0x34 ./synergy/ssp/src/driver/r_sci_uart/r_sci_uart.o
 .text.HW_SCI_Write9bits
                0x00002890       0x30 ./synergy/ssp/src/driver/r_sci_uart/r_sci_uart.o
 .text.HW_SCI_Read9bits
                0x000028c0       0x1c ./synergy/ssp/src/driver/r_sci_uart/r_sci_uart.o
 .text.HW_SCI_WriteAddrGet
                0x000028dc       0x28 ./synergy/ssp/src/driver/r_sci_uart/r_sci_uart.o
 .text.HW_SCI_Non_FIFO_WriteAddrGet
                0x00002904       0x28 ./synergy/ssp/src/driver/r_sci_uart/r_sci_uart.o
 .text.HW_SCI_WriteFIFO
                0x0000292c       0x30 ./synergy/ssp/src/driver/r_sci_uart/r_sci_uart.o
 .text.HW_SCI_ReadAddrGet
                0x0000295c       0x28 ./synergy/ssp/src/driver/r_sci_uart/r_sci_uart.o
 .text.HW_SCI_Non_FIFO_ReadAddrGet
                0x00002984       0x28 ./synergy/ssp/src/driver/r_sci_uart/r_sci_uart.o
 .text.HW_SCI_ReadFIFO
                0x000029ac       0x20 ./synergy/ssp/src/driver/r_sci_uart/r_sci_uart.o
 .text.HW_SCI_TDFEClear
                0x000029cc       0x1c ./synergy/ssp/src/driver/r_sci_uart/r_sci_uart.o
 .text.HW_SCI_RDFClear
                0x000029e8       0x28 ./synergy/ssp/src/driver/r_sci_uart/r_sci_uart.o
 .text.HW_SCI_FIFO_WriteCount
                0x00002a10       0x24 ./synergy/ssp/src/driver/r_sci_uart/r_sci_uart.o
 .text.HW_SCI_FIFO_ReadCount
                0x00002a34       0x20 ./synergy/ssp/src/driver/r_sci_uart/r_sci_uart.o
 .text.HW_SCI_CtsInEnable
                0x00002a54       0x1c ./synergy/ssp/src/driver/r_sci_uart/r_sci_uart.o
 .text.HW_SCI_StartBitSet
                0x00002a70       0x30 ./synergy/ssp/src/driver/r_sci_uart/r_sci_uart.o
 .text.HW_SCI_TransmitterLevelSet
                0x00002aa0       0x28 ./synergy/ssp/src/driver/r_sci_uart/r_sci_uart.o
 .text.HW_SCI_RxIrqEnable
                0x00002ac8       0x40 ./synergy/ssp/src/driver/r_sci_uart/r_sci_uart.o
 .text.HW_SCI_TeIrqEnable
                0x00002b08       0x5c ./synergy/ssp/src/driver/r_sci_uart/r_sci_uart.o
 .text.HW_SCI_UartTransmitterEnable
                0x00002b64       0x24 ./synergy/ssp/src/driver/r_sci_uart/r_sci_uart.o
 .text.HW_SCI_UartTransmitIrqDisable
                0x00002b88       0x24 ./synergy/ssp/src/driver/r_sci_uart/r_sci_uart.o
 .text.HW_SCI_UartReceiverEnable
                0x00002bac       0x24 ./synergy/ssp/src/driver/r_sci_uart/r_sci_uart.o
 .text.HW_SCI_UartTransmitterReceiverDisable
                0x00002bd0       0x24 ./synergy/ssp/src/driver/r_sci_uart/r_sci_uart.o
 .text.HW_SCI_ReceiverEnable
                0x00002bf4       0x24 ./synergy/ssp/src/driver/r_sci_uart/r_sci_uart.o
 .text.HW_SCI_TransmitterEnable
                0x00002c18       0x24 ./synergy/ssp/src/driver/r_sci_uart/r_sci_uart.o
 .text.HW_SCI_Write
                0x00002c3c       0x2c ./synergy/ssp/src/driver/r_sci_uart/r_sci_uart.o
 .text.HW_SCI_Read
                0x00002c68       0x1c ./synergy/ssp/src/driver/r_sci_uart/r_sci_uart.o
 .text.HW_SCI_RegisterReset
                0x00002c84       0x8c ./synergy/ssp/src/driver/r_sci_uart/r_sci_uart.o
 .text.HW_SCI_BaudRateGenInternalClkSelect
                0x00002d10       0x1c ./synergy/ssp/src/driver/r_sci_uart/r_sci_uart.o
 .text.HW_SCI_BaudRateGenExternalClkSelect
                0x00002d2c       0x20 ./synergy/ssp/src/driver/r_sci_uart/r_sci_uart.o
 .text.HW_SCI_IsBaudRateInternalClkSelected
                0x00002d4c       0x28 ./synergy/ssp/src/driver/r_sci_uart/r_sci_uart.o
 .text.HW_SCI_BaudRateGenExternalClkDivideBy8
                0x00002d74       0x1c ./synergy/ssp/src/driver/r_sci_uart/r_sci_uart.o
 .text.HW_SCI_UartBitRateSet
                0x00002d90       0x9c ./synergy/ssp/src/driver/r_sci_uart/r_sci_uart.o
 .text.HW_SCI_BitRateDefaultSet
                0x00002e2c       0x38 ./synergy/ssp/src/driver/r_sci_uart/r_sci_uart.o
 .text.HW_SCI_BaudClkOutputEnable
                0x00002e64       0x54 ./synergy/ssp/src/driver/r_sci_uart/r_sci_uart.o
 .text.HW_SCI_BaudClkOutputDisable
                0x00002eb8       0x38 ./synergy/ssp/src/driver/r_sci_uart/r_sci_uart.o
 .text.HW_SCI_NoiseFilterSet
                0x00002ef0       0x40 ./synergy/ssp/src/driver/r_sci_uart/r_sci_uart.o
 .text.HW_SCI_BitRateModulationEnable
                0x00002f30       0x34 ./synergy/ssp/src/driver/r_sci_uart/r_sci_uart.o
 .text.HW_SCI_UartBitRateModulationSet
                0x00002f64       0x1c ./synergy/ssp/src/driver/r_sci_uart/r_sci_uart.o
 .text.R_SCI_UartOpen
                0x00002f80      0x208 ./synergy/ssp/src/driver/r_sci_uart/r_sci_uart.o
                0x00002f80                R_SCI_UartOpen
 .text.R_SCI_UartClose
                0x00003188       0xc0 ./synergy/ssp/src/driver/r_sci_uart/r_sci_uart.o
                0x00003188                R_SCI_UartClose
 .text.R_SCI_UartRead
                0x00003248       0xb8 ./synergy/ssp/src/driver/r_sci_uart/r_sci_uart.o
                0x00003248                R_SCI_UartRead
 .text.R_SCI_UartWrite
                0x00003300      0x148 ./synergy/ssp/src/driver/r_sci_uart/r_sci_uart.o
                0x00003300                R_SCI_UartWrite
 .text.R_SCI_UartBaudSet
                0x00003448       0xc0 ./synergy/ssp/src/driver/r_sci_uart/r_sci_uart.o
                0x00003448                R_SCI_UartBaudSet
 .text.R_SCI_UartInfoGet
                0x00003508       0xd8 ./synergy/ssp/src/driver/r_sci_uart/r_sci_uart.o
                0x00003508                R_SCI_UartInfoGet
 .text.R_SCI_UartVersionGet
                0x000035e0       0x38 ./synergy/ssp/src/driver/r_sci_uart/r_sci_uart.o
                0x000035e0                R_SCI_UartVersionGet
 .text.R_SCI_UartAbort
                0x00003618       0x78 ./synergy/ssp/src/driver/r_sci_uart/r_sci_uart.o
                0x00003618                R_SCI_UartAbort
 .text.r_sci_uart_open_param_check
                0x00003690       0x40 ./synergy/ssp/src/driver/r_sci_uart/r_sci_uart.o
 .text.r_sci_read_write_param_check
                0x000036d0       0x74 ./synergy/ssp/src/driver/r_sci_uart/r_sci_uart.o
 .text.r_sci_uart_transfer_configure
                0x00003744       0xd0 ./synergy/ssp/src/driver/r_sci_uart/r_sci_uart.o
 .text.r_sci_uart_transfer_open
                0x00003814      0x1b4 ./synergy/ssp/src/driver/r_sci_uart/r_sci_uart.o
 .text.r_sci_uart_config_set
                0x000039c8       0x94 ./synergy/ssp/src/driver/r_sci_uart/r_sci_uart.o
 .text.r_sci_uart_fifo_cfg
                0x00003a5c       0x94 ./synergy/ssp/src/driver/r_sci_uart/r_sci_uart.o
 .text.r_sci_irq_cfg
                0x00003af0       0x80 ./synergy/ssp/src/driver/r_sci_uart/r_sci_uart.o
 .text.r_sci_irqs_cfg
                0x00003b70       0x8c ./synergy/ssp/src/driver/r_sci_uart/r_sci_uart.o
 .text.r_sci_uart_transfer_close
                0x00003bfc       0x58 ./synergy/ssp/src/driver/r_sci_uart/r_sci_uart.o
 .text.r_sci_uart_brr_mddr_calculate
                0x00003c54      0x14c ./synergy/ssp/src/driver/r_sci_uart/r_sci_uart.o
 .text.r_sci_uart_baud_calculate
                0x00003da0       0x90 ./synergy/ssp/src/driver/r_sci_uart/r_sci_uart.o
 .text.r_sci_uart_baud_set
                0x00003e30       0x7c ./synergy/ssp/src/driver/r_sci_uart/r_sci_uart.o
 .text.r_sci_uart_write_no_transfer
                0x00003eac       0xa4 ./synergy/ssp/src/driver/r_sci_uart/r_sci_uart.o
                0x00003eac                r_sci_uart_write_no_transfer
 .text.r_sci_uart_read_data
                0x00003f50       0x5c ./synergy/ssp/src/driver/r_sci_uart/r_sci_uart.o
                0x00003f50                r_sci_uart_read_data
 .text.r_sci_uart_rxi_read_no_transfer
                0x00003fac       0x8c ./synergy/ssp/src/driver/r_sci_uart/r_sci_uart.o
                0x00003fac                r_sci_uart_rxi_read_no_transfer
 .text.r_sci_uart_abort_tx
                0x00004038       0xa4 ./synergy/ssp/src/driver/r_sci_uart/r_sci_uart.o
 .text.r_sci_uart_abort_rx
                0x000040dc       0x4c ./synergy/ssp/src/driver/r_sci_uart/r_sci_uart.o
 .text.sci_uart_txi_isr
                0x00004128       0xd0 ./synergy/ssp/src/driver/r_sci_uart/r_sci_uart.o
                0x00004128                sci_uart_txi_isr
 .text.sci_uart_rxi_isr
                0x000041f8       0x80 ./synergy/ssp/src/driver/r_sci_uart/r_sci_uart.o
                0x000041f8                sci_uart_rxi_isr
 .text.sci_uart_tei_isr
                0x00004278       0x80 ./synergy/ssp/src/driver/r_sci_uart/r_sci_uart.o
                0x00004278                sci_uart_tei_isr
 .text.ioport_port_address_get
                0x000042f8       0x28 ./synergy/ssp/src/driver/r_ioport/r_ioport.o
 .text.ioport_pfs_address_get
                0x00004320       0x30 ./synergy/ssp/src/driver/r_ioport/r_ioport.o
 .text.HW_IOPORT_EthernetModeCfg
                0x00004350       0x64 ./synergy/ssp/src/driver/r_ioport/r_ioport.o
 .text.HW_IOPORT_PinWrite
                0x000043b4       0x5c ./synergy/ssp/src/driver/r_ioport/r_ioport.o
 .text.HW_IOPORT_PortWriteWithPCNTR3
                0x00004410       0x40 ./synergy/ssp/src/driver/r_ioport/r_ioport.o
 .text.HW_IOPORT_PortEventInputDataRead
                0x00004450       0x3c ./synergy/ssp/src/driver/r_ioport/r_ioport.o
 .text.HW_IOPORT_PortEventOutputDataWrite
                0x0000448c       0x44 ./synergy/ssp/src/driver/r_ioport/r_ioport.o
 .text.HW_IOPORT_PinEventOutputDataWrite
                0x000044d0       0x88 ./synergy/ssp/src/driver/r_ioport/r_ioport.o
 .text.HW_IOPORT_PinRead
                0x00004558       0x30 ./synergy/ssp/src/driver/r_ioport/r_ioport.o
 .text.HW_IOPORT_PortRead
                0x00004588       0x38 ./synergy/ssp/src/driver/r_ioport/r_ioport.o
 .text.HW_IOPORT_PortDirectionRead
                0x000045c0       0x34 ./synergy/ssp/src/driver/r_ioport/r_ioport.o
 .text.HW_IOPORT_PinDirectionSet
                0x000045f4       0x5c ./synergy/ssp/src/driver/r_ioport/r_ioport.o
 .text.HW_IOPORT_PortDirectionSet
                0x00004650       0x40 ./synergy/ssp/src/driver/r_ioport/r_ioport.o
 .text.HW_IOPORT_PFSAccessEnable
                0x00004690       0x5c ./synergy/ssp/src/driver/r_ioport/r_ioport.o
 .text.HW_IOPORT_PFSAccessDisable
                0x000046ec       0x68 ./synergy/ssp/src/driver/r_ioport/r_ioport.o
 .text.HW_IOPORT_PFSRead
                0x00004754       0x24 ./synergy/ssp/src/driver/r_ioport/r_ioport.o
 .text.HW_IOPORT_PFSWrite
                0x00004778       0x64 ./synergy/ssp/src/driver/r_ioport/r_ioport.o
 .text.R_IOPORT_Init
                0x000047dc       0xd0 ./synergy/ssp/src/driver/r_ioport/r_ioport.o
                0x000047dc                R_IOPORT_Init
 .text.R_IOPORT_PinsCfg
                0x000048ac       0x78 ./synergy/ssp/src/driver/r_ioport/r_ioport.o
                0x000048ac                R_IOPORT_PinsCfg
 .text.R_IOPORT_PinCfg
                0x00004924       0x68 ./synergy/ssp/src/driver/r_ioport/r_ioport.o
                0x00004924                R_IOPORT_PinCfg
 .text.R_IOPORT_PinRead
                0x0000498c       0x54 ./synergy/ssp/src/driver/r_ioport/r_ioport.o
                0x0000498c                R_IOPORT_PinRead
 .text.R_IOPORT_PortRead
                0x000049e0       0x54 ./synergy/ssp/src/driver/r_ioport/r_ioport.o
                0x000049e0                R_IOPORT_PortRead
 .text.R_IOPORT_PortWrite
                0x00004a34       0x68 ./synergy/ssp/src/driver/r_ioport/r_ioport.o
                0x00004a34                R_IOPORT_PortWrite
 .text.R_IOPORT_PinWrite
                0x00004a9c       0x54 ./synergy/ssp/src/driver/r_ioport/r_ioport.o
                0x00004a9c                R_IOPORT_PinWrite
 .text.R_IOPORT_PortDirectionSet
                0x00004af0       0x94 ./synergy/ssp/src/driver/r_ioport/r_ioport.o
                0x00004af0                R_IOPORT_PortDirectionSet
 .text.R_IOPORT_PinDirectionSet
                0x00004b84       0x5c ./synergy/ssp/src/driver/r_ioport/r_ioport.o
                0x00004b84                R_IOPORT_PinDirectionSet
 .text.R_IOPORT_PortEventInputRead
                0x00004be0       0x54 ./synergy/ssp/src/driver/r_ioport/r_ioport.o
                0x00004be0                R_IOPORT_PortEventInputRead
 .text.R_IOPORT_PinEventInputRead
                0x00004c34       0x88 ./synergy/ssp/src/driver/r_ioport/r_ioport.o
                0x00004c34                R_IOPORT_PinEventInputRead
 .text.R_IOPORT_PortEventOutputWrite
                0x00004cbc       0x68 ./synergy/ssp/src/driver/r_ioport/r_ioport.o
                0x00004cbc                R_IOPORT_PortEventOutputWrite
 .text.R_IOPORT_PinEventOutputWrite
                0x00004d24       0x94 ./synergy/ssp/src/driver/r_ioport/r_ioport.o
                0x00004d24                R_IOPORT_PinEventOutputWrite
 .text.R_IOPORT_VersionGet
                0x00004db8       0x38 ./synergy/ssp/src/driver/r_ioport/r_ioport.o
                0x00004db8                R_IOPORT_VersionGet
 .text.R_IOPORT_EthernetModeCfg
                0x00004df0       0x64 ./synergy/ssp/src/driver/r_ioport/r_ioport.o
                0x00004df0                R_IOPORT_EthernetModeCfg
 .text.r_ioport_pin_exists
                0x00004e54       0x5c ./synergy/ssp/src/driver/r_ioport/r_ioport.o
 .text.r_ioport_port_exists
                0x00004eb0       0x34 ./synergy/ssp/src/driver/r_ioport/r_ioport.o
 .text.bsp_vbatt_init
                0x00004ee4       0xd4 ./synergy/ssp/src/driver/r_ioport/r_ioport.o
 .text.HW_FMI_RecordLocate
                0x00004fb8       0x28 ./synergy/ssp/src/driver/r_fmi/r_fmi.o
 .text.HW_FMI_IPLocate
                0x00004fe0      0x114 ./synergy/ssp/src/driver/r_fmi/r_fmi.o
 .text.HW_FMI_EventGet
                0x000050f4       0xd4 ./synergy/ssp/src/driver/r_fmi/r_fmi.o
 .text.R_FMI_Init
                0x000051c8       0x80 ./synergy/ssp/src/driver/r_fmi/r_fmi.o
 .text.R_FMI_ProductInfoGet
                0x00005248       0x48 ./synergy/ssp/src/driver/r_fmi/r_fmi.o
 .text.R_FMI_UniqueIdGet
                0x00005290       0x70 ./synergy/ssp/src/driver/r_fmi/r_fmi.o
 .text.R_FMI_FeatureGet
                0x00005300       0x98 ./synergy/ssp/src/driver/r_fmi/r_fmi.o
 .text.R_FMI_EventInfoGet
                0x00005398       0x48 ./synergy/ssp/src/driver/r_fmi/r_fmi.o
 .text.R_FMI_VersionGet
                0x000053e0       0x2c ./synergy/ssp/src/driver/r_fmi/r_fmi.o
 .text.fmi_part_number_validate
                0x0000540c       0xd4 ./synergy/ssp/src/driver/r_fmi/r_fmi.o
 .text.fmi_on_chip_table_validate
                0x000054e0       0x44 ./synergy/ssp/src/driver/r_fmi/r_fmi.o
 .text.fmi_table_validate
                0x00005524       0x54 ./synergy/ssp/src/driver/r_fmi/r_fmi.o
 .text.fmi_size_lookup
                0x00005578       0xb8 ./synergy/ssp/src/driver/r_fmi/r_fmi.o
 .text.fmi_unit_locate
                0x00005630       0x84 ./synergy/ssp/src/driver/r_fmi/r_fmi.o
 .text.fmi_multichannel_feature_info_get
                0x000056b4      0x114 ./synergy/ssp/src/driver/r_fmi/r_fmi.o
 .text.fmi_feature_info_get
                0x000057c8      0x170 ./synergy/ssp/src/driver/r_fmi/r_fmi.o
 .text.HW_GPT_CounterStartStop
                0x00005938       0x30 ./synergy/ssp/src/driver/r_encoder_gpt/r_encoder_gpt.o
 .text.HW_ENC_RegisterInit
                0x00005968       0xbc ./synergy/ssp/src/driver/r_encoder_gpt/r_encoder_gpt.o
 .text.gpt_common_open
                0x00005a24       0x64 ./synergy/ssp/src/driver/r_encoder_gpt/r_encoder_gpt.o
 .text.R_ENCODER_Open
                0x00005a88       0xd8 ./synergy/ssp/src/driver/r_encoder_gpt/r_encoder_gpt.o
                0x00005a88                R_ENCODER_Open
 .text.R_ENCODER_PosGet
                0x00005b60       0x84 ./synergy/ssp/src/driver/r_encoder_gpt/r_encoder_gpt.o
                0x00005b60                R_ENCODER_PosGet
 .text.R_ENCODER_PosCapSet
                0x00005be4       0x54 ./synergy/ssp/src/driver/r_encoder_gpt/r_encoder_gpt.o
                0x00005be4                R_ENCODER_PosCapSet
 .text.R_ENCODER_PosSet
                0x00005c38       0x3c ./synergy/ssp/src/driver/r_encoder_gpt/r_encoder_gpt.o
                0x00005c38                R_ENCODER_PosSet
 .text.R_ENCODER_InfoGet
                0x00005c74       0x40 ./synergy/ssp/src/driver/r_encoder_gpt/r_encoder_gpt.o
                0x00005c74                R_ENCODER_InfoGet
 .text.R_ENCODER_Close
                0x00005cb4       0x20 ./synergy/ssp/src/driver/r_encoder_gpt/r_encoder_gpt.o
                0x00005cb4                R_ENCODER_Close
 .text.R_ENCODER_VersionGet
                0x00005cd4       0x28 ./synergy/ssp/src/driver/r_encoder_gpt/r_encoder_gpt.o
                0x00005cd4                R_ENCODER_VersionGet
 .text.HW_ELC_SoftwareEvent0Generate
                0x00005cfc       0x24 ./synergy/ssp/src/driver/r_elc/r_elc.o
 .text.HW_ELC_SoftwareEvent1Generate
                0x00005d20       0x24 ./synergy/ssp/src/driver/r_elc/r_elc.o
 .text.HW_ELC_Enable
                0x00005d44       0x1c ./synergy/ssp/src/driver/r_elc/r_elc.o
 .text.HW_ELC_Disable
                0x00005d60       0x1c ./synergy/ssp/src/driver/r_elc/r_elc.o
 .text.HW_ELC_LinkSet
                0x00005d7c       0x24 ./synergy/ssp/src/driver/r_elc/r_elc.o
 .text.HW_ELC_LinkBreak
                0x00005da0       0x20 ./synergy/ssp/src/driver/r_elc/r_elc.o
 .text.R_ELC_Init
                0x00005dc0       0xc0 ./synergy/ssp/src/driver/r_elc/r_elc.o
                0x00005dc0                R_ELC_Init
 .text.R_ELC_SoftwareEventGenerate
                0x00005e80       0x40 ./synergy/ssp/src/driver/r_elc/r_elc.o
                0x00005e80                R_ELC_SoftwareEventGenerate
 .text.R_ELC_LinkSet
                0x00005ec0       0x30 ./synergy/ssp/src/driver/r_elc/r_elc.o
                0x00005ec0                R_ELC_LinkSet
 .text.R_ELC_LinkBreak
                0x00005ef0       0x28 ./synergy/ssp/src/driver/r_elc/r_elc.o
                0x00005ef0                R_ELC_LinkBreak
 .text.R_ELC_Enable
                0x00005f18       0x18 ./synergy/ssp/src/driver/r_elc/r_elc.o
                0x00005f18                R_ELC_Enable
 .text.R_ELC_Disable
                0x00005f30       0x18 ./synergy/ssp/src/driver/r_elc/r_elc.o
                0x00005f30                R_ELC_Disable
 .text.R_ELC_VersionGet
                0x00005f48       0x2c ./synergy/ssp/src/driver/r_elc/r_elc.o
                0x00005f48                R_ELC_VersionGet
 .text.HW_DTC_VectorTableAddressSet
                0x00005f74       0x1c ./synergy/ssp/src/driver/r_dtc/r_dtc.o
 .text.HW_DTC_ReadSkipEnableSet
                0x00005f90       0x34 ./synergy/ssp/src/driver/r_dtc/r_dtc.o
 .text.HW_DTC_StartStop
                0x00005fc4       0x34 ./synergy/ssp/src/driver/r_dtc/r_dtc.o
 .text.HW_ICU_DTCEnable
                0x00005ff8       0x40 ./synergy/ssp/src/driver/r_dtc/r_dtc.o
 .text.HW_ICU_DTCDisable
                0x00006038       0x2c ./synergy/ssp/src/driver/r_dtc/r_dtc.o
 .text.HW_DTC_StatusGet
                0x00006064       0x1c ./synergy/ssp/src/driver/r_dtc/r_dtc.o
 .text.HW_DTC_ICUEventGet
                0x00006080       0x2c ./synergy/ssp/src/driver/r_dtc/r_dtc.o
 .text.R_DTC_Open
                0x000060ac       0xd8 ./synergy/ssp/src/driver/r_dtc/r_dtc.o
                0x000060ac                R_DTC_Open
 .text.R_DTC_Reset
                0x00006184       0xfc ./synergy/ssp/src/driver/r_dtc/r_dtc.o
                0x00006184                R_DTC_Reset
 .text.R_DTC_Start
                0x00006280       0x20 ./synergy/ssp/src/driver/r_dtc/r_dtc.o
                0x00006280                R_DTC_Start
 .text.R_DTC_Stop
                0x000062a0       0x18 ./synergy/ssp/src/driver/r_dtc/r_dtc.o
                0x000062a0                R_DTC_Stop
 .text.R_DTC_Enable
                0x000062b8       0x94 ./synergy/ssp/src/driver/r_dtc/r_dtc.o
                0x000062b8                R_DTC_Enable
 .text.R_DTC_Disable
                0x0000634c       0x48 ./synergy/ssp/src/driver/r_dtc/r_dtc.o
                0x0000634c                R_DTC_Disable
 .text.R_DTC_InfoGet
                0x00006394       0xf0 ./synergy/ssp/src/driver/r_dtc/r_dtc.o
                0x00006394                R_DTC_InfoGet
 .text.R_DTC_Close
                0x00006484       0x74 ./synergy/ssp/src/driver/r_dtc/r_dtc.o
                0x00006484                R_DTC_Close
 .text.R_DTC_VersionGet
                0x000064f8       0x2c ./synergy/ssp/src/driver/r_dtc/r_dtc.o
                0x000064f8                R_DTC_VersionGet
 .text.R_DTC_BlockReset
                0x00006524      0x104 ./synergy/ssp/src/driver/r_dtc/r_dtc.o
                0x00006524                R_DTC_BlockReset
 .text.dtc_irq_lookup
                0x00006628       0x50 ./synergy/ssp/src/driver/r_dtc/r_dtc.o
 .text.r_dtc_initialize_repeat_block_mode
                0x00006678       0x58 ./synergy/ssp/src/driver/r_dtc/r_dtc.o
 .text.r_dtc_state_initialize
                0x000066d0      0x124 ./synergy/ssp/src/driver/r_dtc/r_dtc.o
 .text.r_dtc_parameter_check
                0x000067f4       0x4c ./synergy/ssp/src/driver/r_dtc/r_dtc.o
 .text.r_dtc_reset_parameter_check
                0x00006840       0x8c ./synergy/ssp/src/driver/r_dtc/r_dtc.o
 .text.r_dtc_block_reset_parameter_check
                0x000068cc       0x70 ./synergy/ssp/src/driver/r_dtc/r_dtc.o
 .text.r_dtc_enable_alignment_check
                0x0000693c       0x74 ./synergy/ssp/src/driver/r_dtc/r_dtc.o
 .text.__NVIC_SetPriority
                0x000069b0       0x54 ./synergy/ssp/src/driver/r_cgc/hw/hw_cgc.o
 .text.__NVIC_GetPriority
                0x00006a04       0x50 ./synergy/ssp/src/driver/r_cgc/hw/hw_cgc.o
 .text.SysTick_Config
                0x00006a54       0x44 ./synergy/ssp/src/driver/r_cgc/hw/hw_cgc.o
 .text.HW_CGC_Init
                0x00006a98       0x48 ./synergy/ssp/src/driver/r_cgc/hw/hw_cgc.o
                0x00006a98                HW_CGC_Init
 .text.HW_CGC_InitPLLFreq
                0x00006ae0       0xb8 ./synergy/ssp/src/driver/r_cgc/hw/hw_cgc.o
                0x00006ae0                HW_CGC_InitPLLFreq
 .text.HW_CGC_HardwareLock
                0x00006b98        0xc ./synergy/ssp/src/driver/r_cgc/hw/hw_cgc.o
                0x00006b98                HW_CGC_HardwareLock
 .text.HW_CGC_HardwareUnLock
                0x00006ba4        0xc ./synergy/ssp/src/driver/r_cgc/hw/hw_cgc.o
                0x00006ba4                HW_CGC_HardwareUnLock
 .text.HW_CGC_LPMHardwareLock
                0x00006bb0        0xc ./synergy/ssp/src/driver/r_cgc/hw/hw_cgc.o
                0x00006bb0                HW_CGC_LPMHardwareLock
 .text.HW_CGC_LPMHardwareUnLock
                0x00006bbc        0xc ./synergy/ssp/src/driver/r_cgc/hw/hw_cgc.o
                0x00006bbc                HW_CGC_LPMHardwareUnLock
 .text.HW_CGC_MainClockDriveSet
                0x00006bc8       0x64 ./synergy/ssp/src/driver/r_cgc/hw/hw_cgc.o
                0x00006bc8                HW_CGC_MainClockDriveSet
 .text.HW_CGC_SubClockDriveSet
                0x00006c2c       0x64 ./synergy/ssp/src/driver/r_cgc/hw/hw_cgc.o
                0x00006c2c                HW_CGC_SubClockDriveSet
 .text.HW_CGC_ClockStart
                0x00006c90       0xa0 ./synergy/ssp/src/driver/r_cgc/hw/hw_cgc.o
                0x00006c90                HW_CGC_ClockStart
 .text.HW_CGC_ClockStop
                0x00006d30       0xa0 ./synergy/ssp/src/driver/r_cgc/hw/hw_cgc.o
                0x00006d30                HW_CGC_ClockStop
 .text.HW_CGC_ClockCheck
                0x00006dd0       0x74 ./synergy/ssp/src/driver/r_cgc/hw/hw_cgc.o
                0x00006dd0                HW_CGC_ClockCheck
 .text.HW_CGC_ClockRunStateGet
                0x00006e44       0xc4 ./synergy/ssp/src/driver/r_cgc/hw/hw_cgc.o
                0x00006e44                HW_CGC_ClockRunStateGet
 .text.HW_CGC_DelayCycles
                0x00006f08       0x54 ./synergy/ssp/src/driver/r_cgc/hw/hw_cgc.o
                0x00006f08                HW_CGC_DelayCycles
 .text.HW_CGC_MainOscSourceSet
                0x00006f5c       0x3c ./synergy/ssp/src/driver/r_cgc/hw/hw_cgc.o
                0x00006f5c                HW_CGC_MainOscSourceSet
 .text.HW_CGC_ClockWaitSet
                0x00006f98       0x40 ./synergy/ssp/src/driver/r_cgc/hw/hw_cgc.o
                0x00006f98                HW_CGC_ClockWaitSet
 .text.HW_CGC_ClockSourceValidCheck
                0x00006fd8       0x44 ./synergy/ssp/src/driver/r_cgc/hw/hw_cgc.o
                0x00006fd8                HW_CGC_ClockSourceValidCheck
 .text.HW_CGC_ClockSourceGet
                0x0000701c       0x20 ./synergy/ssp/src/driver/r_cgc/hw/hw_cgc.o
                0x0000701c                HW_CGC_ClockSourceGet
 .text.HW_CGC_ClockSourceSet
                0x0000703c       0x3c ./synergy/ssp/src/driver/r_cgc/hw/hw_cgc.o
                0x0000703c                HW_CGC_ClockSourceSet
 .text.HW_CGC_PLLClockSourceGet
                0x00007078       0x44 ./synergy/ssp/src/driver/r_cgc/hw/hw_cgc.o
                0x00007078                HW_CGC_PLLClockSourceGet
 .text.HW_CGC_PLLClockSourceSet
                0x000070bc       0x38 ./synergy/ssp/src/driver/r_cgc/hw/hw_cgc.o
                0x000070bc                HW_CGC_PLLClockSourceSet
 .text.HW_CGC_PLLMultiplierSet
                0x000070f4       0xb0 ./synergy/ssp/src/driver/r_cgc/hw/hw_cgc.o
                0x000070f4                HW_CGC_PLLMultiplierSet
 .text.HW_CGC_PLLMultiplierGet
                0x000071a4       0x90 ./synergy/ssp/src/driver/r_cgc/hw/hw_cgc.o
                0x000071a4                HW_CGC_PLLMultiplierGet
 .text.HW_CGC_PLLDividerSet
                0x00007234       0xa4 ./synergy/ssp/src/driver/r_cgc/hw/hw_cgc.o
                0x00007234                HW_CGC_PLLDividerSet
 .text.HW_CGC_PLLDividerGet
                0x000072d8       0x74 ./synergy/ssp/src/driver/r_cgc/hw/hw_cgc.o
                0x000072d8                HW_CGC_PLLDividerGet
 .text.HW_CGC_SystemDividersSet
                0x0000734c      0x148 ./synergy/ssp/src/driver/r_cgc/hw/hw_cgc.o
                0x0000734c                HW_CGC_SystemDividersSet
 .text.HW_CGC_SystemDividersGet
                0x00007494       0x90 ./synergy/ssp/src/driver/r_cgc/hw/hw_cgc.o
                0x00007494                HW_CGC_SystemDividersGet
 .text.HW_CGC_ClockCfgValidCheck
                0x00007524       0x88 ./synergy/ssp/src/driver/r_cgc/hw/hw_cgc.o
                0x00007524                HW_CGC_ClockCfgValidCheck
 .text.HW_CGC_ClockDividerGet
                0x000075ac       0xb8 ./synergy/ssp/src/driver/r_cgc/hw/hw_cgc.o
                0x000075ac                HW_CGC_ClockDividerGet
 .text.HW_CGC_ClockHzGet
                0x00007664       0x3c ./synergy/ssp/src/driver/r_cgc/hw/hw_cgc.o
                0x00007664                HW_CGC_ClockHzGet
 .text.HW_CGC_ClockHzCalculate
                0x000076a0       0x30 ./synergy/ssp/src/driver/r_cgc/hw/hw_cgc.o
                0x000076a0                HW_CGC_ClockHzCalculate
 .text.HW_CGC_OperatingModeSet
                0x000076d0      0x140 ./synergy/ssp/src/driver/r_cgc/hw/hw_cgc.o
                0x000076d0                HW_CGC_OperatingModeSet
 .text.HW_CGC_OperatingModeGet
                0x00007810       0x40 ./synergy/ssp/src/driver/r_cgc/hw/hw_cgc.o
                0x00007810                HW_CGC_OperatingModeGet
 .text.HW_CGC_OscStopDetectEnable
                0x00007850       0x34 ./synergy/ssp/src/driver/r_cgc/hw/hw_cgc.o
                0x00007850                HW_CGC_OscStopDetectEnable
 .text.HW_CGC_OscStopDetectDisable
                0x00007884       0x34 ./synergy/ssp/src/driver/r_cgc/hw/hw_cgc.o
                0x00007884                HW_CGC_OscStopDetectDisable
 .text.HW_CGC_OscStopDetectEnabledGet
                0x000078b8       0x2c ./synergy/ssp/src/driver/r_cgc/hw/hw_cgc.o
                0x000078b8                HW_CGC_OscStopDetectEnabledGet
 .text.HW_CGC_OscStopDetectGet
                0x000078e4       0x2c ./synergy/ssp/src/driver/r_cgc/hw/hw_cgc.o
                0x000078e4                HW_CGC_OscStopDetectGet
 .text.HW_CGC_OscStopStatusClear
                0x00007910       0x3c ./synergy/ssp/src/driver/r_cgc/hw/hw_cgc.o
                0x00007910                HW_CGC_OscStopStatusClear
 .text.HW_CGC_BusClockOutCfg
                0x0000794c       0x3c ./synergy/ssp/src/driver/r_cgc/hw/hw_cgc.o
                0x0000794c                HW_CGC_BusClockOutCfg
 .text.HW_CGC_BusClockOutEnable
                0x00007988       0x24 ./synergy/ssp/src/driver/r_cgc/hw/hw_cgc.o
                0x00007988                HW_CGC_BusClockOutEnable
 .text.HW_CGC_BusClockOutDisable
                0x000079ac       0x24 ./synergy/ssp/src/driver/r_cgc/hw/hw_cgc.o
                0x000079ac                HW_CGC_BusClockOutDisable
 .text.HW_CGC_ClockOutCfg
                0x000079d0       0x70 ./synergy/ssp/src/driver/r_cgc/hw/hw_cgc.o
                0x000079d0                HW_CGC_ClockOutCfg
 .text.HW_CGC_ClockOutEnable
                0x00007a40       0x24 ./synergy/ssp/src/driver/r_cgc/hw/hw_cgc.o
                0x00007a40                HW_CGC_ClockOutEnable
 .text.HW_CGC_ClockOutDisable
                0x00007a64       0x24 ./synergy/ssp/src/driver/r_cgc/hw/hw_cgc.o
                0x00007a64                HW_CGC_ClockOutDisable
 .text.HW_CGC_SDRAMClockOutEnable
                0x00007a88       0x24 ./synergy/ssp/src/driver/r_cgc/hw/hw_cgc.o
                0x00007a88                HW_CGC_SDRAMClockOutEnable
 .text.HW_CGC_SDRAMClockOutDisable
                0x00007aac       0x24 ./synergy/ssp/src/driver/r_cgc/hw/hw_cgc.o
                0x00007aac                HW_CGC_SDRAMClockOutDisable
 .text.HW_CGC_USBClockCfg
                0x00007ad0       0x3c ./synergy/ssp/src/driver/r_cgc/hw/hw_cgc.o
                0x00007ad0                HW_CGC_USBClockCfg
 .text.HW_CGC_SystickUpdate
                0x00007b0c       0x64 ./synergy/ssp/src/driver/r_cgc/hw/hw_cgc.o
                0x00007b0c                HW_CGC_SystickUpdate
 .text.HW_CGC_LCDClockCfg
                0x00007b70       0x38 ./synergy/ssp/src/driver/r_cgc/hw/hw_cgc.o
                0x00007b70                HW_CGC_LCDClockCfg
 .text.HW_CGC_LCDClockCfgGet
                0x00007ba8       0x20 ./synergy/ssp/src/driver/r_cgc/hw/hw_cgc.o
                0x00007ba8                HW_CGC_LCDClockCfgGet
 .text.HW_CGC_LCDClockEnable
                0x00007bc8       0x20 ./synergy/ssp/src/driver/r_cgc/hw/hw_cgc.o
                0x00007bc8                HW_CGC_LCDClockEnable
 .text.HW_CGC_LCDClockDisable
                0x00007be8       0x20 ./synergy/ssp/src/driver/r_cgc/hw/hw_cgc.o
                0x00007be8                HW_CGC_LCDClockDisable
 .text.HW_CGC_LCDClockIsEnabled
                0x00007c08       0x2c ./synergy/ssp/src/driver/r_cgc/hw/hw_cgc.o
                0x00007c08                HW_CGC_LCDClockIsEnabled
 .text.HW_CGC_SDADCClockCfg
                0x00007c34       0x3c ./synergy/ssp/src/driver/r_cgc/hw/hw_cgc.o
                0x00007c34                HW_CGC_SDADCClockCfg
 .text.HW_CGC_SDADCClockEnable
                0x00007c70       0x20 ./synergy/ssp/src/driver/r_cgc/hw/hw_cgc.o
                0x00007c70                HW_CGC_SDADCClockEnable
 .text.HW_CGC_SDADCClockDisable
                0x00007c90       0x20 ./synergy/ssp/src/driver/r_cgc/hw/hw_cgc.o
                0x00007c90                HW_CGC_SDADCClockDisable
 .text.HW_CGC_SDADCClockIsEnabled
                0x00007cb0       0x2c ./synergy/ssp/src/driver/r_cgc/hw/hw_cgc.o
                0x00007cb0                HW_CGC_SDADCClockIsEnabled
 .text.HW_CGC_HocoWaitControlSet
                0x00007cdc       0x3c ./synergy/ssp/src/driver/r_cgc/hw/hw_cgc.o
                0x00007cdc                HW_CGC_HocoWaitControlSet
 .text.HW_CGC_SetHighSpeedMode
                0x00007d18       0x18 ./synergy/ssp/src/driver/r_cgc/r_cgc.o
 .text.HW_CGC_SetMiddleSpeedMode
                0x00007d30       0x18 ./synergy/ssp/src/driver/r_cgc/r_cgc.o
 .text.HW_CGC_SetLowSpeedMode
                0x00007d48       0x18 ./synergy/ssp/src/driver/r_cgc/r_cgc.o
 .text.HW_CGC_SetSubOscSpeedMode
                0x00007d60       0x18 ./synergy/ssp/src/driver/r_cgc/r_cgc.o
 .text.R_CGC_Init
                0x00007d78      0x114 ./synergy/ssp/src/driver/r_cgc/r_cgc.o
                0x00007d78                R_CGC_Init
 .text.R_CGC_ClocksCfg
                0x00007e8c      0x2b8 ./synergy/ssp/src/driver/r_cgc/r_cgc.o
                0x00007e8c                R_CGC_ClocksCfg
 .text.R_CGC_ClockStart
                0x00008144      0x2f4 ./synergy/ssp/src/driver/r_cgc/r_cgc.o
                0x00008144                R_CGC_ClockStart
 .text.R_CGC_ClockStop
                0x00008438      0x13c ./synergy/ssp/src/driver/r_cgc/r_cgc.o
                0x00008438                R_CGC_ClockStop
 .text.R_CGC_SystemClockSet
                0x00008574      0x294 ./synergy/ssp/src/driver/r_cgc/r_cgc.o
                0x00008574                R_CGC_SystemClockSet
 .text.R_CGC_SystemClockGet
                0x00008808       0x4c ./synergy/ssp/src/driver/r_cgc/r_cgc.o
                0x00008808                R_CGC_SystemClockGet
 .text.R_CGC_SystemClockFreqGet
                0x00008854       0x94 ./synergy/ssp/src/driver/r_cgc/r_cgc.o
                0x00008854                R_CGC_SystemClockFreqGet
 .text.R_CGC_ClockCheck
                0x000088e8       0xa8 ./synergy/ssp/src/driver/r_cgc/r_cgc.o
                0x000088e8                R_CGC_ClockCheck
 .text.R_CGC_OscStopDetect
                0x00008990      0x288 ./synergy/ssp/src/driver/r_cgc/r_cgc.o
                0x00008990                R_CGC_OscStopDetect
 .text.R_CGC_OscStopStatusClear
                0x00008c18       0xa0 ./synergy/ssp/src/driver/r_cgc/r_cgc.o
                0x00008c18                R_CGC_OscStopStatusClear
 .text.R_CGC_BusClockOutCfg
                0x00008cb8       0x28 ./synergy/ssp/src/driver/r_cgc/r_cgc.o
                0x00008cb8                R_CGC_BusClockOutCfg
 .text.R_CGC_BusClockOutEnable
                0x00008ce0       0x18 ./synergy/ssp/src/driver/r_cgc/r_cgc.o
                0x00008ce0                R_CGC_BusClockOutEnable
 .text.R_CGC_BusClockOutDisable
                0x00008cf8       0x18 ./synergy/ssp/src/driver/r_cgc/r_cgc.o
                0x00008cf8                R_CGC_BusClockOutDisable
 .text.R_CGC_ClockOutCfg
                0x00008d10       0x30 ./synergy/ssp/src/driver/r_cgc/r_cgc.o
                0x00008d10                R_CGC_ClockOutCfg
 .text.R_CGC_ClockOutEnable
                0x00008d40       0x18 ./synergy/ssp/src/driver/r_cgc/r_cgc.o
                0x00008d40                R_CGC_ClockOutEnable
 .text.R_CGC_ClockOutDisable
                0x00008d58       0x18 ./synergy/ssp/src/driver/r_cgc/r_cgc.o
                0x00008d58                R_CGC_ClockOutDisable
 .text.R_CGC_LCDClockCfg
                0x00008d70       0xb4 ./synergy/ssp/src/driver/r_cgc/r_cgc.o
                0x00008d70                R_CGC_LCDClockCfg
 .text.R_CGC_LCDClockEnable
                0x00008e24       0x7c ./synergy/ssp/src/driver/r_cgc/r_cgc.o
                0x00008e24                R_CGC_LCDClockEnable
 .text.R_CGC_LCDClockDisable
                0x00008ea0       0x74 ./synergy/ssp/src/driver/r_cgc/r_cgc.o
                0x00008ea0                R_CGC_LCDClockDisable
 .text.R_CGC_SDADCClockCfg
                0x00008f14       0x78 ./synergy/ssp/src/driver/r_cgc/r_cgc.o
                0x00008f14                R_CGC_SDADCClockCfg
 .text.R_CGC_SDADCClockEnable
                0x00008f8c       0x40 ./synergy/ssp/src/driver/r_cgc/r_cgc.o
                0x00008f8c                R_CGC_SDADCClockEnable
 .text.R_CGC_SDADCClockDisable
                0x00008fcc       0x40 ./synergy/ssp/src/driver/r_cgc/r_cgc.o
                0x00008fcc                R_CGC_SDADCClockDisable
 .text.R_CGC_SDRAMClockOutEnable
                0x0000900c       0x34 ./synergy/ssp/src/driver/r_cgc/r_cgc.o
                0x0000900c                R_CGC_SDRAMClockOutEnable
 .text.R_CGC_SDRAMClockOutDisable
                0x00009040       0x34 ./synergy/ssp/src/driver/r_cgc/r_cgc.o
                0x00009040                R_CGC_SDRAMClockOutDisable
 .text.R_CGC_USBClockCfg
                0x00009074       0x40 ./synergy/ssp/src/driver/r_cgc/r_cgc.o
                0x00009074                R_CGC_USBClockCfg
 .text.R_CGC_SystickUpdate
                0x000090b4       0x98 ./synergy/ssp/src/driver/r_cgc/r_cgc.o
                0x000090b4                R_CGC_SystickUpdate
 .text.R_CGC_VersionGet
                0x0000914c       0x2c ./synergy/ssp/src/driver/r_cgc/r_cgc.o
                0x0000914c                R_CGC_VersionGet
 .text.r_cgc_stabilization_wait
                0x00009178       0x68 ./synergy/ssp/src/driver/r_cgc/r_cgc.o
 .text.r_cgc_clock_start_stop
                0x000091e0       0x68 ./synergy/ssp/src/driver/r_cgc/r_cgc.o
 .text.r_cgc_check_peripheral_clocks
                0x00009248       0x90 ./synergy/ssp/src/driver/r_cgc/r_cgc.o
 .text.r_cgc_subosc_mode_possible
                0x000092d8       0xd4 ./synergy/ssp/src/driver/r_cgc/r_cgc.o
 .text.r_cgc_low_speed_mode_possible
                0x000093ac       0x40 ./synergy/ssp/src/driver/r_cgc/r_cgc.o
 .text.r_cgc_operating_mode_set
                0x000093ec       0x98 ./synergy/ssp/src/driver/r_cgc/r_cgc.o
 .text.R_SSP_CurrentIrqGet
                0x00009484       0x34 ./synergy/ssp/src/driver/changed_src_files/r_motor.o
 .text.R_SSP_VectorInfoGet
                0x000094b8       0x2c ./synergy/ssp/src/driver/changed_src_files/r_motor.o
 .text.pwm_counter_overflow
                0x000094e4       0xf0 ./synergy/ssp/src/driver/changed_src_files/r_motor.o
                0x000094e4                pwm_counter_overflow
 .text.__NVIC_EnableIRQ
                0x000095d4       0x38 ./synergy/ssp/src/driver/changed_src_files/r_motor_bldc.o
 .text.__NVIC_ClearPendingIRQ
                0x0000960c       0x3c ./synergy/ssp/src/driver/changed_src_files/r_motor_bldc.o
 .text.__NVIC_SetPriority
                0x00009648       0x54 ./synergy/ssp/src/driver/changed_src_files/r_motor_bldc.o
 .text.R_SSP_VectorInfoGet
                0x0000969c       0x2c ./synergy/ssp/src/driver/changed_src_files/r_motor_bldc.o
 .text.HW_GPT_ModeSet
                0x000096c8       0x30 ./synergy/ssp/src/driver/changed_src_files/r_motor_bldc.o
 .text.HW_GPT_CounterStartStop
                0x000096f8       0x30 ./synergy/ssp/src/driver/changed_src_files/r_motor_bldc.o
 .text.HW_GPT_InterruptEnable
                0x00009728       0x30 ./synergy/ssp/src/driver/changed_src_files/r_motor_bldc.o
 .text.HW_GPT_InterruptDisable
                0x00009758       0x1c ./synergy/ssp/src/driver/changed_src_files/r_motor_bldc.o
 .text.HW_GPT_GTIOCRegLookup
                0x00009774       0x2c ./synergy/ssp/src/driver/changed_src_files/r_motor_bldc.o
 .text.HW_GPT_GTIOCPinLevelStoppedSet
                0x000097a0       0x34 ./synergy/ssp/src/driver/changed_src_files/r_motor_bldc.o
 .text.HW_GPT_GTIOCPinOutputEnable
                0x000097d4       0x34 ./synergy/ssp/src/driver/changed_src_files/r_motor_bldc.o
 .text.HW_GPT_GTIOCCycleEndOutputSet
                0x00009808       0x34 ./synergy/ssp/src/driver/changed_src_files/r_motor_bldc.o
 .text.HW_GPT_GTIOCCompareMatchOutputSet
                0x0000983c       0x34 ./synergy/ssp/src/driver/changed_src_files/r_motor_bldc.o
 .text.HW_GPT_GTIOCInitialOutputSet
                0x00009870       0x34 ./synergy/ssp/src/driver/changed_src_files/r_motor_bldc.o
 .text.HW_MTR_RegisterInit
                0x000098a4       0xb0 ./synergy/ssp/src/driver/changed_src_files/r_motor_bldc.o
 .text.change_pwm_duty
                0x00009954       0xe8 ./synergy/ssp/src/driver/changed_src_files/r_motor_bldc.o
                0x00009954                change_pwm_duty
 .text.motor_bldc_init
                0x00009a3c       0x5c ./synergy/ssp/src/driver/changed_src_files/r_motor_bldc.o
 .text.update_pwm
                0x00009a98      0x160 ./synergy/ssp/src/driver/changed_src_files/r_motor_bldc.o
 .text.commutate_svm
                0x00009bf8      0x268 ./synergy/ssp/src/driver/changed_src_files/r_motor_bldc.o
 .text.commutate_foc
                0x00009e60      0x2c4 ./synergy/ssp/src/driver/changed_src_files/r_motor_bldc.o
 .text.commutate_set
                0x0000a124       0xf4 ./synergy/ssp/src/driver/changed_src_files/r_motor_bldc.o
 .text.map_channels
                0x0000a218      0x100 ./synergy/ssp/src/driver/changed_src_files/r_motor_bldc.o
 .text.gpt_common_open
                0x0000a318      0x118 ./synergy/ssp/src/driver/changed_src_files/r_motor_bldc.o
 .text.gpt_set_pins
                0x0000a430       0x40 ./synergy/ssp/src/driver/changed_src_files/r_motor_bldc.o
 .text.gpt_set_pins_comp
                0x0000a470      0x114 ./synergy/ssp/src/driver/changed_src_files/r_motor_bldc.o
 .text.enable_dtc_elc
                0x0000a584      0x1d0 ./synergy/ssp/src/driver/changed_src_files/r_motor_bldc.o
 .text.R_Motor_BLDC_Open
                0x0000a754      0x2d8 ./synergy/ssp/src/driver/changed_src_files/r_motor_bldc.o
                0x0000a754                R_Motor_BLDC_Open
 *fill*         0x0000aa2c        0x4 ff
 .text.R_Motor_BLDC_Setup
                0x0000aa30       0xcc ./synergy/ssp/src/driver/changed_src_files/r_motor_bldc.o
                0x0000aa30                R_Motor_BLDC_Setup
 .text.R_Motor_BLDC_Control
                0x0000aafc      0x1c4 ./synergy/ssp/src/driver/changed_src_files/r_motor_bldc.o
                0x0000aafc                R_Motor_BLDC_Control
 .text.R_Motor_BLDC_InfoGet
                0x0000acc0       0x18 ./synergy/ssp/src/driver/changed_src_files/r_motor_bldc.o
                0x0000acc0                R_Motor_BLDC_InfoGet
 .text.R_Motor_BLDC_Close
                0x0000acd8      0x114 ./synergy/ssp/src/driver/changed_src_files/r_motor_bldc.o
                0x0000acd8                R_Motor_BLDC_Close
 .text.R_Motor_BLDC_VersionGet
                0x0000adec       0x24 ./synergy/ssp/src/driver/changed_src_files/r_motor_bldc.o
                0x0000adec                R_Motor_BLDC_VersionGet
 .text.R_BSP_CacheOff
                0x0000ae10       0x44 ./synergy/ssp/src/bsp/mcu/s5d3/bsp_cache.o
                0x0000ae10                R_BSP_CacheOff
 .text.R_BSP_CacheSet
                0x0000ae54       0x74 ./synergy/ssp/src/bsp/mcu/s5d3/bsp_cache.o
                0x0000ae54                R_BSP_CacheSet
 .text.bsp_clock_init
                0x0000aec8       0xd0 ./synergy/ssp/src/bsp/mcu/s5d3/bsp_clocks.o
                0x0000aec8                bsp_clock_init
 .text.bsp_cpu_clock_get
                0x0000af98       0x24 ./synergy/ssp/src/bsp/mcu/s5d3/bsp_clocks.o
                0x0000af98                bsp_cpu_clock_get
 .text.bsp_clocks_rom_wait_set
                0x0000afbc       0x38 ./synergy/ssp/src/bsp/mcu/s5d3/bsp_clocks.o
 .text.bsp_clocks_rom_wait_get
                0x0000aff4       0x20 ./synergy/ssp/src/bsp/mcu/s5d3/bsp_clocks.o
 .text.bsp_clocks_sram_wait_set
                0x0000b014       0x64 ./synergy/ssp/src/bsp/mcu/s5d3/bsp_clocks.o
 .text.bsp_clock_set_callback
                0x0000b078       0xa8 ./synergy/ssp/src/bsp/mcu/s5d3/bsp_clocks.o
                0x0000b078                bsp_clock_set_callback
 .text.R_BSP_FeatureSciGet
                0x0000b120       0x18 ./synergy/ssp/src/bsp/mcu/s5d3/bsp_feature.o
                0x0000b120                R_BSP_FeatureSciGet
 .text.R_BSP_FeatureIoportGet
                0x0000b138       0x28 ./synergy/ssp/src/bsp/mcu/s5d3/bsp_feature.o
                0x0000b138                R_BSP_FeatureIoportGet
 .text.R_BSP_FeatureCgcGet
                0x0000b160       0x1c ./synergy/ssp/src/bsp/mcu/s5d3/bsp_feature.o
                0x0000b160                R_BSP_FeatureCgcGet
 .text.bsp_group_interrupt_open
                0x0000b17c       0x30 ./synergy/ssp/src/bsp/mcu/s5d3/bsp_group_irq.o
                0x0000b17c                bsp_group_interrupt_open
 .text.bsp_group_irq_call
                0x0000b1ac       0x3c ./synergy/ssp/src/bsp/mcu/s5d3/bsp_group_irq.o
                0x0000b1ac                bsp_group_irq_call
 .text.R_BSP_GroupIrqWrite
                0x0000b1e8       0x40 ./synergy/ssp/src/bsp/mcu/s5d3/bsp_group_irq.o
                0x0000b1e8                R_BSP_GroupIrqWrite
 .text.NMI_Handler
                0x0000b228      0x1c0 ./synergy/ssp/src/bsp/mcu/s5d3/bsp_group_irq.o
                0x0000b228                NMI_Handler
 .text.R_BSP_ModuleStop
                0x0000b3e8       0x1c ./synergy/ssp/src/bsp/mcu/s5d3/bsp_module_stop.o
                0x0000b3e8                R_BSP_ModuleStop
 .text.R_BSP_ModuleStart
                0x0000b404       0x1c ./synergy/ssp/src/bsp/mcu/s5d3/bsp_module_stop.o
                0x0000b404                R_BSP_ModuleStart
 .text.r_bsp_module_start_stop
                0x0000b420       0xe4 ./synergy/ssp/src/bsp/mcu/s5d3/bsp_module_stop.o
 .text.r_bsp_get_mstp_mask
                0x0000b504       0x90 ./synergy/ssp/src/bsp/mcu/s5d3/bsp_module_stop.o
 .text.R_BSP_LedsGet
                0x0000b594       0x30 ./synergy/ssp/src/bsp/mcu/all/bsp_common_leds.o
                0x0000b594                R_BSP_LedsGet
 .text.R_BSP_IrqStatusClear
                0x0000b5c4       0x34 ./synergy/ssp/src/bsp/mcu/all/bsp_irq.o
                0x0000b5c4                R_BSP_IrqStatusClear
 .text.bsp_irq_cfg
                0x0000b5f8       0x60 ./synergy/ssp/src/bsp/mcu/all/bsp_irq.o
                0x0000b5f8                bsp_irq_cfg
 .text.R_BSP_SoftwareLock
                0x0000b658       0x20 ./synergy/ssp/src/bsp/mcu/all/bsp_locking.o
                0x0000b658                R_BSP_SoftwareLock
 .text.r_bsp_software_lock_cm4
                0x0000b678       0x70 ./synergy/ssp/src/bsp/mcu/all/bsp_locking.o
 .text.R_BSP_SoftwareUnlock
                0x0000b6e8       0x18 ./synergy/ssp/src/bsp/mcu/all/bsp_locking.o
                0x0000b6e8                R_BSP_SoftwareUnlock
 .text.R_BSP_HardwareLock
                0x0000b700       0x5c ./synergy/ssp/src/bsp/mcu/all/bsp_locking.o
                0x0000b700                R_BSP_HardwareLock
 .text.R_BSP_HardwareUnlock
                0x0000b75c       0x54 ./synergy/ssp/src/bsp/mcu/all/bsp_locking.o
                0x0000b75c                R_BSP_HardwareUnlock
 .text.bsp_init_hardware_locks
                0x0000b7b0       0x64 ./synergy/ssp/src/bsp/mcu/all/bsp_locking.o
                0x0000b7b0                bsp_init_hardware_locks
 .text.R_BSP_RegisterProtectEnable
                0x0000b814       0x9c ./synergy/ssp/src/bsp/mcu/all/bsp_register_protection.o
                0x0000b814                R_BSP_RegisterProtectEnable
 .text.R_BSP_RegisterProtectDisable
                0x0000b8b0       0x88 ./synergy/ssp/src/bsp/mcu/all/bsp_register_protection.o
                0x0000b8b0                R_BSP_RegisterProtectDisable
 .text.bsp_register_protect_open
                0x0000b938       0x30 ./synergy/ssp/src/bsp/mcu/all/bsp_register_protection.o
                0x0000b938                bsp_register_protect_open
 .text.Reset_Handler
                0x0000b968       0x10 ./synergy/ssp/src/bsp/cmsis/Device/RENESAS/S5D3/Source/startup_S5D3.o
                0x0000b968                Reset_Handler
 .text.Default_Handler
                0x0000b978       0x10 ./synergy/ssp/src/bsp/cmsis/Device/RENESAS/S5D3/Source/startup_S5D3.o
                0x0000b978                HardFault_Handler
                0x0000b978                UsageFault_Handler
                0x0000b978                Default_Handler
                0x0000b978                MemManage_Handler
                0x0000b978                SVC_Handler
                0x0000b978                BusFault_Handler
                0x0000b978                DebugMon_Handler
 .text.HW_IOPORT_Init_Reference_Counter
                0x0000b988       0x18 ./synergy/ssp/src/bsp/cmsis/Device/RENESAS/S5D3/Source/system_S5D3.o
 .text.SystemCoreClockUpdate
                0x0000b9a0       0x14 ./synergy/ssp/src/bsp/cmsis/Device/RENESAS/S5D3/Source/system_S5D3.o
                0x0000b9a0                SystemCoreClockUpdate
 .text.SystemInit
                0x0000b9b4       0xdc ./synergy/ssp/src/bsp/cmsis/Device/RENESAS/S5D3/Source/system_S5D3.o
                0x0000b9b4                SystemInit
 .text.bsp_section_zero
                0x0000ba90       0x2c ./synergy/ssp/src/bsp/cmsis/Device/RENESAS/S5D3/Source/system_S5D3.o
 .text.bsp_section_copy
                0x0000babc       0x40 ./synergy/ssp/src/bsp/cmsis/Device/RENESAS/S5D3/Source/system_S5D3.o
 .text.R_BSP_WarmStart
                0x0000bafc       0x14 ./synergy/ssp/src/bsp/cmsis/Device/RENESAS/S5D3/Source/system_S5D3.o
                0x0000bafc                R_BSP_WarmStart
 .text.bsp_init
                0x0000bb10       0x14 ./synergy/board/s5d3_tb/bsp_init.o
                0x0000bb10                bsp_init
 .text.g_common_init
                0x0000bb24        0xc ./src/synergy_gen/common_data.o
                0x0000bb24                g_common_init
 .text.g_hal_init
                0x0000bb30        0xc ./src/synergy_gen/hal_data.o
                0x0000bb30                g_hal_init
 .text.tx_application_define_internal
                0x0000bb3c       0x14 ./src/synergy_gen/main.o
                0x0000bb3c                tx_application_define_user
                0x0000bb3c                tx_application_define_internal
 .text.tx_application_define
                0x0000bb50       0x58 ./src/synergy_gen/main.o
                0x0000bb50                tx_application_define
 .text.tx_startup_err_callback_internal
                0x0000bba8       0x18 ./src/synergy_gen/main.o
                0x0000bba8                tx_startup_err_callback_internal
                0x0000bba8                tx_startup_err_callback
 .text.tx_startup_common_init
                0x0000bbc0       0x80 ./src/synergy_gen/main.o
                0x0000bbc0                tx_startup_common_init
 .text.main     0x0000bc40       0x10 ./src/synergy_gen/main.o
                0x0000bc40                main
 .text.motion_thread_create
                0x0000bc50       0x64 ./src/synergy_gen/motion_thread.o
                0x0000bc50                motion_thread_create
 .text.motion_thread_func
                0x0000bcb4       0x5c ./src/synergy_gen/motion_thread.o
 .text.pwm_ctrl_thread_create
                0x0000bd10       0x64 ./src/synergy_gen/pwm_ctrl_thread.o
                0x0000bd10                pwm_ctrl_thread_create
 .text.pwm_ctrl_thread_func
                0x0000bd74       0x18 ./src/synergy_gen/pwm_ctrl_thread.o
 .text.g_sf_uart_err_callback_internal
                0x0000bd8c       0x18 ./src/synergy_gen/uart_thread.o
                0x0000bd8c                g_sf_uart_err_callback_internal
                0x0000bd8c                g_sf_uart_err_callback
 .text.sf_comms_init0
                0x0000bda4       0x40 ./src/synergy_gen/uart_thread.o
                0x0000bda4                sf_comms_init0
 .text.uart_thread_create
                0x0000bde4       0x64 ./src/synergy_gen/uart_thread.o
                0x0000bde4                uart_thread_create
 .text.uart_thread_func
                0x0000be48       0x1c ./src/synergy_gen/uart_thread.o
 .text.m_state  0x0000be64       0x34 ./src/mc/changed_mc/m_commands.o
                0x0000be64                m_state
 .text.m_pos_error
                0x0000be98       0x34 ./src/mc/changed_mc/m_commands.o
                0x0000be98                m_pos_error
 .text.m_adc1   0x0000becc       0x3c ./src/mc/changed_mc/m_commands.o
                0x0000becc                m_adc1
 .text.m_adc2   0x0000bf08       0x3c ./src/mc/changed_mc/m_commands.o
                0x0000bf08                m_adc2
 .text.m_total_current
                0x0000bf44       0x74 ./src/mc/changed_mc/m_commands.o
                0x0000bf44                m_total_current
 .text.m_crnt_vel
                0x0000bfb8       0x24 ./src/mc/changed_mc/m_commands.o
                0x0000bfb8                m_crnt_vel
 .text.m_vel    0x0000bfdc       0x38 ./src/mc/changed_mc/m_commands.o
                0x0000bfdc                m_vel
 .text.m_acc    0x0000c014       0x38 ./src/mc/changed_mc/m_commands.o
                0x0000c014                m_acc
 .text.m_dec    0x0000c04c       0x38 ./src/mc/changed_mc/m_commands.o
                0x0000c04c                m_dec
 .text.m_ajerk  0x0000c084       0x38 ./src/mc/changed_mc/m_commands.o
                0x0000c084                m_ajerk
 .text.m_djerk  0x0000c0bc       0x38 ./src/mc/changed_mc/m_commands.o
                0x0000c0bc                m_djerk
 .text.m_profile
                0x0000c0f4       0x3c ./src/mc/changed_mc/m_commands.o
                0x0000c0f4                m_profile
 .text.m_kp     0x0000c130       0x40 ./src/mc/changed_mc/m_commands.o
                0x0000c130                m_kp
 .text.m_ki     0x0000c170       0x40 ./src/mc/changed_mc/m_commands.o
                0x0000c170                m_ki
 .text.m_kd     0x0000c1b0       0x40 ./src/mc/changed_mc/m_commands.o
                0x0000c1b0                m_kd
 .text.m_il     0x0000c1f0       0x40 ./src/mc/changed_mc/m_commands.o
                0x0000c1f0                m_il
 .text.m_vff    0x0000c230       0x40 ./src/mc/changed_mc/m_commands.o
                0x0000c230                m_vff
 .text.m_aff    0x0000c270       0x40 ./src/mc/changed_mc/m_commands.o
                0x0000c270                m_aff
 .text.m_ds     0x0000c2b0       0x68 ./src/mc/changed_mc/m_commands.o
                0x0000c2b0                m_ds
 .text.m_bias   0x0000c318       0x40 ./src/mc/changed_mc/m_commands.o
                0x0000c318                m_bias
 .text.m_mlimit
                0x0000c358       0x40 ./src/mc/changed_mc/m_commands.o
                0x0000c358                m_mlimit
 .text.m_max_error
                0x0000c398       0x40 ./src/mc/changed_mc/m_commands.o
                0x0000c398                m_max_error
 .text.m_err_time
                0x0000c3d8       0x40 ./src/mc/changed_mc/m_commands.o
                0x0000c3d8                m_err_time
 .text.m_astop  0x0000c418       0x3c ./src/mc/changed_mc/m_commands.o
                0x0000c418                m_astop
 .text.m_phasing_mode
                0x0000c454       0x40 ./src/mc/changed_mc/m_commands.o
                0x0000c454                m_phasing_mode
 .text.m_phasing_time
                0x0000c494       0x38 ./src/mc/changed_mc/m_commands.o
                0x0000c494                m_phasing_time
 .text.m_phasing_power
                0x0000c4cc       0x40 ./src/mc/changed_mc/m_commands.o
                0x0000c4cc                m_phasing_power
 .text.m_phase_config
                0x0000c50c       0x44 ./src/mc/changed_mc/m_commands.o
                0x0000c50c                m_phase_config
 .text.m_phase_origin
                0x0000c550       0x40 ./src/mc/changed_mc/m_commands.o
                0x0000c550                m_phase_origin
 .text.m_phase_offset
                0x0000c590       0x40 ./src/mc/changed_mc/m_commands.o
                0x0000c590                m_phase_offset
 .text.m_phase_angle
                0x0000c5d0       0x40 ./src/mc/changed_mc/m_commands.o
                0x0000c5d0                m_phase_angle
 .text.m_phase_adv_gain
                0x0000c610       0x40 ./src/mc/changed_mc/m_commands.o
                0x0000c610                m_phase_adv_gain
 .text.m_phase_vel_comp
                0x0000c650       0x40 ./src/mc/changed_mc/m_commands.o
                0x0000c650                m_phase_vel_comp
 .text.m_phase_sector
                0x0000c690       0x44 ./src/mc/changed_mc/m_commands.o
                0x0000c690                m_phase_sector
 .text.m_motor_type
                0x0000c6d4       0x44 ./src/mc/changed_mc/m_commands.o
                0x0000c6d4                m_motor_type
 .text.m_commutation_mode
                0x0000c718       0x54 ./src/mc/changed_mc/m_commands.o
                0x0000c718                m_commutation_mode
 .text.m_freq   0x0000c76c       0x44 ./src/mc/changed_mc/m_commands.o
                0x0000c76c                m_freq
 .text.m_pole_pairs
                0x0000c7b0       0x44 ./src/mc/changed_mc/m_commands.o
                0x0000c7b0                m_pole_pairs
 .text.m_ec_per_ecycle
                0x0000c7f4       0x40 ./src/mc/changed_mc/m_commands.o
                0x0000c7f4                m_ec_per_ecycle
 .text.m_tc_limit
                0x0000c834       0x44 ./src/mc/changed_mc/m_commands.o
                0x0000c834                m_tc_limit
 .text.m_tc_limit_time
                0x0000c878       0x44 ./src/mc/changed_mc/m_commands.o
                0x0000c878                m_tc_limit_time
 .text.m_pc_limit
                0x0000c8bc       0x28 ./src/mc/changed_mc/m_commands.o
                0x0000c8bc                m_pc_limit
 .text.m_pc_limit_time
                0x0000c8e4       0x28 ./src/mc/changed_mc/m_commands.o
                0x0000c8e4                m_pc_limit_time
 .text.m_foc_id
                0x0000c90c       0x44 ./src/mc/changed_mc/m_commands.o
                0x0000c90c                m_foc_id
 .text.m_foc_iq
                0x0000c950       0x44 ./src/mc/changed_mc/m_commands.o
                0x0000c950                m_foc_iq
 .text.m_foc_iq_err
                0x0000c994       0x44 ./src/mc/changed_mc/m_commands.o
                0x0000c994                m_foc_iq_err
 .text.m_foc_id_err
                0x0000c9d8       0x44 ./src/mc/changed_mc/m_commands.o
                0x0000c9d8                m_foc_id_err
 .text.m_foc_kp
                0x0000ca1c       0x44 ./src/mc/changed_mc/m_commands.o
                0x0000ca1c                m_foc_kp
 .text.m_foc_ki
                0x0000ca60       0x44 ./src/mc/changed_mc/m_commands.o
                0x0000ca60                m_foc_ki
 .text.m_foc_qgain
                0x0000caa4       0x40 ./src/mc/changed_mc/m_commands.o
                0x0000caa4                m_foc_qgain
 .text.m_outputIQ
                0x0000cae4       0x48 ./src/mc/changed_mc/m_commands.o
                0x0000cae4                m_outputIQ
 .text.m_outputID
                0x0000cb2c       0x48 ./src/mc/changed_mc/m_commands.o
                0x0000cb2c                m_outputID
 .text.m_phase_voltage_U
                0x0000cb74       0x68 ./src/mc/changed_mc/m_commands.o
                0x0000cb74                m_phase_voltage_U
 .text.m_phase_voltage_V
                0x0000cbdc       0x68 ./src/mc/changed_mc/m_commands.o
                0x0000cbdc                m_phase_voltage_V
 .text.m_phase_voltage_W
                0x0000cc44       0x68 ./src/mc/changed_mc/m_commands.o
                0x0000cc44                m_phase_voltage_W
 .text.m_encoderType
                0x0000ccac       0x30 ./src/mc/changed_mc/m_commands.o
                0x0000ccac                m_encoderType
 .text.m_pos_capture_mode
                0x0000ccdc       0x1c ./src/mc/changed_mc/m_commands.o
                0x0000ccdc                m_pos_capture_mode
 .text.m_pos_hallchange
                0x0000ccf8       0x30 ./src/mc/changed_mc/m_commands.o
                0x0000ccf8                m_pos_hallchange
 .text.m_halls_invert
                0x0000cd28       0xdc ./src/mc/changed_mc/m_commands.o
                0x0000cd28                m_halls_invert
 .text.m_halls_shift
                0x0000ce04       0x48 ./src/mc/changed_mc/m_commands.o
                0x0000ce04                m_halls_shift
 .text.m_pos_invert
                0x0000ce4c       0x4c ./src/mc/changed_mc/m_commands.o
                0x0000ce4c                m_pos_invert
 .text.m_ec_per_rev
                0x0000ce98       0x40 ./src/mc/changed_mc/m_commands.o
                0x0000ce98                m_ec_per_rev
 .text.m_abs    0x0000ced8       0x50 ./src/mc/changed_mc/m_commands.o
                0x0000ced8                m_abs
 .text.m_rel    0x0000cf28       0x48 ./src/mc/changed_mc/m_commands.o
                0x0000cf28                m_rel
 .text.m_position
                0x0000cf70       0x4c ./src/mc/changed_mc/m_commands.o
                0x0000cf70                m_position
 .text.m_index  0x0000cfbc       0x5c ./src/mc/changed_mc/m_commands.o
                0x0000cfbc                m_index
 .text.m_go     0x0000d018       0x38 ./src/mc/changed_mc/m_commands.o
                0x0000d018                m_go
 .text.m_forward
                0x0000d050       0x3c ./src/mc/changed_mc/m_commands.o
                0x0000d050                m_forward
 .text.m_reverse
                0x0000d08c       0x40 ./src/mc/changed_mc/m_commands.o
                0x0000d08c                m_reverse
 .text.m_powerOn
                0x0000d0cc       0x2c ./src/mc/changed_mc/m_commands.o
                0x0000d0cc                m_powerOn
 .text.m_powerOff
                0x0000d0f8       0x2c ./src/mc/changed_mc/m_commands.o
                0x0000d0f8                m_powerOff
 .text.m_servoOn
                0x0000d124       0x2c ./src/mc/changed_mc/m_commands.o
                0x0000d124                m_servoOn
 .text.m_smoothStop
                0x0000d150       0x28 ./src/mc/changed_mc/m_commands.o
                0x0000d150                m_smoothStop
 .text.m_abruptStop
                0x0000d178       0x28 ./src/mc/changed_mc/m_commands.o
                0x0000d178                m_abruptStop
 .text.m_alignPhase
                0x0000d1a0       0x44 ./src/mc/changed_mc/m_commands.o
                0x0000d1a0                m_alignPhase
 .text.m_inputs
                0x0000d1e4       0x58 ./src/mc/changed_mc/m_commands.o
                0x0000d1e4                m_inputs
 .text.m_auto_brake
                0x0000d23c       0x48 ./src/mc/changed_mc/m_commands.o
                0x0000d23c                m_auto_brake
 .text.m_reset  0x0000d284       0x1c ./src/mc/changed_mc/m_commands.o
                0x0000d284                m_reset
 .text.m_version
                0x0000d2a0       0x28 ./src/mc/changed_mc/m_commands.o
                0x0000d2a0                m_version
 .text.m_save   0x0000d2c8       0x1c ./src/mc/changed_mc/m_commands.o
                0x0000d2c8                m_save
 .text.m_restore
                0x0000d2e4       0x1c ./src/mc/changed_mc/m_commands.o
                0x0000d2e4                m_restore
 .text.m_trace_mode
                0x0000d300       0x40 ./src/mc/changed_mc/m_commands.o
                0x0000d300                m_trace_mode
 .text.m_trace_rate_mult
                0x0000d340       0x40 ./src/mc/changed_mc/m_commands.o
                0x0000d340                m_trace_rate_mult